<html>
<body>
<pre>
<h1>µVision Build Log</h1>
<h2>Tool Versions:</h2>
IDE-Version: µVision V5.39.0.0
Copyright (C) 2023 ARM Ltd and ARM Germany GmbH. All rights reserved.
License Information: Diego Rodriguez Fuertes, Normagrup S.L., LIC=42BTB-LKBR8-KE0H3-NB2QC-95MI8-35TFM
 
Tool Versions:
Toolchain:       MDK-ARM Community  Version: 5.39.0.0
Toolchain Path:  C:\Program Files (x86)\Keil\ARM\ARMCLANG\Bin
C Compiler:      ArmClang.exe V6.21
Assembler:       Armasm.exe V6.21
Linker/Locator:  ArmLink.exe V6.21
Library Manager: ArmAr.exe V6.21
Hex Converter:   FromElf.exe V6.21
CPU DLL:         SARMCM3.DLL V5.39.0.0
Dialog DLL:      DCM.DLL V1.17.5.0
Target DLL:      UL2CM3.DLL V1.164.9.0
Dialog DLL:      TCM.DLL V1.56.4.0
 
<h2>Project:</h2>
C:\Users\d.rodriguez\Desktop\FS2025 Temperature Reading STM32F4 Application\FS2025 Temperature Reading STM32F4 Application\MDK-ARM\Application.uvprojx
Project File Date:  06/12/2025

<h2>Output:</h2>
*** Using Compiler 'V6.21', folder: 'C:\Program Files (x86)\Keil\ARM\ARMCLANG\Bin'
Build target 'Application'
compiling Control_Unit.c...
compiling Can_Bus.c...
compiling MCU.c...
compiling Common_Functions.c...
compiling main.c...
compiling Battery_Pack_Control_Unit.c...
compiling stm32f4xx_hal_msp.c...
compiling stm32f4xx_it.c...
compiling State_LEDs.c...
compiling STM32F4.c...
compiling LTC6811.c...
assembling startup_stm32f405xx.s...
compiling system_stm32f4xx.c...
compiling stm32f4xx_ll_adc.c...
compiling stm32f4xx_hal_adc_ex.c...
compiling stm32f4xx_hal_adc.c...
compiling stm32f4xx_hal_flash.c...
compiling stm32f4xx_hal_rcc_ex.c...
compiling stm32f4xx_hal_flash_ramfunc.c...
compiling stm32f4xx_hal_flash_ex.c...
compiling stm32f4xx_hal_rcc.c...
compiling stm32f4xx_hal_dma_ex.c...
compiling stm32f4xx_hal_gpio.c...
compiling stm32f4xx_hal_pwr.c...
compiling stm32f4xx_hal_dma.c...
compiling stm32f4xx_hal_pwr_ex.c...
compiling stm32f4xx_hal_cortex.c...
compiling stm32f4xx_hal.c...
compiling stm32f4xx_hal_exti.c...
compiling stm32f4xx_hal_can.c...
compiling stm32f4xx_hal_iwdg.c...
compiling stm32f4xx_hal_rtc.c...
compiling stm32f4xx_hal_rtc_ex.c...
compiling stm32f4xx_hal_tim_ex.c...
compiling stm32f4xx_hal_spi.c...
compiling stm32f4xx_hal_tim.c...
linking...
Program Size: Code=8392 RO-data=440 RW-data=12 ZI-data=2516  
FromELF: creating hex file...
"FS2024_CUBE\Application.axf" - 0 Error(s), 0 Warning(s).

<h2>Software Packages used:</h2>

Package Vendor: Keil
                https://www.keil.com/pack/Keil.STM32F4xx_DFP.2.17.1.pack
                Keil::STM32F4xx_DFP@2.17.1
                STMicroelectronics STM32F4 Series Device Support, Drivers and Examples

<h2>Collection of Component include folders:</h2>
  C:/Users/d.rodriguez/AppData/Local/Arm/Packs/Keil/STM32F4xx_DFP/2.17.1/Drivers/CMSIS/Device/ST/STM32F4xx/Include

<h2>Collection of Component Files used:</h2>
Build Time Elapsed:  00:00:03
</pre>
</body>
</html>
