Component: Arm Compiler for Embedded 6.22 Tool: armlink [5ee90200]

==============================================================================

Section Cross References

    main.o(.text.main) refers to control_unit.o(.text.Control_Unit_MCU_Init) for Control_Unit_MCU_Init
    main.o(.text.main) refers to control_unit.o(.text.Control_Unit_Init) for Control_Unit_Init
    main.o(.text.main) refers to control_unit.o(.text.Control_Unit_Main_Task) for Control_Unit_Main_Task
    main.o(.ARM.exidx.text.main) refers to main.o(.text.main) for [Anonymous Symbol]
    control_unit.o(.text.Control_Unit_MCU_Init) refers to battery_pack_control_unit.o(.text.Battery_Pack_Control_Unit_MCU_Init) for Battery_Pack_Control_Unit_MCU_Init
    control_unit.o(.ARM.exidx.text.Control_Unit_MCU_Init) refers to control_unit.o(.text.Control_Unit_MCU_Init) for [Anonymous Symbol]
    control_unit.o(.text.Control_Unit_Init) refers to battery_pack_control_unit.o(.text.Battery_Pack_Control_Unit_Init) for Battery_Pack_Control_Unit_Init
    control_unit.o(.text.Control_Unit_Init) refers to control_unit.o(.bss.CONTROL_UNIT) for CONTROL_UNIT
    control_unit.o(.ARM.exidx.text.Control_Unit_Init) refers to control_unit.o(.text.Control_Unit_Init) for [Anonymous Symbol]
    control_unit.o(.text.Control_Unit_Main_Task) refers to battery_pack_control_unit.o(.text.Battery_Pack_Control_Unit_Main_Task) for Battery_Pack_Control_Unit_Main_Task
    control_unit.o(.text.Control_Unit_Main_Task) refers to control_unit.o(.bss.CONTROL_UNIT) for CONTROL_UNIT
    control_unit.o(.ARM.exidx.text.Control_Unit_Main_Task) refers to control_unit.o(.text.Control_Unit_Main_Task) for [Anonymous Symbol]
    control_unit.o(.text.Control_Unit_Timer_10ms_Interrupt) refers to battery_pack_control_unit.o(.text.Battery_Pack_Control_Unit_10ms_Interrupt) for Battery_Pack_Control_Unit_10ms_Interrupt
    control_unit.o(.text.Control_Unit_Timer_10ms_Interrupt) refers to control_unit.o(.bss.CONTROL_UNIT) for CONTROL_UNIT
    control_unit.o(.ARM.exidx.text.Control_Unit_Timer_10ms_Interrupt) refers to control_unit.o(.text.Control_Unit_Timer_10ms_Interrupt) for [Anonymous Symbol]
    control_unit.o(.text.Control_Unit_CAN1_Interrupt) refers to battery_pack_control_unit.o(.text.Battery_Pack_Control_Unit_CAN1_Interrupt) for Battery_Pack_Control_Unit_CAN1_Interrupt
    control_unit.o(.text.Control_Unit_CAN1_Interrupt) refers to control_unit.o(.bss.CONTROL_UNIT) for CONTROL_UNIT
    control_unit.o(.ARM.exidx.text.Control_Unit_CAN1_Interrupt) refers to control_unit.o(.text.Control_Unit_CAN1_Interrupt) for [Anonymous Symbol]
    battery_pack_control_unit.o(.text.Battery_Pack_Control_Unit_MCU_Init) refers to mcu.o(.text.MCU_Init) for MCU_Init
    battery_pack_control_unit.o(.ARM.exidx.text.Battery_Pack_Control_Unit_MCU_Init) refers to battery_pack_control_unit.o(.text.Battery_Pack_Control_Unit_MCU_Init) for [Anonymous Symbol]
    battery_pack_control_unit.o(.text.Battery_Pack_Control_Unit_Read_Memory_Init) refers to mcu.o(.text.MCU_Flash_Read_Word) for MCU_Flash_Read_Word
    battery_pack_control_unit.o(.ARM.exidx.text.Battery_Pack_Control_Unit_Read_Memory_Init) refers to battery_pack_control_unit.o(.text.Battery_Pack_Control_Unit_Read_Memory_Init) for [Anonymous Symbol]
    battery_pack_control_unit.o(.text.Battery_Pack_Control_Unit_Init_Values) refers to battery_pack_control_unit.o(.text.Battery_Pack_Control_Unit_Read_Memory_Init) for Battery_Pack_Control_Unit_Read_Memory_Init
    battery_pack_control_unit.o(.ARM.exidx.text.Battery_Pack_Control_Unit_Init_Values) refers to battery_pack_control_unit.o(.text.Battery_Pack_Control_Unit_Init_Values) for [Anonymous Symbol]
    battery_pack_control_unit.o(.text.Battery_Pack_Control_Unit_Init) refers to state_leds.o(.text.State_LEDs_Init) for State_LEDs_Init
    battery_pack_control_unit.o(.text.Battery_Pack_Control_Unit_Init) refers to battery_pack_control_unit.o(.text.Battery_Pack_Control_Unit_Init_Values) for Battery_Pack_Control_Unit_Init_Values
    battery_pack_control_unit.o(.text.Battery_Pack_Control_Unit_Init) refers to common_functions.o(.text.Timer_10ms_Start) for Timer_10ms_Start
    battery_pack_control_unit.o(.text.Battery_Pack_Control_Unit_Init) refers to ltc6811_dual.o(.text.LTC6811_Init_1) for LTC6811_Init_1
    battery_pack_control_unit.o(.text.Battery_Pack_Control_Unit_Init) refers to ltc6811_dual.o(.text.LTC6811_Init_2) for LTC6811_Init_2
    battery_pack_control_unit.o(.text.Battery_Pack_Control_Unit_Init) refers to common_functions.o(.text.Timer_10ms_Init) for Timer_10ms_Init
    battery_pack_control_unit.o(.ARM.exidx.text.Battery_Pack_Control_Unit_Init) refers to battery_pack_control_unit.o(.text.Battery_Pack_Control_Unit_Init) for [Anonymous Symbol]
    battery_pack_control_unit.o(.ARM.exidx.text.Generate_Status_Message) refers to battery_pack_control_unit.o(.text.Generate_Status_Message) for [Anonymous Symbol]
[...]
    OTG_FS_IRQHandler                        0x08000277   Thumb Code     0  startup_stm32f405xx.o(.text)
    OTG_FS_WKUP_IRQHandler                   0x08000277   Thumb Code     0  startup_stm32f405xx.o(.text)
    OTG_HS_EP1_IN_IRQHandler                 0x08000277   Thumb Code     0  startup_stm32f405xx.o(.text)
    OTG_HS_EP1_OUT_IRQHandler                0x08000277   Thumb Code     0  startup_stm32f405xx.o(.text)
    OTG_HS_IRQHandler                        0x08000277   Thumb Code     0  startup_stm32f405xx.o(.text)
    OTG_HS_WKUP_IRQHandler                   0x08000277   Thumb Code     0  startup_stm32f405xx.o(.text)
    PVD_IRQHandler                           0x08000277   Thumb Code     0  startup_stm32f405xx.o(.text)
    RCC_IRQHandler                           0x08000277   Thumb Code     0  startup_stm32f405xx.o(.text)
    RTC_Alarm_IRQHandler                     0x08000277   Thumb Code     0  startup_stm32f405xx.o(.text)
    RTC_WKUP_IRQHandler                      0x08000277   Thumb Code     0  startup_stm32f405xx.o(.text)
    SDIO_IRQHandler                          0x08000277   Thumb Code     0  startup_stm32f405xx.o(.text)
    SPI1_IRQHandler                          0x08000277   Thumb Code     0  startup_stm32f405xx.o(.text)
    SPI2_IRQHandler                          0x08000277   Thumb Code     0  startup_stm32f405xx.o(.text)
    SPI3_IRQHandler                          0x08000277   Thumb Code     0  startup_stm32f405xx.o(.text)
    TAMP_STAMP_IRQHandler                    0x08000277   Thumb Code     0  startup_stm32f405xx.o(.text)
    TIM1_BRK_TIM9_IRQHandler                 0x08000277   Thumb Code     0  startup_stm32f405xx.o(.text)
    TIM1_CC_IRQHandler                       0x08000277   Thumb Code     0  startup_stm32f405xx.o(.text)
    TIM1_TRG_COM_TIM11_IRQHandler            0x08000277   Thumb Code     0  startup_stm32f405xx.o(.text)
    TIM1_UP_TIM10_IRQHandler                 0x08000277   Thumb Code     0  startup_stm32f405xx.o(.text)
    TIM2_IRQHandler                          0x08000277   Thumb Code     0  startup_stm32f405xx.o(.text)
    TIM3_IRQHandler                          0x08000277   Thumb Code     0  startup_stm32f405xx.o(.text)
    TIM4_IRQHandler                          0x08000277   Thumb Code     0  startup_stm32f405xx.o(.text)
    TIM5_IRQHandler                          0x08000277   Thumb Code     0  startup_stm32f405xx.o(.text)
    TIM6_DAC_IRQHandler                      0x08000277   Thumb Code     0  startup_stm32f405xx.o(.text)
    TIM8_BRK_TIM12_IRQHandler                0x08000277   Thumb Code     0  startup_stm32f405xx.o(.text)
    TIM8_CC_IRQHandler                       0x08000277   Thumb Code     0  startup_stm32f405xx.o(.text)
    TIM8_TRG_COM_TIM14_IRQHandler            0x08000277   Thumb Code     0  startup_stm32f405xx.o(.text)
    TIM8_UP_TIM13_IRQHandler                 0x08000277   Thumb Code     0  startup_stm32f405xx.o(.text)
    UART4_IRQHandler                         0x08000277   Thumb Code     0  startup_stm32f405xx.o(.text)
    UART5_IRQHandler                         0x08000277   Thumb Code     0  startup_stm32f405xx.o(.text)
    USART1_IRQHandler                        0x08000277   Thumb Code     0  startup_stm32f405xx.o(.text)
    USART2_IRQHandler                        0x08000277   Thumb Code     0  startup_stm32f405xx.o(.text)
    USART3_IRQHandler                        0x08000277   Thumb Code     0  startup_stm32f405xx.o(.text)
    USART6_IRQHandler                        0x08000277   Thumb Code     0  startup_stm32f405xx.o(.text)
    WWDG_IRQHandler                          0x08000277   Thumb Code     0  startup_stm32f405xx.o(.text)
    __user_initial_stackheap                 0x08000279   Thumb Code     0  startup_stm32f405xx.o(.text)
    malloc                                   0x0800029d   Thumb Code    94  h1_alloc.o(.text)
    free                                     0x080002fb   Thumb Code    78  h1_free.o(.text)
    __aeabi_uldivmod                         0x08000349   Thumb Code     0  lludivv7m.o(.text)
    _ll_udiv                                 0x08000349   Thumb Code   240  lludivv7m.o(.text)
    __aeabi_memclr4                          0x08000439   Thumb Code     0  rt_memclr_w.o(.text)
    __aeabi_memclr8                          0x08000439   Thumb Code     0  rt_memclr_w.o(.text)
    __rt_memclr_w                            0x08000439   Thumb Code     0  rt_memclr_w.o(.text)
    _memset_w                                0x0800043d   Thumb Code    74  rt_memclr_w.o(.text)
    __use_two_region_memory                  0x08000487   Thumb Code     2  heapauxi.o(.text)
    __rt_heap_escrow                         0x08000489   Thumb Code     2  heapauxi.o(.text)
    __rt_heap_expand                         0x0800048b   Thumb Code     2  heapauxi.o(.text)
    __rt_heap_descriptor                     0x0800048d   Thumb Code     8  rt_heap_descriptor_intlibspace.o(.text)
    __use_no_heap                            0x08000495   Thumb Code     2  hguard.o(.text)
    __heap$guard                             0x08000497   Thumb Code     2  hguard.o(.text)
    _terminate_user_alloc                    0x08000499   Thumb Code     2  init_alloc.o(.text)
    _init_user_alloc                         0x0800049b   Thumb Code     2  init_alloc.o(.text)
    __Heap_Full                              0x0800049d   Thumb Code    34  init_alloc.o(.text)
    __Heap_Broken                            0x080004bf   Thumb Code     6  init_alloc.o(.text)
    _init_alloc                              0x080004c5   Thumb Code    94  init_alloc.o(.text)
    __Heap_Initialize                        0x08000523   Thumb Code     8  h1_init.o(.text)
    __Heap_DescSize                          0x0800052b   Thumb Code     4  h1_init.o(.text)
    __user_libspace                          0x08000531   Thumb Code     8  libspace.o(.text)
    __user_perproc_libspace                  0x08000531   Thumb Code     0  libspace.o(.text)
    __user_perthread_libspace                0x08000531   Thumb Code     0  libspace.o(.text)
    __Heap_ProvideMemory                     0x08000539   Thumb Code    52  h1_extend.o(.text)
    _maybe_terminate_alloc                   0x08000539   Thumb Code     0  maybetermalloc1.o(.text)
    __rt_SIGRTMEM                            0x0800056d   Thumb Code    14  defsig_rtmem_outer.o(.text)
    __I$use$semihosting                      0x0800057b   Thumb Code     0  use_no_semi.o(.text)
    __use_no_semihosting_swi                 0x0800057b   Thumb Code     2  use_no_semi.o(.text)
    __semihosting_library_function           0x0800057d   Thumb Code     0  indicate_semi.o(.text)
    __user_setup_stackheap                   0x0800057d   Thumb Code    74  sys_stackheap_outer.o(.text)
    exit                                     0x080005c7   Thumb Code    18  exit.o(.text)
    __sig_exit                               0x080005d9   Thumb Code    10  defsig_exit.o(.text)
    __rt_SIGRTMEM_inner                      0x080005e5   Thumb Code    22  defsig_rtmem_inner.o(.text)
    _sys_exit                                0x08000635   Thumb Code     8  sys_exit.o(.text)
    __default_signal_display                 0x08000641   Thumb Code    50  defsig_general.o(.text)
    _ttywrch                                 0x08000673   Thumb Code    14  sys_wrch.o(.text)
    Battery_Pack_Control_Check_Fails         0x08000681   Thumb Code   100  battery_pack_control_unit.o(.text.Battery_Pack_Control_Check_Fails)
    Battery_Pack_Control_Interrupt_Task      0x080006e5   Thumb Code    30  battery_pack_control_unit.o(.text.Battery_Pack_Control_Interrupt_Task)
    Battery_Pack_Control_Read_Task           0x08000705   Thumb Code    72  battery_pack_control_unit.o(.text.Battery_Pack_Control_Read_Task)
    Battery_Pack_Control_State_Machine_Task  0x08000751   Thumb Code   102  battery_pack_control_unit.o(.text.Battery_Pack_Control_State_Machine_Task)
    Battery_Pack_Control_Unit_10ms_Interrupt 0x080007b9   Thumb Code    44  battery_pack_control_unit.o(.text.Battery_Pack_Control_Unit_10ms_Interrupt)
    Battery_Pack_Control_Unit_CAN1_Interrupt 0x080007e9   Thumb Code   108  battery_pack_control_unit.o(.text.Battery_Pack_Control_Unit_CAN1_Interrupt)
    Battery_Pack_Control_Unit_Cancel_Sensors 0x08000855   Thumb Code   132  battery_pack_control_unit.o(.text.Battery_Pack_Control_Unit_Cancel_Sensors)
    Battery_Pack_Control_Unit_Check_Temperatures 0x080008d9   Thumb Code   224  battery_pack_control_unit.o(.text.Battery_Pack_Control_Unit_Check_Temperatures)
    Battery_Pack_Control_Unit_Init           0x080009c9   Thumb Code    80  battery_pack_control_unit.o(.text.Battery_Pack_Control_Unit_Init)
    Battery_Pack_Control_Unit_Init_Values    0x08000a1d   Thumb Code    40  battery_pack_control_unit.o(.text.Battery_Pack_Control_Unit_Init_Values)
    Battery_Pack_Control_Unit_MCU_Init       0x08000a4d   Thumb Code     4  battery_pack_control_unit.o(.text.Battery_Pack_Control_Unit_MCU_Init)
    Battery_Pack_Control_Unit_Main_Task      0x08000a51   Thumb Code    46  battery_pack_control_unit.o(.text.Battery_Pack_Control_Unit_Main_Task)
    Battery_Pack_Control_Unit_Read_Memory_Init 0x08000a81   Thumb Code    44  battery_pack_control_unit.o(.text.Battery_Pack_Control_Unit_Read_Memory_Init)
    BusFault_Handler                         0x08000ab1   Thumb Code     2  stm32f4xx_it.o(.text.BusFault_Handler)
    CAN1_Interrupt_DoTask                    0x08000ab3   Thumb Code     4  can_bus.o(.text.CAN1_Interrupt_DoTask)
    CAN1_RX0_IRQHandler                      0x08000ab9   Thumb Code    36  stm32f4xx_it.o(.text.CAN1_RX0_IRQHandler)
    CAN1_Send                                0x08000ae1   Thumb Code    32  can_bus.o(.text.CAN1_Send)
    CAN_Status_Send_Interrupt_Task           0x08000b01   Thumb Code    40  battery_pack_control_unit.o(.text.CAN_Status_Send_Interrupt_Task)
    CAN_Temp_Send_Interrupt_Task             0x08000b29   Thumb Code    80  battery_pack_control_unit.o(.text.CAN_Temp_Send_Interrupt_Task)
    Control_Unit_CAN1_Interrupt              0x08000b79   Thumb Code     8  control_unit.o(.text.Control_Unit_CAN1_Interrupt)
    Control_Unit_Init                        0x08000b81   Thumb Code     8  control_unit.o(.text.Control_Unit_Init)
    Control_Unit_MCU_Init                    0x08000b89   Thumb Code     4  control_unit.o(.text.Control_Unit_MCU_Init)
    Control_Unit_Main_Task                   0x08000b8d   Thumb Code     8  control_unit.o(.text.Control_Unit_Main_Task)
    Control_Unit_Timer_10ms_Interrupt        0x08000b95   Thumb Code     8  control_unit.o(.text.Control_Unit_Timer_10ms_Interrupt)
    DebugMon_Handler                         0x08000ba1   Thumb Code     2  stm32f4xx_it.o(.text.DebugMon_Handler)
    FLASH_Erase_Sector                       0x08000ba5   Thumb Code    56  stm32f4xx_hal_flash_ex.o(.text.FLASH_Erase_Sector)
    FLASH_FlushCaches                        0x08000bdd   Thumb Code    80  stm32f4xx_hal_flash_ex.o(.text.FLASH_FlushCaches)
    FLASH_WaitForLastOperation               0x08000d41   Thumb Code    76  stm32f4xx_hal_flash.o(.text.FLASH_WaitForLastOperation)
    Flash_Erase_Sector2                      0x08000d91   Thumb Code    72  battery_pack_control_unit.o(.text.Flash_Erase_Sector2)
    Generate_Status_Message                  0x08000ddd   Thumb Code    24  battery_pack_control_unit.o(.text.Generate_Status_Message)
    Generate_Temp_Message                    0x08000df5   Thumb Code    80  battery_pack_control_unit.o(.text.Generate_Temp_Message)
    Generate_Volt_Message                    0x08000e45   Thumb Code    78  battery_pack_control_unit.o(.text.Generate_Volt_Message)
    Green_LED_Blink                          0x08000e93   Thumb Code    12  state_leds.o(.text.Green_LED_Blink)
    Green_LED_Off                            0x08000e9f   Thumb Code     6  state_leds.o(.text.Green_LED_Off)
    Green_LED_On                             0x08000ea5   Thumb Code     6  state_leds.o(.text.Green_LED_On)
    Green_LED_Permanent_Off                  0x08000eab   Thumb Code     8  state_leds.o(.text.Green_LED_Permanent_Off)
    Green_LED_Permanent_On                   0x08000eb3   Thumb Code     8  state_leds.o(.text.Green_LED_Permanent_On)
    Green_Led_Interrupt_Task                 0x08000ebb   Thumb Code    94  state_leds.o(.text.Green_Led_Interrupt_Task)
    HAL_CAN_ActivateNotification             0x08000f19   Thumb Code    38  stm32f4xx_hal_can.o(.text.HAL_CAN_ActivateNotification)
    HAL_CAN_AddTxMessage                     0x08000f3f   Thumb Code   150  stm32f4xx_hal_can.o(.text.HAL_CAN_AddTxMessage)
    HAL_CAN_ConfigFilter                     0x08000fd5   Thumb Code   196  stm32f4xx_hal_can.o(.text.HAL_CAN_ConfigFilter)
    HAL_CAN_ErrorCallback                    0x0800109d   Thumb Code     2  stm32f4xx_hal_can.o(.text.HAL_CAN_ErrorCallback)
    HAL_CAN_GetRxMessage                     0x0800109f   Thumb Code   194  stm32f4xx_hal_can.o(.text.HAL_CAN_GetRxMessage)
    HAL_CAN_IRQHandler                       0x08001161   Thumb Code   498  stm32f4xx_hal_can.o(.text.HAL_CAN_IRQHandler)
    HAL_CAN_Init                             0x08001353   Thumb Code   218  stm32f4xx_hal_can.o(.text.HAL_CAN_Init)
    HAL_CAN_MspInit                          0x0800142d   Thumb Code   116  stm32f4xx_hal_msp.o(.text.HAL_CAN_MspInit)
    HAL_CAN_RxFifo0FullCallback              0x080014a9   Thumb Code     2  stm32f4xx_hal_can.o(.text.HAL_CAN_RxFifo0FullCallback)
    HAL_CAN_RxFifo0MsgPendingCallback        0x080014ab   Thumb Code     2  stm32f4xx_hal_can.o(.text.HAL_CAN_RxFifo0MsgPendingCallback)
    HAL_CAN_RxFifo1FullCallback              0x080014ad   Thumb Code     2  stm32f4xx_hal_can.o(.text.HAL_CAN_RxFifo1FullCallback)
    HAL_CAN_RxFifo1MsgPendingCallback        0x080014af   Thumb Code     2  stm32f4xx_hal_can.o(.text.HAL_CAN_RxFifo1MsgPendingCallback)
    HAL_CAN_SleepCallback                    0x080014b1   Thumb Code     2  stm32f4xx_hal_can.o(.text.HAL_CAN_SleepCallback)
    HAL_CAN_Start                            0x080014b3   Thumb Code    76  stm32f4xx_hal_can.o(.text.HAL_CAN_Start)
    HAL_CAN_TxMailbox0AbortCallback          0x080014ff   Thumb Code     2  stm32f4xx_hal_can.o(.text.HAL_CAN_TxMailbox0AbortCallback)
    HAL_CAN_TxMailbox0CompleteCallback       0x08001501   Thumb Code     2  stm32f4xx_hal_can.o(.text.HAL_CAN_TxMailbox0CompleteCallback)
    HAL_CAN_TxMailbox1AbortCallback          0x08001503   Thumb Code     2  stm32f4xx_hal_can.o(.text.HAL_CAN_TxMailbox1AbortCallback)
    HAL_CAN_TxMailbox1CompleteCallback       0x08001505   Thumb Code     2  stm32f4xx_hal_can.o(.text.HAL_CAN_TxMailbox1CompleteCallback)
    HAL_CAN_TxMailbox2AbortCallback          0x08001507   Thumb Code     2  stm32f4xx_hal_can.o(.text.HAL_CAN_TxMailbox2AbortCallback)
    HAL_CAN_TxMailbox2CompleteCallback       0x08001509   Thumb Code     2  stm32f4xx_hal_can.o(.text.HAL_CAN_TxMailbox2CompleteCallback)
    HAL_CAN_WakeUpFromRxMsgCallback          0x0800150b   Thumb Code     2  stm32f4xx_hal_can.o(.text.HAL_CAN_WakeUpFromRxMsgCallback)
    HAL_Delay                                0x0800150d   Thumb Code    32  stm32f4xx_hal.o(.text.HAL_Delay)
    HAL_FLASHEx_Erase                        0x0800152d   Thumb Code   144  stm32f4xx_hal_flash_ex.o(.text.HAL_FLASHEx_Erase)
    HAL_FLASH_GetError                       0x080015bd   Thumb Code     8  stm32f4xx_hal_flash.o(.text.HAL_FLASH_GetError)
    HAL_FLASH_Lock                           0x080015c5   Thumb Code    16  stm32f4xx_hal_flash.o(.text.HAL_FLASH_Lock)
    HAL_FLASH_Program                        0x080015d5   Thumb Code   124  stm32f4xx_hal_flash.o(.text.HAL_FLASH_Program)
    HAL_FLASH_Unlock                         0x08001659   Thumb Code    28  stm32f4xx_hal_flash.o(.text.HAL_FLASH_Unlock)
    HAL_GPIO_Init                            0x08001681   Thumb Code   380  stm32f4xx_hal_gpio.o(.text.HAL_GPIO_Init)
    HAL_GPIO_WritePin                        0x08001815   Thumb Code    10  stm32f4xx_hal_gpio.o(.text.HAL_GPIO_WritePin)
    HAL_GetTick                              0x08001821   Thumb Code     8  stm32f4xx_hal.o(.text.HAL_GetTick)
    HAL_IWDG_Refresh                         0x08001829   Thumb Code    12  stm32f4xx_hal_iwdg.o(.text.HAL_IWDG_Refresh)
    HAL_IncTick                              0x08001835   Thumb Code    16  stm32f4xx_hal.o(.text.HAL_IncTick)
    HAL_Init                                 0x08001849   Thumb Code    48  stm32f4xx_hal.o(.text.HAL_Init)
    HAL_InitTick                             0x0800187d   Thumb Code    56  stm32f4xx_hal.o(.text.HAL_InitTick)
    HAL_MspInit                              0x080018b9   Thumb Code    52  stm32f4xx_hal_msp.o(.text.HAL_MspInit)
    HAL_NVIC_EnableIRQ                       0x080018f1   Thumb Code    20  stm32f4xx_hal_cortex.o(.text.HAL_NVIC_EnableIRQ)
    HAL_NVIC_SetPriority                     0x08001909   Thumb Code    72  stm32f4xx_hal_cortex.o(.text.HAL_NVIC_SetPriority)
    HAL_NVIC_SetPriorityGrouping             0x08001955   Thumb Code    24  stm32f4xx_hal_cortex.o(.text.HAL_NVIC_SetPriorityGrouping)
    HAL_RCC_ClockConfig                      0x08001975   Thumb Code   268  stm32f4xx_hal_rcc.o(.text.HAL_RCC_ClockConfig)
    HAL_RCC_GetSysClockFreq                  0x08001a91   Thumb Code    80  stm32f4xx_hal_rcc.o(.text.HAL_RCC_GetSysClockFreq)
    HAL_RCC_OscConfig                        0x08001aed   Thumb Code   800  stm32f4xx_hal_rcc.o(.text.HAL_RCC_OscConfig)
    HAL_SPI_Init                             0x08001e19   Thumb Code   176  stm32f4xx_hal_spi.o(.text.HAL_SPI_Init)
    HAL_SPI_MspInit                          0x08001ec9   Thumb Code   204  stm32f4xx_hal_msp.o(.text.HAL_SPI_MspInit)
    HAL_SPI_TransmitReceive                  0x08001fa5   Thumb Code   402  stm32f4xx_hal_spi.o(.text.HAL_SPI_TransmitReceive)
    HAL_SYSTICK_Config                       0x08002139   Thumb Code    32  stm32f4xx_hal_cortex.o(.text.HAL_SYSTICK_Config)
    HAL_TIMEx_BreakCallback                  0x08002161   Thumb Code     2  stm32f4xx_hal_tim_ex.o(.text.HAL_TIMEx_BreakCallback)
    HAL_TIMEx_CommutCallback                 0x08002163   Thumb Code     2  stm32f4xx_hal_tim_ex.o(.text.HAL_TIMEx_CommutCallback)
    HAL_TIMEx_MasterConfigSynchronization    0x08002165   Thumb Code   112  stm32f4xx_hal_tim_ex.o(.text.HAL_TIMEx_MasterConfigSynchronization)
    HAL_TIM_Base_Init                        0x080021d5   Thumb Code    30  stm32f4xx_hal_tim.o(.text.HAL_TIM_Base_Init)
    HAL_TIM_Base_MspInit                     0x080021f5   Thumb Code    56  stm32f4xx_hal_msp.o(.text.HAL_TIM_Base_MspInit)
    HAL_TIM_Base_Start_IT                    0x08002235   Thumb Code   100  stm32f4xx_hal_tim.o(.text.HAL_TIM_Base_Start_IT)
    HAL_TIM_IC_CaptureCallback               0x080022b5   Thumb Code     2  stm32f4xx_hal_tim.o(.text.HAL_TIM_IC_CaptureCallback)
    HAL_TIM_IRQHandler                       0x080022b7   Thumb Code   294  stm32f4xx_hal_tim.o(.text.HAL_TIM_IRQHandler)
    HAL_TIM_OC_DelayElapsedCallback          0x080023dd   Thumb Code     2  stm32f4xx_hal_tim.o(.text.HAL_TIM_OC_DelayElapsedCallback)
    HAL_TIM_PWM_PulseFinishedCallback        0x080023df   Thumb Code     2  stm32f4xx_hal_tim.o(.text.HAL_TIM_PWM_PulseFinishedCallback)
    HAL_TIM_PeriodElapsedCallback            0x080023e1   Thumb Code     2  stm32f4xx_hal_tim.o(.text.HAL_TIM_PeriodElapsedCallback)
    HAL_TIM_TriggerCallback                  0x080023e3   Thumb Code     2  stm32f4xx_hal_tim.o(.text.HAL_TIM_TriggerCallback)
    HardFault_Handler                        0x080023e5   Thumb Code     2  stm32f4xx_it.o(.text.HardFault_Handler)
    Initialitation_Tim_Interrupt_Task        0x080023e7   Thumb Code    60  battery_pack_control_unit.o(.text.Initialitation_Tim_Interrupt_Task)
    LTC6811_CS_High_1                        0x08002425   Thumb Code    12  lt_spi.o(.text.LTC6811_CS_High_1)
    LTC6811_CS_High_2                        0x08002431   Thumb Code    12  lt_spi.o(.text.LTC6811_CS_High_2)
    LTC6811_CS_Low_1                         0x0800243d   Thumb Code    12  lt_spi.o(.text.LTC6811_CS_Low_1)
    LTC6811_CS_Low_2                         0x08002449   Thumb Code    12  lt_spi.o(.text.LTC6811_CS_Low_2)
    LTC6811_Encode_Temp                      0x08002459   Thumb Code    68  ltc6811_dual.o(.text.LTC6811_Encode_Temp)
    LTC6811_Encode_Volt_10mV                 0x080024a1   Thumb Code    68  ltc6811_dual.o(.text.LTC6811_Encode_Volt_10mV)
    LTC6811_Init_1                           0x080024ed   Thumb Code    96  ltc6811_dual.o(.text.LTC6811_Init_1)
    LTC6811_Init_2                           0x0800254d   Thumb Code    96  ltc6811_dual.o(.text.LTC6811_Init_2)
    LTC6811_Initialize_1                     0x080025b5   Thumb Code    24  lt_spi.o(.text.LTC6811_Initialize_1)
    LTC6811_Initialize_2                     0x080025d1   Thumb Code    24  lt_spi.o(.text.LTC6811_Initialize_2)
    LTC6811_Measure_Temperatures_and_Voltages 0x080025f1   Thumb Code   712  ltc6811_dual.o(.text.LTC6811_Measure_Temperatures_and_Voltages)
    LTC6811_SPI_Read_Byte_1                  0x080028cd   Thumb Code    36  lt_spi.o(.text.LTC6811_SPI_Read_Byte_1)
    LTC6811_SPI_Read_Byte_2                  0x080028f1   Thumb Code    36  lt_spi.o(.text.LTC6811_SPI_Read_Byte_2)
    LTC6811_SPI_Write_Array_1                0x08002915   Thumb Code    40  lt_spi.o(.text.LTC6811_SPI_Write_Array_1)
    LTC6811_SPI_Write_Array_2                0x08002941   Thumb Code    40  lt_spi.o(.text.LTC6811_SPI_Write_Array_2)
    LTC6811_SPI_Write_Read_1                 0x0800296d   Thumb Code    60  lt_spi.o(.text.LTC6811_SPI_Write_Read_1)
    LTC6811_SPI_Write_Read_2                 0x080029ad   Thumb Code    60  lt_spi.o(.text.LTC6811_SPI_Write_Read_2)
    LTC6811_adcv                             0x080029f1   Thumb Code     4  ltc6811.o(.text.LTC6811_adcv)
    LTC6811_adcv_2                           0x080029f5   Thumb Code     4  ltc6811.o(.text.LTC6811_adcv_2)
    LTC6811_init_cfg                         0x080029f9   Thumb Code     4  ltc6811.o(.text.LTC6811_init_cfg)
    LTC6811_init_cfg_2                       0x080029fd   Thumb Code     4  ltc6811.o(.text.LTC6811_init_cfg_2)
    LTC6811_init_reg_limits                  0x08002a01   Thumb Code    28  ltc6811.o(.text.LTC6811_init_reg_limits)
    LTC6811_init_reg_limits_2                0x08002a1d   Thumb Code    28  ltc6811.o(.text.LTC6811_init_reg_limits_2)
    LTC6811_rdcv                             0x08002a3d   Thumb Code     4  ltc6811.o(.text.LTC6811_rdcv)
    LTC6811_rdcv_2                           0x08002a41   Thumb Code     4  ltc6811.o(.text.LTC6811_rdcv_2)
    LTC6811_reset_crc_count                  0x08002a45   Thumb Code     4  ltc6811.o(.text.LTC6811_reset_crc_count)
    LTC6811_reset_crc_count_2                0x08002a49   Thumb Code     4  ltc6811.o(.text.LTC6811_reset_crc_count_2)
    LTC6811_set_cfgr                         0x08002a4d   Thumb Code    46  ltc6811.o(.text.LTC6811_set_cfgr)
    LTC6811_set_cfgr_2                       0x08002a7b   Thumb Code    46  ltc6811.o(.text.LTC6811_set_cfgr_2)
    LTC6811_set_cfgr_dis                     0x08002aa9   Thumb Code     4  ltc6811.o(.text.LTC6811_set_cfgr_dis)
    LTC6811_set_cfgr_dis_2                   0x08002aad   Thumb Code     4  ltc6811.o(.text.LTC6811_set_cfgr_dis_2)
    LTC6811_set_cfgr_refon                   0x08002ab1   Thumb Code     4  ltc6811.o(.text.LTC6811_set_cfgr_refon)
    LTC6811_set_cfgr_refon_2                 0x08002ab5   Thumb Code     4  ltc6811.o(.text.LTC6811_set_cfgr_refon_2)
    LTC6811_wrcfg                            0x08002ab9   Thumb Code     4  ltc6811.o(.text.LTC6811_wrcfg)
    LTC6811_wrcfg_2                          0x08002abd   Thumb Code     4  ltc6811.o(.text.LTC6811_wrcfg_2)
    LTC681x_adcv                             0x08002ac1   Thumb Code    14  ltc681x.o(.text.LTC681x_adcv)
    LTC681x_adcv_2                           0x08002acf   Thumb Code    14  ltc681x.o(.text.LTC681x_adcv_2)
    LTC681x_check_pec                        0x08002add   Thumb Code   280  ltc681x.o(.text.LTC681x_check_pec)
    LTC681x_check_pec_2                      0x08002bf5   Thumb Code   280  ltc681x.o(.text.LTC681x_check_pec_2)
    LTC681x_init_cfg                         0x08002d0d   Thumb Code    72  ltc681x.o(.text.LTC681x_init_cfg)
    LTC681x_init_cfg_2                       0x08002d55   Thumb Code    72  ltc681x.o(.text.LTC681x_init_cfg_2)
    LTC681x_rdcv                             0x08002da1   Thumb Code   130  ltc681x.o(.text.LTC681x_rdcv)
    LTC681x_rdcv_2                           0x08002e23   Thumb Code   130  ltc681x.o(.text.LTC681x_rdcv_2)
    LTC681x_rdcv_2_reg_2                     0x08002ea5   Thumb Code    80  ltc681x.o(.text.LTC681x_rdcv_2_reg_2)
    LTC681x_rdcv_reg                         0x08002ef5   Thumb Code    80  ltc681x.o(.text.LTC681x_rdcv_reg)
    LTC681x_reset_crc_count                  0x08002f45   Thumb Code    52  ltc681x.o(.text.LTC681x_reset_crc_count)
    LTC681x_reset_crc_count_2                0x08002f79   Thumb Code    52  ltc681x.o(.text.LTC681x_reset_crc_count_2)
    LTC681x_set_cfgr                         0x08002fad   Thumb Code    24  ltc681x.o(.text.LTC681x_set_cfgr)
    LTC681x_set_cfgr_2                       0x08002fc5   Thumb Code    24  ltc681x.o(.text.LTC681x_set_cfgr_2)
    LTC681x_set_cfgr_adcopt                  0x08002fdd   Thumb Code     4  ltc681x.o(.text.LTC681x_set_cfgr_adcopt)
    LTC681x_set_cfgr_adcopt_2                0x08002fe1   Thumb Code     4  ltc681x.o(.text.LTC681x_set_cfgr_adcopt_2)
    LTC681x_set_cfgr_dis                     0x08002fe5   Thumb Code    64  ltc681x.o(.text.LTC681x_set_cfgr_dis)
    LTC681x_set_cfgr_dis_2                   0x08003025   Thumb Code    64  ltc681x.o(.text.LTC681x_set_cfgr_dis_2)
    LTC681x_set_cfgr_gpio                    0x08003065   Thumb Code    30  ltc681x.o(.text.LTC681x_set_cfgr_gpio)
    LTC681x_set_cfgr_gpio_2                  0x08003083   Thumb Code    30  ltc681x.o(.text.LTC681x_set_cfgr_gpio_2)
    LTC681x_set_cfgr_refon                   0x080030a1   Thumb Code     4  ltc681x.o(.text.LTC681x_set_cfgr_refon)
    LTC681x_set_cfgr_refon_2                 0x080030a5   Thumb Code     4  ltc681x.o(.text.LTC681x_set_cfgr_refon_2)
    LTC681x_wrcfg                            0x080030a9   Thumb Code    90  ltc681x.o(.text.LTC681x_wrcfg)
    LTC681x_wrcfg_2                          0x08003103   Thumb Code    90  ltc681x.o(.text.LTC681x_wrcfg_2)
    LTC_Active_Even_Balancing                0x0800315d   Thumb Code    64  ltc6811_dual.o(.text.LTC_Active_Even_Balancing)
    LTC_Active_Even_Balancing_2              0x0800319d   Thumb Code    64  ltc6811_dual.o(.text.LTC_Active_Even_Balancing_2)
    LTC_Active_Odd_Balancing                 0x080031dd   Thumb Code    62  ltc6811_dual.o(.text.LTC_Active_Odd_Balancing)
    LTC_Active_Odd_Balancing_2               0x0800321b   Thumb Code    62  ltc6811_dual.o(.text.LTC_Active_Odd_Balancing_2)
    LTC_Disable_Balancing                    0x08003259   Thumb Code    44  ltc6811_dual.o(.text.LTC_Disable_Balancing)
    LTC_Disable_Balancing_2                  0x08003285   Thumb Code    44  ltc6811_dual.o(.text.LTC_Disable_Balancing_2)
    LTC_Voltage_to_Temperature               0x080032b1   Thumb Code   100  ltc6811_dual.o(.text.LTC_Voltage_to_Temperature)
    MCU_CAN1_Send                            0x08003321   Thumb Code     4  mcu.o(.text.MCU_CAN1_Send)
    MCU_Flash_Program_Word                   0x08003325   Thumb Code     4  mcu.o(.text.MCU_Flash_Program_Word)
    MCU_Flash_Read_Word                      0x08003329   Thumb Code     4  mcu.o(.text.MCU_Flash_Read_Word)
    MCU_GPIO_Init_C8_Output                  0x0800332d   Thumb Code     4  mcu.o(.text.MCU_GPIO_Init_C8_Output)
    MCU_GPIO_Init_C9_Output                  0x08003331   Thumb Code     4  mcu.o(.text.MCU_GPIO_Init_C9_Output)
    MCU_GPIO_Write_C8_Output                 0x08003335   Thumb Code     4  mcu.o(.text.MCU_GPIO_Write_C8_Output)
    MCU_GPIO_Write_C9_Output                 0x08003339   Thumb Code     4  mcu.o(.text.MCU_GPIO_Write_C9_Output)
    MCU_Init                                 0x0800333d   Thumb Code     4  mcu.o(.text.MCU_Init)
    MCU_WDT_Refresh                          0x08003341   Thumb Code    12  mcu.o(.text.MCU_WDT_Refresh)
    MemManage_Handler                        0x08003351   Thumb Code     2  stm32f4xx_it.o(.text.MemManage_Handler)
    NMI_Handler                              0x08003353   Thumb Code     2  stm32f4xx_it.o(.text.NMI_Handler)
    PendSV_Handler                           0x08003805   Thumb Code     2  stm32f4xx_it.o(.text.PendSV_Handler)
    STM32F4_CAN1_Init                        0x08003911   Thumb Code   132  stm32f4.o(.text.STM32F4_CAN1_Init)
    STM32F4_CAN1_Send                        0x08003999   Thumb Code    28  stm32f4.o(.text.STM32F4_CAN1_Send)
    STM32F4_Common_Init                      0x080039b9   Thumb Code    22  stm32f4.o(.text.STM32F4_Common_Init)
    STM32F4_Error_Handler                    0x080039cf   Thumb Code     8  stm32f4.o(.text.STM32F4_Error_Handler)
    STM32F4_Flash_Program_Word               0x080039d7   Thumb Code    34  stm32f4.o(.text.STM32F4_Flash_Program_Word)
    STM32F4_Flash_Read_Word                  0x080039f9   Thumb Code     4  stm32f4.o(.text.STM32F4_Flash_Read_Word)
    STM32F4_GPIO_Init_C8_Output              0x080039fd   Thumb Code    52  stm32f4.o(.text.STM32F4_GPIO_Init_C8_Output)
    STM32F4_GPIO_Init_C9_Output              0x08003a31   Thumb Code    52  stm32f4.o(.text.STM32F4_GPIO_Init_C9_Output)
    STM32F4_GPIO_Write_C8_Output             0x08003a69   Thumb Code    20  stm32f4.o(.text.STM32F4_GPIO_Write_C8_Output)
    STM32F4_GPIO_Write_C9_Output             0x08003a7d   Thumb Code    20  stm32f4.o(.text.STM32F4_GPIO_Write_C9_Output)
    STM32F4_Init                             0x08003a95   Thumb Code     4  stm32f4.o(.text.STM32F4_Init)
    STM32F4_SystemClock_Config               0x08003a99   Thumb Code   136  stm32f4.o(.text.STM32F4_SystemClock_Config)
    STM32F4_TIM7_Init                        0x08003b29   Thumb Code    84  stm32f4.o(.text.STM32F4_TIM7_Init)
    STM32F4_WDT_Refresh                      0x08003b81   Thumb Code     8  stm32f4.o(.text.STM32F4_WDT_Refresh)
    SVC_Handler                              0x08003b8d   Thumb Code     2  stm32f4xx_it.o(.text.SVC_Handler)
    State_LEDs_10ms_Tick                     0x08003b8f   Thumb Code    24  state_leds.o(.text.State_LEDs_10ms_Tick)
    State_LEDs_Init                          0x08003ba7   Thumb Code    64  state_leds.o(.text.State_LEDs_Init)
    State_LEDs_Interrupt_Task                0x08003be7   Thumb Code    18  state_leds.o(.text.State_LEDs_Interrupt_Task)
    State_LEDs_Task                          0x08003bf9   Thumb Code   158  state_leds.o(.text.State_LEDs_Task)
    SysTick_Handler                          0x08003c97   Thumb Code     4  stm32f4xx_it.o(.text.SysTick_Handler)
    SystemInit                               0x08003c9d   Thumb Code    12  system_stm32f4xx.o(.text.SystemInit)
    TIM7_IRQHandler                          0x08003cad   Thumb Code    16  stm32f4xx_it.o(.text.TIM7_IRQHandler)
    TIM_Base_SetConfig                       0x08003cc1   Thumb Code   172  stm32f4xx_hal_tim.o(.text.TIM_Base_SetConfig)
    Timer_10ms_Change_Timing                 0x08003d99   Thumb Code     4  common_functions.o(.text.Timer_10ms_Change_Timing)
    Timer_10ms_Init                          0x08003d9d   Thumb Code    18  common_functions.o(.text.Timer_10ms_Init)
    Timer_10ms_Reset                         0x08003daf   Thumb Code    12  common_functions.o(.text.Timer_10ms_Reset)
    Timer_10ms_Restart                       0x08003dbb   Thumb Code    16  common_functions.o(.text.Timer_10ms_Restart)
    Timer_10ms_Start                         0x08003dcb   Thumb Code     6  common_functions.o(.text.Timer_10ms_Start)
    Timer_10ms_Stop                          0x08003dd1   Thumb Code     6  common_functions.o(.text.Timer_10ms_Stop)
    Timer_10ms_Tick                          0x08003dd7   Thumb Code   102  common_functions.o(.text.Timer_10ms_Tick)
    UsageFault_Handler                       0x08003e3d   Thumb Code     2  stm32f4xx_it.o(.text.UsageFault_Handler)
    Yellow_LED_Blink                         0x08003e3f   Thumb Code    12  state_leds.o(.text.Yellow_LED_Blink)
    Yellow_LED_Off                           0x08003e4b   Thumb Code     6  state_leds.o(.text.Yellow_LED_Off)
    Yellow_LED_On                            0x08003e51   Thumb Code     6  state_leds.o(.text.Yellow_LED_On)
    Yellow_LED_Permanent_Off                 0x08003e57   Thumb Code     8  state_leds.o(.text.Yellow_LED_Permanent_Off)
    Yellow_Led_Interrupt_Task                0x08003e5f   Thumb Code    94  state_leds.o(.text.Yellow_Led_Interrupt_Task)
    cmd_68                                   0x08003ebd   Thumb Code    28  ltc681x.o(.text.cmd_68)
    cmd_68_2                                 0x08003ed9   Thumb Code    28  ltc681x.o(.text.cmd_68_2)
    main                                     0x08003ef5   Thumb Code    14  main.o(.text.main)
    parse_cells                              0x08003f03   Thumb Code    54  ltc681x.o(.text.parse_cells)
    parse_cells_2                            0x08003f39   Thumb Code    54  ltc681x.o(.text.parse_cells_2)
    pec15_calc                               0x08003f71   Thumb Code    36  ltc681x.o(.text.pec15_calc)
    wakeup_idle                              0x08003f99   Thumb Code    26  ltc681x.o(.text.wakeup_idle)
    wakeup_idle_2                            0x08003fb3   Thumb Code    26  ltc681x.o(.text.wakeup_idle_2)
    wakeup_sleep                             0x08003fcd   Thumb Code    26  ltc681x.o(.text.wakeup_sleep)
    wakeup_sleep_2                           0x08003fe7   Thumb Code    26  ltc681x.o(.text.wakeup_sleep_2)
    write_68                                 0x08004001   Thumb Code    72  ltc681x.o(.text.write_68)
    write_68_2                               0x08004049   Thumb Code    72  ltc681x.o(.text.write_68_2)
    __aeabi_d2f                              0x08004091   Thumb Code     0  d2f.o(x$fpl$d2f)
    _d2f                                     0x08004091   Thumb Code    98  d2f.o(x$fpl$d2f)
    __aeabi_ui2d                             0x080040f3   Thumb Code     0  dflt_clz.o(x$fpl$dfltu)
    _dfltu                                   0x080040f3   Thumb Code    38  dflt_clz.o(x$fpl$dfltu)
    __aeabi_dmul                             0x08004119   Thumb Code     0  dmul.o(x$fpl$dmul)
    _dmul                                    0x08004119   Thumb Code   332  dmul.o(x$fpl$dmul)
    __fpl_dnaninf                            0x0800426d   Thumb Code   156  dnaninf.o(x$fpl$dnaninf)
    __fpl_dretinf                            0x08004309   Thumb Code    12  dretinf.o(x$fpl$dretinf)
    _fp_init                                 0x08004315   Thumb Code    26  fpinit.o(x$fpl$fpinit)
    __fplib_config_fpu_vfp                   0x0800432d   Thumb Code     0  fpinit.o(x$fpl$fpinit)
    __fplib_config_pureend_doubles           0x0800432d   Thumb Code     0  fpinit.o(x$fpl$fpinit)
    __fpl_fretinf                            0x0800432f   Thumb Code    10  fretinf.o(x$fpl$fretinf)
    __I$use$fp                               0x08004338   Number         0  usenofp.o(x$fpl$usenofp)
    AHBPrescTable                            0x0800433d   Data          16  system_stm32f4xx.o(.rodata.AHBPrescTable)
    Temp_Table_C                             0x0800434d   Data          33  ltc6811_dual.o(.rodata.Temp_Table_C)
    Temp_Table_V                             0x08004370   Data         132  ltc6811_dual.o(.rodata.Temp_Table_V)
    crc15Table                               0x080043f4   Data         512  ltc681x.o(.rodata.crc15Table)
    Region$$Table$$Base                      0x080045f8   Number         0  anon$$obj.o(Region$$Table)
    Region$$Table$$Limit                     0x08004618   Number         0  anon$$obj.o(Region$$Table)
    REFON_1                                  0x20000000   Data           1  ltc6811_dual.o(.data..L_MergedGlobals)
    ADCOPT_1                                 0x20000001   Data           1  ltc6811_dual.o(.data..L_MergedGlobals)
    REFON_2                                  0x20000002   Data           1  ltc6811_dual.o(.data..L_MergedGlobals)
    ADCOPT_2                                 0x20000003   Data           1  ltc6811_dual.o(.data..L_MergedGlobals)
    uwTickFreq                               0x20000004   Data           1  stm32f4xx_hal.o(.data..L_MergedGlobals)
    uwTickPrio                               0x20000008   Data           4  stm32f4xx_hal.o(.data..L_MergedGlobals)
    SystemCoreClock                          0x2000000c   Data           4  system_stm32f4xx.o(.data.SystemCoreClock)
    __libspace_start                         0x20000010   Data          96  libspace.o(.bss)
    __temporary_stack_top$libspace           0x20000070   Data           0  libspace.o(.bss)
    gpioBits_a_1                             0x20000070   Data           5  ltc6811_dual.o(.bss..L_MergedGlobals.1)
    gpioBits_a_2                             0x20000075   Data           5  ltc6811_dual.o(.bss..L_MergedGlobals.1)
    dccBits_a_1                              0x2000007a   Data          12  ltc6811_dual.o(.bss..L_MergedGlobals.1)
    dccBits_a_2                              0x20000086   Data          12  ltc6811_dual.o(.bss..L_MergedGlobals.1)
    CONTROL_UNIT                             0x20000094   Data        1060  control_unit.o(.bss.CONTROL_UNIT)
    STM32_CAN1                               0x200004b8   Data          40  stm32f4.o(.bss.STM32_CAN1)
    STM32_TIM7                               0x200004e0   Data          72  stm32f4.o(.bss.STM32_TIM7)
    Watchdog                                 0x20000528   Data          12  stm32f4.o(.bss.Watchdog)
    hspi1                                    0x20000534   Data          88  lt_spi.o(.bss.hspi1)
    hspi2                                    0x2000058c   Data          88  lt_spi.o(.bss.hspi2)
    pFlash                                   0x200005e4   Data          32  stm32f4xx_hal_flash.o(.bss.pFlash)
    uwTick                                   0x20000604   Data           4  stm32f4xx_hal.o(.bss.uwTick)



==============================================================================

Memory Map of the image

  Image Entry point : 0x08000189

  Load Region LR_IROM1 (Base: 0x08000000, Size: 0x00004628, Max: 0x00008000, ABSOLUTE)

    Execution Region ER_IROM1 (Exec base: 0x08000000, Load base: 0x08000000, Size: 0x00004618, Max: 0x00008000, ABSOLUTE)

    Exec Addr    Load Addr    Size         Type   Attr      Idx    E Section Name        Object

    0x08000000   0x08000000   0x00000188   Data   RO         1068    RESET               startup_stm32f405xx.o
    0x08000188   0x08000188   0x00000008   Code   RO         2647  * !!!main             c_w.l(__main.o)
    0x08000190   0x08000190   0x0000005c   Code   RO         2897    !!!scatter          c_w.l(__scatter.o)
    0x080001ec   0x080001ec   0x0000001a   Code   RO         2901    !!handler_copy      c_w.l(__scatter_copy.o)
    0x08000206   0x08000206   0x00000002   PAD
    0x08000208   0x08000208   0x00000002   Code   RO         2898    !!handler_null      c_w.l(__scatter.o)
    0x0800020a   0x0800020a   0x00000002   PAD
    0x0800020c   0x0800020c   0x0000001c   Code   RO         2903    !!handler_zi        c_w.l(__scatter_zi.o)
    0x08000228   0x08000228   0x00000002   Code   RO         2832    .ARM.Collect$$libinit$$00000000  c_w.l(libinit.o)
    0x0800022a   0x0800022a   0x00000004   Code   RO         2697    .ARM.Collect$$libinit$$00000001  c_w.l(libinit2.o)
    0x0800022e   0x0800022e   0x00000000   Code   RO         2700    .ARM.Collect$$libinit$$00000004  c_w.l(libinit2.o)
    0x0800022e   0x0800022e   0x00000000   Code   RO         2702    .ARM.Collect$$libinit$$00000006  c_w.l(libinit2.o)
    0x0800022e   0x0800022e   0x00000008   Code   RO         2703    .ARM.Collect$$libinit$$00000007  c_w.l(libinit2.o)
    0x08000236   0x08000236   0x00000000   Code   RO         2705    .ARM.Collect$$libinit$$0000000C  c_w.l(libinit2.o)
    0x08000236   0x08000236   0x00000000   Code   RO         2707    .ARM.Collect$$libinit$$0000000E  c_w.l(libinit2.o)
    0x08000236   0x08000236   0x00000000   Code   RO         2709    .ARM.Collect$$libinit$$00000010  c_w.l(libinit2.o)
    0x08000236   0x08000236   0x00000000   Code   RO         2712    .ARM.Collect$$libinit$$00000013  c_w.l(libinit2.o)
    0x08000236   0x08000236   0x00000000   Code   RO         2714    .ARM.Collect$$libinit$$00000015  c_w.l(libinit2.o)
    0x08000236   0x08000236   0x00000000   Code   RO         2716    .ARM.Collect$$libinit$$00000017  c_w.l(libinit2.o)
    0x08000236   0x08000236   0x00000000   Code   RO         2718    .ARM.Collect$$libinit$$00000019  c_w.l(libinit2.o)
    0x08000236   0x08000236   0x00000000   Code   RO         2720    .ARM.Collect$$libinit$$0000001B  c_w.l(libinit2.o)
    0x08000236   0x08000236   0x00000000   Code   RO         2722    .ARM.Collect$$libinit$$0000001D  c_w.l(libinit2.o)
    0x08000236   0x08000236   0x00000000   Code   RO         2724    .ARM.Collect$$libinit$$0000001F  c_w.l(libinit2.o)
    0x08000236   0x08000236   0x00000000   Code   RO         2726    .ARM.Collect$$libinit$$00000021  c_w.l(libinit2.o)
    0x08000236   0x08000236   0x00000000   Code   RO         2728    .ARM.Collect$$libinit$$00000023  c_w.l(libinit2.o)
    0x08000236   0x08000236   0x00000000   Code   RO         2730    .ARM.Collect$$libinit$$00000025  c_w.l(libinit2.o)
    0x08000236   0x08000236   0x00000000   Code   RO         2732    .ARM.Collect$$libinit$$00000027  c_w.l(libinit2.o)
    0x08000236   0x08000236   0x00000000   Code   RO         2736    .ARM.Collect$$libinit$$0000002E  c_w.l(libinit2.o)
    0x08000236   0x08000236   0x00000000   Code   RO         2738    .ARM.Collect$$libinit$$00000030  c_w.l(libinit2.o)
    0x08000236   0x08000236   0x00000000   Code   RO         2740    .ARM.Collect$$libinit$$00000032  c_w.l(libinit2.o)
    0x08000236   0x08000236   0x00000000   Code   RO         2742    .ARM.Collect$$libinit$$00000034  c_w.l(libinit2.o)
    0x08000236   0x08000236   0x00000002   Code   RO         2743    .ARM.Collect$$libinit$$00000035  c_w.l(libinit2.o)
    0x08000238   0x08000238   0x00000002   Code   RO         2894    .ARM.Collect$$libshutdown$$00000000  c_w.l(libshutdown.o)
    0x0800023a   0x0800023a   0x00000000   Code   RO         2850    .ARM.Collect$$libshutdown$$00000002  c_w.l(libshutdown2.o)
    0x0800023a   0x0800023a   0x00000000   Code   RO         2852    .ARM.Collect$$libshutdown$$00000004  c_w.l(libshutdown2.o)
    0x0800023a   0x0800023a   0x00000000   Code   RO         2855    .ARM.Collect$$libshutdown$$00000007  c_w.l(libshutdown2.o)
    0x0800023a   0x0800023a   0x00000000   Code   RO         2858    .ARM.Collect$$libshutdown$$0000000A  c_w.l(libshutdown2.o)
    0x0800023a   0x0800023a   0x00000000   Code   RO         2860    .ARM.Collect$$libshutdown$$0000000C  c_w.l(libshutdown2.o)
    0x0800023a   0x0800023a   0x00000000   Code   RO         2863    .ARM.Collect$$libshutdown$$0000000F  c_w.l(libshutdown2.o)
    0x0800023a   0x0800023a   0x00000002   Code   RO         2864    .ARM.Collect$$libshutdown$$00000010  c_w.l(libshutdown2.o)
    0x0800023c   0x0800023c   0x00000000   Code   RO         2665    .ARM.Collect$$rtentry$$00000000  c_w.l(__rtentry.o)
    0x0800023c   0x0800023c   0x00000000   Code   RO         2767    .ARM.Collect$$rtentry$$00000002  c_w.l(__rtentry2.o)
    0x0800023c   0x0800023c   0x00000006   Code   RO         2779    .ARM.Collect$$rtentry$$00000004  c_w.l(__rtentry4.o)
    0x08000242   0x08000242   0x00000000   Code   RO         2769    .ARM.Collect$$rtentry$$00000009  c_w.l(__rtentry2.o)
    0x08000242   0x08000242   0x00000004   Code   RO         2770    .ARM.Collect$$rtentry$$0000000A  c_w.l(__rtentry2.o)
    0x08000246   0x08000246   0x00000000   Code   RO         2772    .ARM.Collect$$rtentry$$0000000C  c_w.l(__rtentry2.o)
    0x08000246   0x08000246   0x00000008   Code   RO         2773    .ARM.Collect$$rtentry$$0000000D  c_w.l(__rtentry2.o)
    0x0800024e   0x0800024e   0x00000002   Code   RO         2837    .ARM.Collect$$rtexit$$00000000  c_w.l(rtexit.o)
    0x08000250   0x08000250   0x00000000   Code   RO         2870    .ARM.Collect$$rtexit$$00000002  c_w.l(rtexit2.o)
    0x08000250   0x08000250   0x00000004   Code   RO         2871    .ARM.Collect$$rtexit$$00000003  c_w.l(rtexit2.o)
    0x08000254   0x08000254   0x00000006   Code   RO         2872    .ARM.Collect$$rtexit$$00000004  c_w.l(rtexit2.o)
    0x0800025a   0x0800025a   0x00000002   PAD
    0x0800025c   0x0800025c   0x00000040   Code   RO         1069    .text               startup_stm32f405xx.o
    0x0800029c   0x0800029c   0x0000005e   Code   RO         2583    .text               c_w.l(h1_alloc.o)
    0x080002fa   0x080002fa   0x0000004e   Code   RO         2585    .text               c_w.l(h1_free.o)
    0x08000348   0x08000348   0x000000f0   Code   RO         2641    .text               c_w.l(lludivv7m.o)
    0x08000438   0x08000438   0x0000004e   Code   RO         2643    .text               c_w.l(rt_memclr_w.o)
    0x08000486   0x08000486   0x00000006   Code   RO         2645    .text               c_w.l(heapauxi.o)
    0x0800048c   0x0800048c   0x00000008   Code   RO         2673    .text               c_w.l(rt_heap_descriptor_intlibspace.o)
    0x08000494   0x08000494   0x00000004   Code   RO         2675    .text               c_w.l(hguard.o)
    0x08000498   0x08000498   0x0000008a   Code   RO         2677    .text               c_w.l(init_alloc.o)
    0x08000522   0x08000522   0x0000000c   Code   RO         2681    .text               c_w.l(h1_init.o)
    0x0800052e   0x0800052e   0x00000002   PAD
    0x08000530   0x08000530   0x00000008   Code   RO         2763    .text               c_w.l(libspace.o)
    0x08000538   0x08000538   0x00000000   Code   RO         2785    .text               c_w.l(maybetermalloc1.o)
    0x08000538   0x08000538   0x00000034   Code   RO         2787    .text               c_w.l(h1_extend.o)
    0x0800056c   0x0800056c   0x0000000e   Code   RO         2791    .text               c_w.l(defsig_rtmem_outer.o)
    0x0800057a   0x0800057a   0x00000002   Code   RO         2804    .text               c_w.l(use_no_semi.o)
    0x0800057c   0x0800057c   0x00000000   Code   RO         2806    .text               c_w.l(indicate_semi.o)
    0x0800057c   0x0800057c   0x0000004a   Code   RO         2807    .text               c_w.l(sys_stackheap_outer.o)
    0x080005c6   0x080005c6   0x00000012   Code   RO         2813    .text               c_w.l(exit.o)
    0x080005d8   0x080005d8   0x0000000a   Code   RO         2815    .text               c_w.l(defsig_exit.o)
    0x080005e2   0x080005e2   0x00000002   PAD
    0x080005e4   0x080005e4   0x00000050   Code   RO         2821    .text               c_w.l(defsig_rtmem_inner.o)
    0x08000634   0x08000634   0x0000000c   Code   RO         2833    .text               c_w.l(sys_exit.o)
    0x08000640   0x08000640   0x00000032   Code   RO         2845    .text               c_w.l(defsig_general.o)
    0x08000672   0x08000672   0x0000000e   Code   RO         2865    .text               c_w.l(sys_wrch.o)
    0x08000680   0x08000680   0x00000064   Code   RO           61    .text.Battery_Pack_Control_Check_Fails  battery_pack_control_unit.o
    0x080006e4   0x080006e4   0x0000001e   Code   RO           55    .text.Battery_Pack_Control_Interrupt_Task  battery_pack_control_unit.o
    0x08000702   0x08000702   0x00000002   PAD
    0x08000704   0x08000704   0x0000004c   Code   RO           63    .text.Battery_Pack_Control_Read_Task  battery_pack_control_unit.o
    0x08000750   0x08000750   0x00000066   Code   RO           47    .text.Battery_Pack_Control_State_Machine_Task  battery_pack_control_unit.o
    0x080007b6   0x080007b6   0x00000002   PAD
    0x080007b8   0x080007b8   0x00000030   Code   RO           57    .text.Battery_Pack_Control_Unit_10ms_Interrupt  battery_pack_control_unit.o
    0x080007e8   0x080007e8   0x0000006c   Code   RO           71    .text.Battery_Pack_Control_Unit_CAN1_Interrupt  battery_pack_control_unit.o
    0x08000854   0x08000854   0x00000084   Code   RO           69    .text.Battery_Pack_Control_Unit_Cancel_Sensors  battery_pack_control_unit.o
    0x080008d8   0x080008d8   0x000000f0   Code   RO           59    .text.Battery_Pack_Control_Unit_Check_Temperatures  battery_pack_control_unit.o
    0x080009c8   0x080009c8   0x00000054   Code   RO           35    .text.Battery_Pack_Control_Unit_Init  battery_pack_control_unit.o
    0x08000a1c   0x08000a1c   0x00000030   Code   RO           33    .text.Battery_Pack_Control_Unit_Init_Values  battery_pack_control_unit.o
    0x08000a4c   0x08000a4c   0x00000004   Code   RO           29    .text.Battery_Pack_Control_Unit_MCU_Init  battery_pack_control_unit.o
    0x08000a50   0x08000a50   0x0000002e   Code   RO           65    .text.Battery_Pack_Control_Unit_Main_Task  battery_pack_control_unit.o
    0x08000a7e   0x08000a7e   0x00000002   PAD
    0x08000a80   0x08000a80   0x00000030   Code   RO           31    .text.Battery_Pack_Control_Unit_Read_Memory_Init  battery_pack_control_unit.o
    0x08000ab0   0x08000ab0   0x00000002   Code   RO          965    .text.BusFault_Handler  stm32f4xx_it.o
    0x08000ab2   0x08000ab2   0x00000004   Code   RO          858    .text.CAN1_Interrupt_DoTask  can_bus.o
    0x08000ab6   0x08000ab6   0x00000002   PAD
    0x08000ab8   0x08000ab8   0x00000028   Code   RO          977    .text.CAN1_RX0_IRQHandler  stm32f4xx_it.o
    0x08000ae0   0x08000ae0   0x00000020   Code   RO          856    .text.CAN1_Send     can_bus.o
    0x08000b00   0x08000b00   0x00000028   Code   RO           49    .text.CAN_Status_Send_Interrupt_Task  battery_pack_control_unit.o
    0x08000b28   0x08000b28   0x00000050   Code   RO           51    .text.CAN_Temp_Send_Interrupt_Task  battery_pack_control_unit.o
    0x08000b78   0x08000b78   0x00000008   Code   RO           19    .text.Control_Unit_CAN1_Interrupt  control_unit.o
    0x08000b80   0x08000b80   0x00000008   Code   RO           13    .text.Control_Unit_Init  control_unit.o
    0x08000b88   0x08000b88   0x00000004   Code   RO           11    .text.Control_Unit_MCU_Init  control_unit.o
    0x08000b8c   0x08000b8c   0x00000008   Code   RO           15    .text.Control_Unit_Main_Task  control_unit.o
    0x08000b94   0x08000b94   0x0000000c   Code   RO           17    .text.Control_Unit_Timer_10ms_Interrupt  control_unit.o
    0x08000ba0   0x08000ba0   0x00000002   Code   RO          971    .text.DebugMon_Handler  stm32f4xx_it.o
    0x08000ba2   0x08000ba2   0x00000002   PAD
    0x08000ba4   0x08000ba4   0x00000038   Code   RO         1302    .text.FLASH_Erase_Sector  stm32f4xx_hal_flash_ex.o
    0x08000bdc   0x08000bdc   0x00000054   Code   RO         1304    .text.FLASH_FlushCaches  stm32f4xx_hal_flash_ex.o
    0x08000c30   0x08000c30   0x00000020   Code   RO         1300    .text.FLASH_MassErase  stm32f4xx_hal_flash_ex.o
    0x08000c50   0x08000c50   0x0000001c   Code   RO         1259    .text.FLASH_Program_Byte  stm32f4xx_hal_flash.o
    0x08000c6c   0x08000c6c   0x00000028   Code   RO         1265    .text.FLASH_Program_DoubleWord  stm32f4xx_hal_flash.o
    0x08000c94   0x08000c94   0x00000020   Code   RO         1261    .text.FLASH_Program_HalfWord  stm32f4xx_hal_flash.o
    0x08000cb4   0x08000cb4   0x00000024   Code   RO         1263    .text.FLASH_Program_Word  stm32f4xx_hal_flash.o
    0x08000cd8   0x08000cd8   0x00000068   Code   RO         1271    .text.FLASH_SetErrorCode  stm32f4xx_hal_flash.o
    0x08000d40   0x08000d40   0x00000050   Code   RO         1257    .text.FLASH_WaitForLastOperation  stm32f4xx_hal_flash.o
    0x08000d90   0x08000d90   0x0000004c   Code   RO           67    .text.Flash_Erase_Sector2  battery_pack_control_unit.o
    0x08000ddc   0x08000ddc   0x00000018   Code   RO           37    .text.Generate_Status_Message  battery_pack_control_unit.o
    0x08000df4   0x08000df4   0x00000050   Code   RO           39    .text.Generate_Temp_Message  battery_pack_control_unit.o
    0x08000e44   0x08000e44   0x0000004e   Code   RO           41    .text.Generate_Volt_Message  battery_pack_control_unit.o
    0x08000e92   0x08000e92   0x0000000c   Code   RO          103    .text.Green_LED_Blink  state_leds.o
    0x08000e9e   0x08000e9e   0x00000006   Code   RO           91    .text.Green_LED_Off  state_leds.o
    0x08000ea4   0x08000ea4   0x00000006   Code   RO           87    .text.Green_LED_On  state_leds.o
    0x08000eaa   0x08000eaa   0x00000008   Code   RO          101    .text.Green_LED_Permanent_Off  state_leds.o
    0x08000eb2   0x08000eb2   0x00000008   Code   RO           97    .text.Green_LED_Permanent_On  state_leds.o
    0x08000eba   0x08000eba   0x0000005e   Code   RO          113    .text.Green_Led_Interrupt_Task  state_leds.o
    0x08000f18   0x08000f18   0x00000026   Code   RO         1645    .text.HAL_CAN_ActivateNotification  stm32f4xx_hal_can.o
    0x08000f3e   0x08000f3e   0x00000096   Code   RO         1631    .text.HAL_CAN_AddTxMessage  stm32f4xx_hal_can.o
    0x08000fd4   0x08000fd4   0x000000c8   Code   RO         1621    .text.HAL_CAN_ConfigFilter  stm32f4xx_hal_can.o
    0x0800109c   0x0800109c   0x00000002   Code   RO         1675    .text.HAL_CAN_ErrorCallback  stm32f4xx_hal_can.o
    0x0800109e   0x0800109e   0x000000c2   Code   RO         1641    .text.HAL_CAN_GetRxMessage  stm32f4xx_hal_can.o
    0x08001160   0x08001160   0x000001f2   Code   RO         1649    .text.HAL_CAN_IRQHandler  stm32f4xx_hal_can.o
    0x08001352   0x08001352   0x000000da   Code   RO         1611    .text.HAL_CAN_Init  stm32f4xx_hal_can.o
    0x0800142c   0x0800142c   0x0000007c   Code   RO          935    .text.HAL_CAN_MspInit  stm32f4xx_hal_msp.o
    0x080014a8   0x080014a8   0x00000002   Code   RO         1663    .text.HAL_CAN_RxFifo0FullCallback  stm32f4xx_hal_can.o
    0x080014aa   0x080014aa   0x00000002   Code   RO         1665    .text.HAL_CAN_RxFifo0MsgPendingCallback  stm32f4xx_hal_can.o
    0x080014ac   0x080014ac   0x00000002   Code   RO         1667    .text.HAL_CAN_RxFifo1FullCallback  stm32f4xx_hal_can.o
    0x080014ae   0x080014ae   0x00000002   Code   RO         1669    .text.HAL_CAN_RxFifo1MsgPendingCallback  stm32f4xx_hal_can.o
    0x080014b0   0x080014b0   0x00000002   Code   RO         1671    .text.HAL_CAN_SleepCallback  stm32f4xx_hal_can.o
    0x080014b2   0x080014b2   0x0000004c   Code   RO         1623    .text.HAL_CAN_Start  stm32f4xx_hal_can.o
    0x080014fe   0x080014fe   0x00000002   Code   RO         1653    .text.HAL_CAN_TxMailbox0AbortCallback  stm32f4xx_hal_can.o
    0x08001500   0x08001500   0x00000002   Code   RO         1651    .text.HAL_CAN_TxMailbox0CompleteCallback  stm32f4xx_hal_can.o
    0x08001502   0x08001502   0x00000002   Code   RO         1657    .text.HAL_CAN_TxMailbox1AbortCallback  stm32f4xx_hal_can.o
    0x08001504   0x08001504   0x00000002   Code   RO         1655    .text.HAL_CAN_TxMailbox1CompleteCallback  stm32f4xx_hal_can.o
    0x08001506   0x08001506   0x00000002   Code   RO         1661    .text.HAL_CAN_TxMailbox2AbortCallback  stm32f4xx_hal_can.o
    0x08001508   0x08001508   0x00000002   Code   RO         1659    .text.HAL_CAN_TxMailbox2CompleteCallback  stm32f4xx_hal_can.o
    0x0800150a   0x0800150a   0x00000002   Code   RO         1673    .text.HAL_CAN_WakeUpFromRxMsgCallback  stm32f4xx_hal_can.o
    0x0800150c   0x0800150c   0x00000020   Code   RO         1537    .text.HAL_Delay     stm32f4xx_hal.o
    0x0800152c   0x0800152c   0x00000090   Code   RO         1298    .text.HAL_FLASHEx_Erase  stm32f4xx_hal_flash_ex.o
    0x080015bc   0x080015bc   0x00000008   Code   RO         1287    .text.HAL_FLASH_GetError  stm32f4xx_hal_flash.o
    0x080015c4   0x080015c4   0x00000010   Code   RO         1279    .text.HAL_FLASH_Lock  stm32f4xx_hal_flash.o
    0x080015d4   0x080015d4   0x00000084   Code   RO         1255    .text.HAL_FLASH_Program  stm32f4xx_hal_flash.o
    0x08001658   0x08001658   0x00000028   Code   RO         1277    .text.HAL_FLASH_Unlock  stm32f4xx_hal_flash.o
    0x08001680   0x08001680   0x00000194   Code   RO         1323    .text.HAL_GPIO_Init  stm32f4xx_hal_gpio.o
    0x08001814   0x08001814   0x0000000a   Code   RO         1329    .text.HAL_GPIO_WritePin  stm32f4xx_hal_gpio.o
    0x0800181e   0x0800181e   0x00000002   PAD
    0x08001820   0x08001820   0x00000008   Code   RO         1529    .text.HAL_GetTick   stm32f4xx_hal.o
    0x08001828   0x08001828   0x0000000c   Code   RO         2398    .text.HAL_IWDG_Refresh  stm32f4xx_hal_iwdg.o
    0x08001834   0x08001834   0x00000014   Code   RO         1527    .text.HAL_IncTick   stm32f4xx_hal.o
    0x08001848   0x08001848   0x00000034   Code   RO         1517    .text.HAL_Init      stm32f4xx_hal.o
    0x0800187c   0x0800187c   0x0000003c   Code   RO         1519    .text.HAL_InitTick  stm32f4xx_hal.o
    0x080018b8   0x080018b8   0x00000038   Code   RO          933    .text.HAL_MspInit   stm32f4xx_hal_msp.o
    0x080018f0   0x080018f0   0x00000018   Code   RO         1471    .text.HAL_NVIC_EnableIRQ  stm32f4xx_hal_cortex.o
    0x08001908   0x08001908   0x0000004c   Code   RO         1469    .text.HAL_NVIC_SetPriority  stm32f4xx_hal_cortex.o
    0x08001954   0x08001954   0x00000020   Code   RO         1467    .text.HAL_NVIC_SetPriorityGrouping  stm32f4xx_hal_cortex.o
    0x08001974   0x08001974   0x0000011c   Code   RO         1195    .text.HAL_RCC_ClockConfig  stm32f4xx_hal_rcc.o
    0x08001a90   0x08001a90   0x0000005c   Code   RO         1197    .text.HAL_RCC_GetSysClockFreq  stm32f4xx_hal_rcc.o
    0x08001aec   0x08001aec   0x0000032c   Code   RO         1193    .text.HAL_RCC_OscConfig  stm32f4xx_hal_rcc.o
    0x08001e18   0x08001e18   0x000000b0   Code   RO         2408    .text.HAL_SPI_Init  stm32f4xx_hal_spi.o
    0x08001ec8   0x08001ec8   0x000000dc   Code   RO          939    .text.HAL_SPI_MspInit  stm32f4xx_hal_msp.o
    0x08001fa4   0x08001fa4   0x00000192   Code   RO         2422    .text.HAL_SPI_TransmitReceive  stm32f4xx_hal_spi.o
    0x08002136   0x08002136   0x00000002   PAD
    0x08002138   0x08002138   0x00000028   Code   RO         1479    .text.HAL_SYSTICK_Config  stm32f4xx_hal_cortex.o
    0x08002160   0x08002160   0x00000002   Code   RO         2320    .text.HAL_TIMEx_BreakCallback  stm32f4xx_hal_tim_ex.o
    0x08002162   0x08002162   0x00000002   Code   RO         2316    .text.HAL_TIMEx_CommutCallback  stm32f4xx_hal_tim_ex.o
    0x08002164   0x08002164   0x00000070   Code   RO         2310    .text.HAL_TIMEx_MasterConfigSynchronization  stm32f4xx_hal_tim_ex.o
    0x080021d4   0x080021d4   0x0000001e   Code   RO         1889    .text.HAL_TIM_Base_Init  stm32f4xx_hal_tim.o
    0x080021f2   0x080021f2   0x00000002   PAD
    0x080021f4   0x080021f4   0x00000040   Code   RO          945    .text.HAL_TIM_Base_MspInit  stm32f4xx_hal_msp.o
    0x08002234   0x08002234   0x00000080   Code   RO         1903    .text.HAL_TIM_Base_Start_IT  stm32f4xx_hal_tim.o
    0x080022b4   0x080022b4   0x00000002   Code   RO         2025    .text.HAL_TIM_IC_CaptureCallback  stm32f4xx_hal_tim.o
    0x080022b6   0x080022b6   0x00000126   Code   RO         2023    .text.HAL_TIM_IRQHandler  stm32f4xx_hal_tim.o
    0x080023dc   0x080023dc   0x00000002   Code   RO         2027    .text.HAL_TIM_OC_DelayElapsedCallback  stm32f4xx_hal_tim.o
    0x080023de   0x080023de   0x00000002   Code   RO         2029    .text.HAL_TIM_PWM_PulseFinishedCallback  stm32f4xx_hal_tim.o
    0x080023e0   0x080023e0   0x00000002   Code   RO         2031    .text.HAL_TIM_PeriodElapsedCallback  stm32f4xx_hal_tim.o
    0x080023e2   0x080023e2   0x00000002   Code   RO         2033    .text.HAL_TIM_TriggerCallback  stm32f4xx_hal_tim.o
    0x080023e4   0x080023e4   0x00000002   Code   RO          961    .text.HardFault_Handler  stm32f4xx_it.o
    0x080023e6   0x080023e6   0x0000003c   Code   RO           53    .text.Initialitation_Tim_Interrupt_Task  battery_pack_control_unit.o
    0x08002422   0x08002422   0x00000002   PAD
    0x08002424   0x08002424   0x0000000c   Code   RO          345    .text.LTC6811_CS_High_1  lt_spi.o
    0x08002430   0x08002430   0x0000000c   Code   RO          349    .text.LTC6811_CS_High_2  lt_spi.o
    0x0800243c   0x0800243c   0x0000000c   Code   RO          343    .text.LTC6811_CS_Low_1  lt_spi.o
    0x08002448   0x08002448   0x00000010   Code   RO          347    .text.LTC6811_CS_Low_2  lt_spi.o
    0x08002458   0x08002458   0x00000048   Code   RO          806    .text.LTC6811_Encode_Temp  ltc6811_dual.o
    0x080024a0   0x080024a0   0x0000004c   Code   RO          804    .text.LTC6811_Encode_Volt_10mV  ltc6811_dual.o
    0x080024ec   0x080024ec   0x00000060   Code   RO          800    .text.LTC6811_Init_1  ltc6811_dual.o
    0x0800254c   0x0800254c   0x00000068   Code   RO          802    .text.LTC6811_Init_2  ltc6811_dual.o
    0x080025b4   0x080025b4   0x0000001c   Code   RO          339    .text.LTC6811_Initialize_1  lt_spi.o
    0x080025d0   0x080025d0   0x0000001c   Code   RO          341    .text.LTC6811_Initialize_2  lt_spi.o
    0x080025ec   0x080025ec   0x00000004   PAD
    0x080025f0   0x080025f0   0x000002dc   Code   RO          822    .text.LTC6811_Measure_Temperatures_and_Voltages  ltc6811_dual.o
    0x080028cc   0x080028cc   0x00000024   Code   RO          363    .text.LTC6811_SPI_Read_Byte_1  lt_spi.o
    0x080028f0   0x080028f0   0x00000024   Code   RO          365    .text.LTC6811_SPI_Read_Byte_2  lt_spi.o
    0x08002914   0x08002914   0x0000002c   Code   RO          355    .text.LTC6811_SPI_Write_Array_1  lt_spi.o
    0x08002940   0x08002940   0x0000002c   Code   RO          357    .text.LTC6811_SPI_Write_Array_2  lt_spi.o
    0x0800296c   0x0800296c   0x00000040   Code   RO          359    .text.LTC6811_SPI_Write_Read_1  lt_spi.o
    0x080029ac   0x080029ac   0x00000044   Code   RO          361    .text.LTC6811_SPI_Write_Read_2  lt_spi.o
    0x080029f0   0x080029f0   0x00000004   Code   RO          141    .text.LTC6811_adcv  ltc6811.o
    0x080029f4   0x080029f4   0x00000004   Code   RO          235    .text.LTC6811_adcv_2  ltc6811.o
    0x080029f8   0x080029f8   0x00000004   Code   RO          217    .text.LTC6811_init_cfg  ltc6811.o
    0x080029fc   0x080029fc   0x00000004   Code   RO          311    .text.LTC6811_init_cfg_2  ltc6811.o
    0x08002a00   0x08002a00   0x0000001c   Code   RO          139    .text.LTC6811_init_reg_limits  ltc6811.o
    0x08002a1c   0x08002a1c   0x00000020   Code   RO          233    .text.LTC6811_init_reg_limits_2  ltc6811.o
    0x08002a3c   0x08002a3c   0x00000004   Code   RO          169    .text.LTC6811_rdcv  ltc6811.o
    0x08002a40   0x08002a40   0x00000004   Code   RO          263    .text.LTC6811_rdcv_2  ltc6811.o
    0x08002a44   0x08002a44   0x00000004   Code   RO          215    .text.LTC6811_reset_crc_count  ltc6811.o
    0x08002a48   0x08002a48   0x00000004   Code   RO          309    .text.LTC6811_reset_crc_count_2  ltc6811.o
    0x08002a4c   0x08002a4c   0x0000002e   Code   RO          219    .text.LTC6811_set_cfgr  ltc6811.o
    0x08002a7a   0x08002a7a   0x0000002e   Code   RO          313    .text.LTC6811_set_cfgr_2  ltc6811.o
    0x08002aa8   0x08002aa8   0x00000004   Code   RO          227    .text.LTC6811_set_cfgr_dis  ltc6811.o
    0x08002aac   0x08002aac   0x00000004   Code   RO          321    .text.LTC6811_set_cfgr_dis_2  ltc6811.o
    0x08002ab0   0x08002ab0   0x00000004   Code   RO          221    .text.LTC6811_set_cfgr_refon  ltc6811.o
    0x08002ab4   0x08002ab4   0x00000004   Code   RO          315    .text.LTC6811_set_cfgr_refon_2  ltc6811.o
    0x08002ab8   0x08002ab8   0x00000004   Code   RO          185    .text.LTC6811_wrcfg  ltc6811.o
    0x08002abc   0x08002abc   0x00000004   Code   RO          279    .text.LTC6811_wrcfg_2  ltc6811.o
    0x08002ac0   0x08002ac0   0x0000000e   Code   RO          398    .text.LTC681x_adcv  ltc681x.o
    0x08002ace   0x08002ace   0x0000000e   Code   RO          510    .text.LTC681x_adcv_2  ltc681x.o
    0x08002adc   0x08002adc   0x00000118   Code   RO          446    .text.LTC681x_check_pec  ltc681x.o
    0x08002bf4   0x08002bf4   0x00000118   Code   RO          558    .text.LTC681x_check_pec_2  ltc681x.o
    0x08002d0c   0x08002d0c   0x00000048   Code   RO          474    .text.LTC681x_init_cfg  ltc681x.o
    0x08002d54   0x08002d54   0x0000004c   Code   RO          586    .text.LTC681x_init_cfg_2  ltc681x.o
    0x08002da0   0x08002da0   0x00000082   Code   RO          444    .text.LTC681x_rdcv  ltc681x.o
    0x08002e22   0x08002e22   0x00000082   Code   RO          556    .text.LTC681x_rdcv_2  ltc681x.o
    0x08002ea4   0x08002ea4   0x00000050   Code   RO          538    .text.LTC681x_rdcv_2_reg_2  ltc681x.o
    0x08002ef4   0x08002ef4   0x00000050   Code   RO          426    .text.LTC681x_rdcv_reg  ltc681x.o
    0x08002f44   0x08002f44   0x00000034   Code   RO          472    .text.LTC681x_reset_crc_count  ltc681x.o
    0x08002f78   0x08002f78   0x00000034   Code   RO          584    .text.LTC681x_reset_crc_count_2  ltc681x.o
    0x08002fac   0x08002fac   0x00000018   Code   RO          476    .text.LTC681x_set_cfgr  ltc681x.o
    0x08002fc4   0x08002fc4   0x00000018   Code   RO          588    .text.LTC681x_set_cfgr_2  ltc681x.o
    0x08002fdc   0x08002fdc   0x00000004   Code   RO          480    .text.LTC681x_set_cfgr_adcopt  ltc681x.o
    0x08002fe0   0x08002fe0   0x00000004   Code   RO          592    .text.LTC681x_set_cfgr_adcopt_2  ltc681x.o
    0x08002fe4   0x08002fe4   0x00000040   Code   RO          484    .text.LTC681x_set_cfgr_dis  ltc681x.o
    0x08003024   0x08003024   0x00000040   Code   RO          596    .text.LTC681x_set_cfgr_dis_2  ltc681x.o
    0x08003064   0x08003064   0x0000001e   Code   RO          482    .text.LTC681x_set_cfgr_gpio  ltc681x.o
    0x08003082   0x08003082   0x0000001e   Code   RO          594    .text.LTC681x_set_cfgr_gpio_2  ltc681x.o
    0x080030a0   0x080030a0   0x00000004   Code   RO          478    .text.LTC681x_set_cfgr_refon  ltc681x.o
    0x080030a4   0x080030a4   0x00000004   Code   RO          590    .text.LTC681x_set_cfgr_refon_2  ltc681x.o
    0x080030a8   0x080030a8   0x0000005a   Code   RO          452    .text.LTC681x_wrcfg  ltc681x.o
    0x08003102   0x08003102   0x0000005a   Code   RO          564    .text.LTC681x_wrcfg_2  ltc681x.o
    0x0800315c   0x0800315c   0x00000040   Code   RO          810    .text.LTC_Active_Even_Balancing  ltc6811_dual.o
    0x0800319c   0x0800319c   0x00000040   Code   RO          816    .text.LTC_Active_Even_Balancing_2  ltc6811_dual.o
    0x080031dc   0x080031dc   0x0000003e   Code   RO          812    .text.LTC_Active_Odd_Balancing  ltc6811_dual.o
    0x0800321a   0x0800321a   0x0000003e   Code   RO          818    .text.LTC_Active_Odd_Balancing_2  ltc6811_dual.o
    0x08003258   0x08003258   0x0000002c   Code   RO          814    .text.LTC_Disable_Balancing  ltc6811_dual.o
    0x08003284   0x08003284   0x0000002c   Code   RO          820    .text.LTC_Disable_Balancing_2  ltc6811_dual.o
    0x080032b0   0x080032b0   0x00000070   Code   RO          808    .text.LTC_Voltage_to_Temperature  ltc6811_dual.o
    0x08003320   0x08003320   0x00000004   Code   RO          912    .text.MCU_CAN1_Send  mcu.o
    0x08003324   0x08003324   0x00000004   Code   RO          922    .text.MCU_Flash_Program_Word  mcu.o
    0x08003328   0x08003328   0x00000004   Code   RO          918    .text.MCU_Flash_Read_Word  mcu.o
    0x0800332c   0x0800332c   0x00000004   Code   RO          898    .text.MCU_GPIO_Init_C8_Output  mcu.o
    0x08003330   0x08003330   0x00000004   Code   RO          900    .text.MCU_GPIO_Init_C9_Output  mcu.o
    0x08003334   0x08003334   0x00000004   Code   RO          902    .text.MCU_GPIO_Write_C8_Output  mcu.o
    0x08003338   0x08003338   0x00000004   Code   RO          904    .text.MCU_GPIO_Write_C9_Output  mcu.o
    0x0800333c   0x0800333c   0x00000004   Code   RO          906    .text.MCU_Init      mcu.o
    0x08003340   0x08003340   0x00000010   Code   RO          914    .text.MCU_WDT_Refresh  mcu.o
    0x08003350   0x08003350   0x00000002   Code   RO          963    .text.MemManage_Handler  stm32f4xx_it.o
    0x08003352   0x08003352   0x00000002   Code   RO          959    .text.NMI_Handler   stm32f4xx_it.o
    0x08003354   0x08003354   0x0000000c   Code   RO          121    .text.OUTLINED_FUNCTION_0  state_leds.o
    0x08003360   0x08003360   0x00000028   Code   RO          367    .text.OUTLINED_FUNCTION_0  lt_spi.o
    0x08003388   0x08003388   0x0000000a   Code   RO          824    .text.OUTLINED_FUNCTION_0  ltc6811_dual.o
    0x08003392   0x08003392   0x00000018   Code   RO          949    .text.OUTLINED_FUNCTION_0  stm32f4xx_hal_msp.o
    0x080033aa   0x080033aa   0x0000000c   Code   RO         1219    .text.OUTLINED_FUNCTION_0  stm32f4xx_hal_rcc.o
    0x080033b6   0x080033b6   0x00000008   Code   RO         1312    .text.OUTLINED_FUNCTION_0  stm32f4xx_hal_flash_ex.o
    0x080033be   0x080033be   0x00000012   Code   RO         1505    .text.OUTLINED_FUNCTION_0  stm32f4xx_hal_cortex.o
    0x080033d0   0x080033d0   0x0000000c   Code   RO         1683    .text.OUTLINED_FUNCTION_0  stm32f4xx_hal_can.o
    0x080033dc   0x080033dc   0x0000000c   Code   RO          123    .text.OUTLINED_FUNCTION_1  state_leds.o
    0x080033e8   0x080033e8   0x0000000a   Code   RO          369    .text.OUTLINED_FUNCTION_1  lt_spi.o
    0x080033f2   0x080033f2   0x00000008   Code   RO          826    .text.OUTLINED_FUNCTION_1  ltc6811_dual.o
    0x080033fa   0x080033fa   0x00000012   Code   RO         1032    .text.OUTLINED_FUNCTION_1  stm32f4.o
    0x0800340c   0x0800340c   0x0000000c   Code   RO         1685    .text.OUTLINED_FUNCTION_1  stm32f4xx_hal_can.o
    0x08003418   0x08003418   0x0000002e   Code   RO         2123    .text.OUTLINED_FUNCTION_1  stm32f4xx_hal_tim.o
    0x08003446   0x08003446   0x0000000c   Code   RO          632    .text.OUTLINED_FUNCTION_10  ltc681x.o
    0x08003452   0x08003452   0x0000000a   Code   RO         2143    .text.OUTLINED_FUNCTION_11  stm32f4xx_hal_tim.o
    0x0800345c   0x0800345c   0x00000008   Code   RO          636    .text.OUTLINED_FUNCTION_12  ltc681x.o
    0x08003464   0x08003464   0x0000000a   Code   RO         2147    .text.OUTLINED_FUNCTION_13  stm32f4xx_hal_tim.o
    0x0800346e   0x0800346e   0x0000000a   Code   RO         2550    .text.OUTLINED_FUNCTION_16  stm32f4xx_hal_spi.o
    0x08003478   0x08003478   0x00000020   Code   RO          646    .text.OUTLINED_FUNCTION_17  ltc681x.o
    0x08003498   0x08003498   0x0000001e   Code   RO          650    .text.OUTLINED_FUNCTION_19  ltc681x.o
    0x080034b6   0x080034b6   0x00000010   Code   RO         2556    .text.OUTLINED_FUNCTION_19  stm32f4xx_hal_spi.o
    0x080034c6   0x080034c6   0x0000000a   Code   RO          125    .text.OUTLINED_FUNCTION_2  state_leds.o
    0x080034d0   0x080034d0   0x00000010   Code   RO          371    .text.OUTLINED_FUNCTION_2  lt_spi.o
    0x080034e0   0x080034e0   0x0000000a   Code   RO          828    .text.OUTLINED_FUNCTION_2  ltc6811_dual.o
    0x080034ea   0x080034ea   0x00000010   Code   RO         1034    .text.OUTLINED_FUNCTION_2  stm32f4.o
    0x080034fa   0x080034fa   0x0000000a   Code   RO         1223    .text.OUTLINED_FUNCTION_2  stm32f4xx_hal_rcc.o
    0x08003504   0x08003504   0x0000000e   Code   RO         1687    .text.OUTLINED_FUNCTION_2  stm32f4xx_hal_can.o
    0x08003512   0x08003512   0x0000001c   Code   RO          652    .text.OUTLINED_FUNCTION_20  ltc681x.o
    0x0800352e   0x0800352e   0x00000010   Code   RO         2558    .text.OUTLINED_FUNCTION_20  stm32f4xx_hal_spi.o
    0x0800353e   0x0800353e   0x0000000e   Code   RO          654    .text.OUTLINED_FUNCTION_21  ltc681x.o
    0x0800354c   0x0800354c   0x0000000e   Code   RO          656    .text.OUTLINED_FUNCTION_22  ltc681x.o
    0x0800355a   0x0800355a   0x00000008   Code   RO          658    .text.OUTLINED_FUNCTION_23  ltc681x.o
    0x08003562   0x08003562   0x0000000e   Code   RO         2564    .text.OUTLINED_FUNCTION_23  stm32f4xx_hal_spi.o
    0x08003570   0x08003570   0x00000008   Code   RO         2568    .text.OUTLINED_FUNCTION_25  stm32f4xx_hal_spi.o
    0x08003578   0x08003578   0x0000000a   Code   RO         2173    .text.OUTLINED_FUNCTION_26  stm32f4xx_hal_tim.o
    0x08003582   0x08003582   0x0000001a   Code   RO          666    .text.OUTLINED_FUNCTION_27  ltc681x.o
    0x0800359c   0x0800359c   0x0000000a   Code   RO          127    .text.OUTLINED_FUNCTION_3  state_leds.o
    0x080035a6   0x080035a6   0x0000000e   Code   RO          373    .text.OUTLINED_FUNCTION_3  lt_spi.o
    0x080035b4   0x080035b4   0x00000016   Code   RO          618    .text.OUTLINED_FUNCTION_3  ltc681x.o
    0x080035ca   0x080035ca   0x0000000a   Code   RO          830    .text.OUTLINED_FUNCTION_3  ltc6811_dual.o
    0x080035d4   0x080035d4   0x0000000a   Code   RO         1036    .text.OUTLINED_FUNCTION_3  stm32f4.o
    0x080035de   0x080035de   0x00000010   Code   RO         1689    .text.OUTLINED_FUNCTION_3  stm32f4xx_hal_can.o
    0x080035ee   0x080035ee   0x00000014   Code   RO          674    .text.OUTLINED_FUNCTION_31  ltc681x.o
    0x08003602   0x08003602   0x00000014   Code   RO         2183    .text.OUTLINED_FUNCTION_31  stm32f4xx_hal_tim.o
    0x08003616   0x08003616   0x00000018   Code   RO          684    .text.OUTLINED_FUNCTION_36  ltc681x.o
    0x0800362e   0x0800362e   0x00000014   Code   RO          686    .text.OUTLINED_FUNCTION_37  ltc681x.o
    0x08003642   0x08003642   0x0000000a   Code   RO          129    .text.OUTLINED_FUNCTION_4  state_leds.o
    0x0800364c   0x0800364c   0x0000000a   Code   RO          832    .text.OUTLINED_FUNCTION_4  ltc6811_dual.o
    0x08003656   0x08003656   0x0000000c   Code   RO         1691    .text.OUTLINED_FUNCTION_4  stm32f4xx_hal_can.o
    0x08003662   0x08003662   0x0000000a   Code   RO         2203    .text.OUTLINED_FUNCTION_41  stm32f4xx_hal_tim.o
    0x0800366c   0x0800366c   0x00000012   Code   RO          696    .text.OUTLINED_FUNCTION_42  ltc681x.o
    0x0800367e   0x0800367e   0x00000016   Code   RO          698    .text.OUTLINED_FUNCTION_43  ltc681x.o
    0x08003694   0x08003694   0x00000006   Code   RO          704    .text.OUTLINED_FUNCTION_46  ltc681x.o
    0x0800369a   0x0800369a   0x00000006   Code   RO         2215    .text.OUTLINED_FUNCTION_47  stm32f4xx_hal_tim.o
    0x080036a0   0x080036a0   0x00000008   Code   RO          710    .text.OUTLINED_FUNCTION_49  ltc681x.o
    0x080036a8   0x080036a8   0x0000000a   Code   RO          622    .text.OUTLINED_FUNCTION_5  ltc681x.o
    0x080036b2   0x080036b2   0x0000000c   Code   RO          834    .text.OUTLINED_FUNCTION_5  ltc6811_dual.o
    0x080036be   0x080036be   0x00000010   Code   RO         2528    .text.OUTLINED_FUNCTION_5  stm32f4xx_hal_spi.o
    0x080036ce   0x080036ce   0x00000008   Code   RO          712    .text.OUTLINED_FUNCTION_50  ltc681x.o
    0x080036d6   0x080036d6   0x00000014   Code   RO          714    .text.OUTLINED_FUNCTION_51  ltc681x.o
    0x080036ea   0x080036ea   0x00000012   Code   RO          722    .text.OUTLINED_FUNCTION_55  ltc681x.o
    0x080036fc   0x080036fc   0x0000000e   Code   RO          726    .text.OUTLINED_FUNCTION_57  ltc681x.o
    0x0800370a   0x0800370a   0x0000000c   Code   RO          730    .text.OUTLINED_FUNCTION_59  ltc681x.o
    0x08003716   0x08003716   0x0000000a   Code   RO          624    .text.OUTLINED_FUNCTION_6  ltc681x.o
    0x08003720   0x08003720   0x0000000a   Code   RO          836    .text.OUTLINED_FUNCTION_6  ltc6811_dual.o
    0x0800372a   0x0800372a   0x00000008   Code   RO          744    .text.OUTLINED_FUNCTION_66  ltc681x.o
    0x08003732   0x08003732   0x00000010   Code   RO          746    .text.OUTLINED_FUNCTION_67  ltc681x.o
    0x08003742   0x08003742   0x0000000e   Code   RO          838    .text.OUTLINED_FUNCTION_7  ltc6811_dual.o
    0x08003750   0x08003750   0x0000000e   Code   RO         2135    .text.OUTLINED_FUNCTION_7  stm32f4xx_hal_tim.o
    0x0800375e   0x0800375e   0x0000000e   Code   RO          754    .text.OUTLINED_FUNCTION_71  ltc681x.o
    0x0800376c   0x0800376c   0x0000000a   Code   RO          758    .text.OUTLINED_FUNCTION_73  ltc681x.o
    0x08003776   0x08003776   0x0000000a   Code   RO          760    .text.OUTLINED_FUNCTION_74  ltc681x.o
    0x08003780   0x08003780   0x0000000e   Code   RO          762    .text.OUTLINED_FUNCTION_75  ltc681x.o
    0x0800378e   0x0800378e   0x0000000e   Code   RO          764    .text.OUTLINED_FUNCTION_76  ltc681x.o
    0x0800379c   0x0800379c   0x0000000e   Code   RO          766    .text.OUTLINED_FUNCTION_77  ltc681x.o
    0x080037aa   0x080037aa   0x0000000e   Code   RO          768    .text.OUTLINED_FUNCTION_78  ltc681x.o
    0x080037b8   0x080037b8   0x0000000a   Code   RO          840    .text.OUTLINED_FUNCTION_8  ltc6811_dual.o
    0x080037c2   0x080037c2   0x0000000a   Code   RO         2534    .text.OUTLINED_FUNCTION_8  stm32f4xx_hal_spi.o
    0x080037cc   0x080037cc   0x0000000e   Code   RO          772    .text.OUTLINED_FUNCTION_80  ltc681x.o
    0x080037da   0x080037da   0x0000000e   Code   RO          774    .text.OUTLINED_FUNCTION_81  ltc681x.o
    0x080037e8   0x080037e8   0x0000000e   Code   RO          780    .text.OUTLINED_FUNCTION_84  ltc681x.o
    0x080037f6   0x080037f6   0x0000000e   Code   RO          788    .text.OUTLINED_FUNCTION_88  ltc681x.o
    0x08003804   0x08003804   0x00000002   Code   RO          973    .text.PendSV_Handler  stm32f4xx_it.o
    0x08003806   0x08003806   0x00000002   PAD
    0x08003808   0x08003808   0x00000054   Code   RO         2418    .text.SPI_EndRxTxTransaction  stm32f4xx_hal_spi.o
    0x0800385c   0x0800385c   0x000000b4   Code   RO         2516    .text.SPI_WaitFlagStateUntilTimeout  stm32f4xx_hal_spi.o
    0x08003910   0x08003910   0x00000088   Code   RO          994    .text.STM32F4_CAN1_Init  stm32f4.o
    0x08003998   0x08003998   0x00000020   Code   RO         1014    .text.STM32F4_CAN1_Send  stm32f4.o
    0x080039b8   0x080039b8   0x00000016   Code   RO         1006    .text.STM32F4_Common_Init  stm32f4.o
    0x080039ce   0x080039ce   0x00000008   Code   RO          990    .text.STM32F4_Error_Handler  stm32f4.o
    0x080039d6   0x080039d6   0x00000022   Code   RO         1026    .text.STM32F4_Flash_Program_Word  stm32f4.o
    0x080039f8   0x080039f8   0x00000004   Code   RO         1020    .text.STM32F4_Flash_Read_Word  stm32f4.o
    0x080039fc   0x080039fc   0x00000034   Code   RO          998    .text.STM32F4_GPIO_Init_C8_Output  stm32f4.o
    0x08003a30   0x08003a30   0x00000038   Code   RO         1000    .text.STM32F4_GPIO_Init_C9_Output  stm32f4.o
    0x08003a68   0x08003a68   0x00000014   Code   RO         1010    .text.STM32F4_GPIO_Write_C8_Output  stm32f4.o
    0x08003a7c   0x08003a7c   0x00000018   Code   RO         1012    .text.STM32F4_GPIO_Write_C9_Output  stm32f4.o
    0x08003a94   0x08003a94   0x00000004   Code   RO         1008    .text.STM32F4_Init  stm32f4.o
    0x08003a98   0x08003a98   0x00000090   Code   RO          992    .text.STM32F4_SystemClock_Config  stm32f4.o
    0x08003b28   0x08003b28   0x00000058   Code   RO          996    .text.STM32F4_TIM7_Init  stm32f4.o
    0x08003b80   0x08003b80   0x0000000c   Code   RO         1018    .text.STM32F4_WDT_Refresh  stm32f4.o
    0x08003b8c   0x08003b8c   0x00000002   Code   RO          969    .text.SVC_Handler   stm32f4xx_it.o
    0x08003b8e   0x08003b8e   0x00000018   Code   RO          119    .text.State_LEDs_10ms_Tick  state_leds.o
    0x08003ba6   0x08003ba6   0x00000040   Code   RO           85    .text.State_LEDs_Init  state_leds.o
    0x08003be6   0x08003be6   0x00000012   Code   RO          117    .text.State_LEDs_Interrupt_Task  state_leds.o
    0x08003bf8   0x08003bf8   0x0000009e   Code   RO          111    .text.State_LEDs_Task  state_leds.o
    0x08003c96   0x08003c96   0x00000004   Code   RO          975    .text.SysTick_Handler  stm32f4xx_it.o
    0x08003c9a   0x08003c9a   0x00000002   PAD
    0x08003c9c   0x08003c9c   0x00000010   Code   RO         1052    .text.SystemInit    system_stm32f4xx.o
    0x08003cac   0x08003cac   0x00000014   Code   RO          979    .text.TIM7_IRQHandler  stm32f4xx_it.o
    0x08003cc0   0x08003cc0   0x000000d8   Code   RO         1893    .text.TIM_Base_SetConfig  stm32f4xx_hal_tim.o
    0x08003d98   0x08003d98   0x00000004   Code   RO          874    .text.Timer_10ms_Change_Timing  common_functions.o
    0x08003d9c   0x08003d9c   0x00000012   Code   RO          872    .text.Timer_10ms_Init  common_functions.o
    0x08003dae   0x08003dae   0x0000000c   Code   RO          878    .text.Timer_10ms_Reset  common_functions.o
    0x08003dba   0x08003dba   0x00000010   Code   RO          880    .text.Timer_10ms_Restart  common_functions.o
    0x08003dca   0x08003dca   0x00000006   Code   RO          876    .text.Timer_10ms_Start  common_functions.o
    0x08003dd0   0x08003dd0   0x00000006   Code   RO          882    .text.Timer_10ms_Stop  common_functions.o
    0x08003dd6   0x08003dd6   0x00000066   Code   RO          884    .text.Timer_10ms_Tick  common_functions.o
    0x08003e3c   0x08003e3c   0x00000002   Code   RO          967    .text.UsageFault_Handler  stm32f4xx_it.o
    0x08003e3e   0x08003e3e   0x0000000c   Code   RO          105    .text.Yellow_LED_Blink  state_leds.o
    0x08003e4a   0x08003e4a   0x00000006   Code   RO           93    .text.Yellow_LED_Off  state_leds.o
    0x08003e50   0x08003e50   0x00000006   Code   RO           89    .text.Yellow_LED_On  state_leds.o
    0x08003e56   0x08003e56   0x00000008   Code   RO           99    .text.Yellow_LED_Permanent_Off  state_leds.o
    0x08003e5e   0x08003e5e   0x0000005e   Code   RO          115    .text.Yellow_Led_Interrupt_Task  state_leds.o
    0x08003ebc   0x08003ebc   0x0000001c   Code   RO          390    .text.cmd_68        ltc681x.o
    0x08003ed8   0x08003ed8   0x0000001c   Code   RO          504    .text.cmd_68_2      ltc681x.o
    0x08003ef4   0x08003ef4   0x0000000e   Code   RO            2    .text.main          main.o
    0x08003f02   0x08003f02   0x00000036   Code   RO          428    .text.parse_cells   ltc681x.o
    0x08003f38   0x08003f38   0x00000036   Code   RO          540    .text.parse_cells_2  ltc681x.o
    0x08003f6e   0x08003f6e   0x00000002   PAD
    0x08003f70   0x08003f70   0x00000028   Code   RO          392    .text.pec15_calc    ltc681x.o
    0x08003f98   0x08003f98   0x0000001a   Code   RO          386    .text.wakeup_idle   ltc681x.o
    0x08003fb2   0x08003fb2   0x0000001a   Code   RO          500    .text.wakeup_idle_2  ltc681x.o
    0x08003fcc   0x08003fcc   0x0000001a   Code   RO          388    .text.wakeup_sleep  ltc681x.o
    0x08003fe6   0x08003fe6   0x0000001a   Code   RO          502    .text.wakeup_sleep_2  ltc681x.o
    0x08004000   0x08004000   0x00000048   Code   RO          394    .text.write_68      ltc681x.o
    0x08004048   0x08004048   0x00000048   Code   RO          506    .text.write_68_2    ltc681x.o
    0x08004090   0x08004090   0x00000062   Code   RO         2649    x$fpl$d2f           fz_wm.l(d2f.o)
    0x080040f2   0x080040f2   0x00000026   Code   RO         2653    x$fpl$dfltu         fz_wm.l(dflt_clz.o)
    0x08004118   0x08004118   0x00000154   Code   RO         2659    x$fpl$dmul          fz_wm.l(dmul.o)
    0x0800426c   0x0800426c   0x0000009c   Code   RO         2750    x$fpl$dnaninf       fz_wm.l(dnaninf.o)
    0x08004308   0x08004308   0x0000000c   Code   RO         2752    x$fpl$dretinf       fz_wm.l(dretinf.o)
    0x08004314   0x08004314   0x0000001a   Code   RO         2802    x$fpl$fpinit        fz_wm.l(fpinit.o)
    0x0800432e   0x0800432e   0x0000000a   Code   RO         2756    x$fpl$fretinf       fz_wm.l(fretinf.o)
    0x08004338   0x08004338   0x00000000   Code   RO         2758    x$fpl$usenofp       fz_wm.l(usenofp.o)
    0x08004338   0x08004338   0x00000005   Data   RO          791    .rodata..L__const.LTC681x_init_cfg_2.gpioBits  ltc681x.o
    0x0800433d   0x0800433d   0x00000010   Data   RO         1057    .rodata.AHBPrescTable  system_stm32f4xx.o
    0x0800434d   0x0800434d   0x00000021   Data   RO          843    .rodata.Temp_Table_C  ltc6811_dual.o
    0x0800436e   0x0800436e   0x00000002   PAD
    0x08004370   0x08004370   0x00000084   Data   RO          842    .rodata.Temp_Table_V  ltc6811_dual.o
    0x080043f4   0x080043f4   0x00000200   Data   RO          790    .rodata.crc15Table  ltc681x.o
    0x080045f4   0x080045f4   0x00000002   Data   RO          377    .rodata.str1.1      lt_spi.o
    0x080045f6   0x080045f6   0x00000002   PAD
    0x080045f8   0x080045f8   0x00000020   Data   RO         2896    Region$$Table       anon$$obj.o


    Execution Region RW_IRAM1 (Exec base: 0x20000000, Load base: 0x08004618, Size: 0x00000c08, Max: 0x00009000, ABSOLUTE)

    Exec Addr    Load Addr    Size         Type   Attr      Idx    E Section Name        Object

    0x20000000   0x08004618   0x00000004   Data   RW          846    .data..L_MergedGlobals  ltc6811_dual.o
    0x20000004   0x0800461c   0x00000008   Data   RW         1576    .data..L_MergedGlobals  stm32f4xx_hal.o
    0x2000000c   0x08004624   0x00000004   Data   RW         1056    .data.SystemCoreClock  system_stm32f4xx.o
    0x20000010        -       0x00000060   Zero   RW         2764    .bss                c_w.l(libspace.o)
    0x20000070        -       0x00000022   Zero   RW          847    .bss..L_MergedGlobals.1  ltc6811_dual.o
    0x20000092   0x08004628   0x00000002   PAD
    0x20000094        -       0x00000424   Zero   RW           21    .bss.CONTROL_UNIT   control_unit.o
    0x200004b8        -       0x00000028   Zero   RW         1038    .bss.STM32_CAN1     stm32f4.o
    0x200004e0        -       0x00000048   Zero   RW         1039    .bss.STM32_TIM7     stm32f4.o
    0x20000528        -       0x0000000c   Zero   RW         1042    .bss.Watchdog       stm32f4.o
    0x20000534        -       0x00000058   Zero   RW          375    .bss.hspi1          lt_spi.o
    0x2000058c        -       0x00000058   Zero   RW          376    .bss.hspi2          lt_spi.o
    0x200005e4        -       0x00000020   Zero   RW         1289    .bss.pFlash         stm32f4xx_hal_flash.o
    0x20000604        -       0x00000004   Zero   RW         1575    .bss.uwTick         stm32f4xx_hal.o
    0x20000608        -       0x00000200   Zero   RW         1067    HEAP                startup_stm32f405xx.o
    0x20000808        -       0x00000400   Zero   RW         1066    STACK               startup_stm32f405xx.o


==============================================================================

Image component sizes


      Code (inc. data)   RO Data    RW Data    ZI Data      Debug   Object Name

      1504         50          0          0          0      12305   battery_pack_control_unit.o
        36          0          0          0          0       1632   can_bus.o
       164          0          0          0          0       2519   common_functions.o
        40          4          0          0       1060       5430   control_unit.o
       480         32          2          0        176       7075   lt_spi.o
       208          4          0          0          0      20127   ltc6811.o
      1626         52        165          4         34      10598   ltc6811_dual.o
      2718         32        517          0          0      52711   ltc681x.o
        14          0          0          0          0        450   main.o
        48          4          0          0          0       3490   mcu.o
        64         26        392          0       1536        908   startup_stm32f405xx.o
       578          0          0          0          0       8228   state_leds.o
       680         32          0          0        124      15556   stm32f4.o
       172         12          0          8          4       7489   stm32f4xx_hal.o
      1466         10          0          0          0      13537   stm32f4xx_hal_can.o
       190         24          0          0          0      10337   stm32f4xx_hal_cortex.o
       516         28          0          0         32       5394   stm32f4xx_hal_flash.o
       324          4          0          0          0       5313   stm32f4xx_hal_flash_ex.o
       414         24          0          0          0       5290   stm32f4xx_hal_gpio.o
        12          0          0          0          0       1699   stm32f4xx_hal_iwdg.o
       488         36          0          0          0      12675   stm32f4xx_hal_msp.o
      1210         40          0          0          0       7685   stm32f4xx_hal_rcc.o
       932          8          0          0          0      22843   stm32f4xx_hal_spi.o
       804         72          0          0          0      47296   stm32f4xx_hal_tim.o
       116          0          0          0          0      20362   stm32f4xx_hal_tim_ex.o
        80          8          0          0          0       2841   stm32f4xx_it.o
        16          4         16          4          0       2743   system_stm32f4xx.o

    ----------------------------------------------------------------------
     14928        510       1128         16       2968     306533   Object Totals
         0          0         32          0          0          0   (incl. Generated)
        28          4          4          0          2          0   (incl. Padding)

    ----------------------------------------------------------------------

      Code (inc. data)   RO Data    RW Data    ZI Data      Debug   Library Member Name

         8          0          0          0          0         68   __main.o
         0          0          0          0          0          0   __rtentry.o
        12          0          0          0          0          0   __rtentry2.o
         6          0          0          0          0          0   __rtentry4.o
        94          8          0          0          0          0   __scatter.o
        26          0          0          0          0          0   __scatter_copy.o
        28          0          0          0          0          0   __scatter_zi.o
        10          0          0          0          0         68   defsig_exit.o
        50          0          0          0          0         88   defsig_general.o
        80         58          0          0          0         76   defsig_rtmem_inner.o
        14          0          0          0          0         80   defsig_rtmem_outer.o
        18          0          0          0          0         80   exit.o
        94          0          0          0          0         80   h1_alloc.o
        52          0          0          0          0         68   h1_extend.o
        78          0          0          0          0         80   h1_free.o
        12          0          0          0          0         84   h1_init.o
         6          0          0          0          0        152   heapauxi.o
         4          0          0          0          0        136   hguard.o
         0          0          0          0          0          0   indicate_semi.o
       138          0          0          0          0        168   init_alloc.o
         2          0          0          0          0          0   libinit.o
        14          0          0          0          0          0   libinit2.o
         2          0          0          0          0          0   libshutdown.o
         2          0          0          0          0          0   libshutdown2.o
         8          4          0          0         96         68   libspace.o
       240          0          0          0          0        100   lludivv7m.o
         0          0          0          0          0          0   maybetermalloc1.o
         8          4          0          0          0         68   rt_heap_descriptor_intlibspace.o
        78          0          0          0          0         80   rt_memclr_w.o
         2          0          0          0          0          0   rtexit.o
        10          0          0          0          0          0   rtexit2.o
        12          4          0          0          0         68   sys_exit.o
        74          0          0          0          0         80   sys_stackheap_outer.o
        14          0          0          0          0         76   sys_wrch.o
         2          0          0          0          0         68   use_no_semi.o
        98          4          0          0          0        140   d2f.o
        38          0          0          0          0        116   dflt_clz.o
       340         12          0          0          0        152   dmul.o
       156          4          0          0          0        140   dnaninf.o
        12          0          0          0          0        116   dretinf.o
        26          0          0          0          0        116   fpinit.o
        10          0          0          0          0        116   fretinf.o
         0          0          0          0          0          0   usenofp.o

    ----------------------------------------------------------------------
      1888         98          0          0         96       2732   Library Totals
        10          0          0          0          0          0   (incl. Padding)

    ----------------------------------------------------------------------

      Code (inc. data)   RO Data    RW Data    ZI Data      Debug   Library Name

      1198         78          0          0         96       1836   c_w.l
       680         20          0          0          0        896   fz_wm.l

    ----------------------------------------------------------------------
      1888         98          0          0         96       2732   Library Totals

    ----------------------------------------------------------------------

==============================================================================


      Code (inc. data)   RO Data    RW Data    ZI Data      Debug   

     16816        608       1128         16       3064     307297   Grand Totals
     16816        608       1128         16       3064     307297   ELF Image Totals
     16816        608       1128         16          0          0   ROM Totals

==============================================================================

    Total RO  Size (Code + RO Data)                17944 (  17.52kB)
    Total RW  Size (RW Data + ZI Data)              3080 (   3.01kB)
    Total ROM Size (Code + RO Data + RW Data)      17960 (  17.54kB)

==============================================================================

