Component: Arm Compiler for Embedded 6.21 Tool: armlink [5ec1fa00]

==============================================================================

Section Cross References

    main.o(.text.main) refers to control_unit.o(.text.Control_Unit_MCU_Init) for Control_Unit_MCU_Init
    main.o(.text.main) refers to control_unit.o(.text.Control_Unit_Init) for Control_Unit_Init
    main.o(.text.main) refers to control_unit.o(.text.Control_Unit_Main_Task) for Control_Unit_Main_Task
    main.o(.ARM.exidx.text.main) refers to main.o(.text.main) for [Anonymous Symbol]
    control_unit.o(.text.Control_Unit_MCU_Init) refers to battery_pack_control_unit.o(.text.Battery_Pack_Control_Unit_MCU_Init) for Battery_Pack_Control_Unit_MCU_Init
    control_unit.o(.ARM.exidx.text.Control_Unit_MCU_Init) refers to control_unit.o(.text.Control_Unit_MCU_Init) for [Anonymous Symbol]
    control_unit.o(.text.Control_Unit_Init) refers to battery_pack_control_unit.o(.text.Battery_Pack_Control_Unit_Init) for Battery_Pack_Control_Unit_Init
    control_unit.o(.text.Control_Unit_Init) refers to control_unit.o(.bss.CONTROL_UNIT) for CONTROL_UNIT
    control_unit.o(.ARM.exidx.text.Control_Unit_Init) refers to control_unit.o(.text.Control_Unit_Init) for [Anonymous Symbol]
    control_unit.o(.text.Control_Unit_Main_Task) refers to battery_pack_control_unit.o(.text.Battery_Pack_Control_Unit_Main_Task) for Battery_Pack_Control_Unit_Main_Task
    control_unit.o(.text.Control_Unit_Main_Task) refers to control_unit.o(.bss.CONTROL_UNIT) for CONTROL_UNIT
    control_unit.o(.ARM.exidx.text.Control_Unit_Main_Task) refers to control_unit.o(.text.Control_Unit_Main_Task) for [Anonymous Symbol]
    control_unit.o(.text.Control_Unit_Timer_10ms_Interrupt) refers to battery_pack_control_unit.o(.text.Battery_Pack_Control_Unit_10ms_Interrupt) for Battery_Pack_Control_Unit_10ms_Interrupt
    control_unit.o(.text.Control_Unit_Timer_10ms_Interrupt) refers to control_unit.o(.bss.CONTROL_UNIT) for CONTROL_UNIT
    control_unit.o(.ARM.exidx.text.Control_Unit_Timer_10ms_Interrupt) refers to control_unit.o(.text.Control_Unit_Timer_10ms_Interrupt) for [Anonymous Symbol]
    control_unit.o(.text.Control_Unit_CAN1_Interrupt) refers to battery_pack_control_unit.o(.text.Battery_Pack_Control_Unit_CAN1_Interrupt) for Battery_Pack_Control_Unit_CAN1_Interrupt
    control_unit.o(.text.Control_Unit_CAN1_Interrupt) refers to control_unit.o(.bss.CONTROL_UNIT) for CONTROL_UNIT
    control_unit.o(.ARM.exidx.text.Control_Unit_CAN1_Interrupt) refers to control_unit.o(.text.Control_Unit_CAN1_Interrupt) for [Anonymous Symbol]
    battery_pack_control_unit.o(.text.Battery_Pack_Control_Unit_MCU_Init) refers to mcu.o(.text.MCU_Init) for MCU_Init
    battery_pack_control_unit.o(.text.Battery_Pack_Control_Unit_MCU_Init) refers to ltc6811.o(.text.LTC6811_SPI_Init) for LTC6811_SPI_Init
    battery_pack_control_unit.o(.ARM.exidx.text.Battery_Pack_Control_Unit_MCU_Init) refers to battery_pack_control_unit.o(.text.Battery_Pack_Control_Unit_MCU_Init) for [Anonymous Symbol]
    battery_pack_control_unit.o(.text.Battery_Pack_Control_Unit_Device_Init) refers to mcu.o(.text.MCU_Flash_Read_Byte) for MCU_Flash_Read_Byte
    battery_pack_control_unit.o(.ARM.exidx.text.Battery_Pack_Control_Unit_Device_Init) refers to battery_pack_control_unit.o(.text.Battery_Pack_Control_Unit_Device_Init) for [Anonymous Symbol]
    battery_pack_control_unit.o(.text.Battery_Pack_Control_Unit_Read_Memory_Init) refers to mcu.o(.text.MCU_Flash_Read_Word) for MCU_Flash_Read_Word
    battery_pack_control_unit.o(.ARM.exidx.text.Battery_Pack_Control_Unit_Read_Memory_Init) refers to battery_pack_control_unit.o(.text.Battery_Pack_Control_Unit_Read_Memory_Init) for [Anonymous Symbol]
    battery_pack_control_unit.o(.text.Battery_Pack_Control_Unit_Init_Values) refers to battery_pack_control_unit.o(.text.Battery_Pack_Control_Unit_Read_Memory_Init) for Battery_Pack_Control_Unit_Read_Memory_Init
    battery_pack_control_unit.o(.ARM.exidx.text.Battery_Pack_Control_Unit_Init_Values) refers to battery_pack_control_unit.o(.text.Battery_Pack_Control_Unit_Init_Values) for [Anonymous Symbol]
    battery_pack_control_unit.o(.text.Battery_Pack_Control_Unit_Init) refers to state_leds.o(.text.State_LEDs_Init) for State_LEDs_Init
    battery_pack_control_unit.o(.text.Battery_Pack_Control_Unit_Init) refers to battery_pack_control_unit.o(.text.Battery_Pack_Control_Unit_Init_Values) for Battery_Pack_Control_Unit_Init_Values
    battery_pack_control_unit.o(.text.Battery_Pack_Control_Unit_Init) refers to common_functions.o(.text.Timer_10ms_Start) for Timer_10ms_Start
    battery_pack_control_unit.o(.text.Battery_Pack_Control_Unit_Init) refers to ltc6811.o(.text.LTC6811_Init) for LTC6811_Init
    battery_pack_control_unit.o(.text.Battery_Pack_Control_Unit_Init) refers to common_functions.o(.text.Timer_10ms_Init) for Timer_10ms_Init
[...]
    OUTLINED_FUNCTION_4                      0x0800aae1   Thumb Code    10  state_leds.o(.text.OUTLINED_FUNCTION_4)
    [Anonymous Symbol]                       0x0800aae0   Section        0  state_leds.o(.text.OUTLINED_FUNCTION_4)
    OUTLINED_FUNCTION_4                      0x0800aaeb   Thumb Code    12  stm32f4xx_hal_can.o(.text.OUTLINED_FUNCTION_4)
    [Anonymous Symbol]                       0x0800aaea   Section        0  stm32f4xx_hal_can.o(.text.OUTLINED_FUNCTION_4)
    OUTLINED_FUNCTION_4                      0x0800aaf7   Thumb Code    18  stm32f4xx_hal_spi.o(.text.OUTLINED_FUNCTION_4)
    [Anonymous Symbol]                       0x0800aaf6   Section        0  stm32f4xx_hal_spi.o(.text.OUTLINED_FUNCTION_4)
    OUTLINED_FUNCTION_46                     0x0800ab09   Thumb Code    10  stm32f4xx_hal_tim.o(.text.OUTLINED_FUNCTION_46)
    [Anonymous Symbol]                       0x0800ab08   Section        0  stm32f4xx_hal_tim.o(.text.OUTLINED_FUNCTION_46)
    OUTLINED_FUNCTION_5                      0x0800ab13   Thumb Code    12  stm32f4xx_hal_can.o(.text.OUTLINED_FUNCTION_5)
    [Anonymous Symbol]                       0x0800ab12   Section        0  stm32f4xx_hal_can.o(.text.OUTLINED_FUNCTION_5)
    OUTLINED_FUNCTION_5                      0x0800ab1f   Thumb Code    16  stm32f4xx_hal_spi.o(.text.OUTLINED_FUNCTION_5)
    [Anonymous Symbol]                       0x0800ab1e   Section        0  stm32f4xx_hal_spi.o(.text.OUTLINED_FUNCTION_5)
    OUTLINED_FUNCTION_50                     0x0800ab2f   Thumb Code     6  stm32f4xx_hal_tim.o(.text.OUTLINED_FUNCTION_50)
    [Anonymous Symbol]                       0x0800ab2e   Section        0  stm32f4xx_hal_tim.o(.text.OUTLINED_FUNCTION_50)
    OUTLINED_FUNCTION_7                      0x0800ab35   Thumb Code    14  stm32f4xx_hal_tim.o(.text.OUTLINED_FUNCTION_7)
    [Anonymous Symbol]                       0x0800ab34   Section        0  stm32f4xx_hal_tim.o(.text.OUTLINED_FUNCTION_7)
    OUTLINED_FUNCTION_8                      0x0800ab43   Thumb Code    10  stm32f4xx_hal_spi.o(.text.OUTLINED_FUNCTION_8)
    [Anonymous Symbol]                       0x0800ab42   Section        0  stm32f4xx_hal_spi.o(.text.OUTLINED_FUNCTION_8)
    [Anonymous Symbol]                       0x0800ab4c   Section        0  stm32f4xx_it.o(.text.PendSV_Handler)
    SPI_EndRxTransaction                     0x0800ab4f   Thumb Code    78  stm32f4xx_hal_spi.o(.text.SPI_EndRxTransaction)
    [Anonymous Symbol]                       0x0800ab4e   Section        0  stm32f4xx_hal_spi.o(.text.SPI_EndRxTransaction)
    SPI_EndRxTxTransaction                   0x0800ab9d   Thumb Code    80  stm32f4xx_hal_spi.o(.text.SPI_EndRxTxTransaction)
    [Anonymous Symbol]                       0x0800ab9c   Section        0  stm32f4xx_hal_spi.o(.text.SPI_EndRxTxTransaction)
    __arm_cp.5_1                             0x0800abec   Number         4  stm32f4xx_hal_spi.o(.text.SPI_EndRxTxTransaction)
    SPI_WaitFlagStateUntilTimeout            0x0800abf1   Thumb Code   176  stm32f4xx_hal_spi.o(.text.SPI_WaitFlagStateUntilTimeout)
    [Anonymous Symbol]                       0x0800abf0   Section        0  stm32f4xx_hal_spi.o(.text.SPI_WaitFlagStateUntilTimeout)
    __arm_cp.54_0                            0x0800aca0   Number         4  stm32f4xx_hal_spi.o(.text.SPI_WaitFlagStateUntilTimeout)
    [Anonymous Symbol]                       0x0800aca4   Section        0  stm32f4.o(.text.STM32F4_CAN1_Init)
    __arm_cp.3_1                             0x0800ad28   Number         4  stm32f4.o(.text.STM32F4_CAN1_Init)
    [Anonymous Symbol]                       0x0800ad2c   Section        0  stm32f4.o(.text.STM32F4_CAN1_Send)
    __arm_cp.14_0                            0x0800ad48   Number         4  stm32f4.o(.text.STM32F4_CAN1_Send)
    [Anonymous Symbol]                       0x0800ad4c   Section        0  stm32f4.o(.text.STM32F4_Common_Init)
    [Anonymous Symbol]                       0x0800ad66   Section        0  stm32f4.o(.text.STM32F4_Flash_Program_Word)
    [Anonymous Symbol]                       0x0800ad88   Section        0  stm32f4.o(.text.STM32F4_Flash_Read_Word)
    [Anonymous Symbol]                       0x0800ad8c   Section        0  stm32f4.o(.text.STM32F4_GPIO_Init_C8_Output)
    [Anonymous Symbol]                       0x0800adc0   Section        0  stm32f4.o(.text.STM32F4_GPIO_Init_C9_Output)
    __arm_cp.6_0                             0x0800adf4   Number         4  stm32f4.o(.text.STM32F4_GPIO_Init_C9_Output)
    [Anonymous Symbol]                       0x0800adf8   Section        0  stm32f4.o(.text.STM32F4_GPIO_Write_C8_Output)
    [Anonymous Symbol]                       0x0800ae0c   Section        0  stm32f4.o(.text.STM32F4_GPIO_Write_C9_Output)
    __arm_cp.13_0                            0x0800ae20   Number         4  stm32f4.o(.text.STM32F4_GPIO_Write_C9_Output)
    [Anonymous Symbol]                       0x0800ae24   Section        0  stm32f4.o(.text.STM32F4_IWDG_Init)
    __arm_cp.10_1                            0x0800ae48   Number         4  stm32f4.o(.text.STM32F4_IWDG_Init)
    [Anonymous Symbol]                       0x0800ae4c   Section        0  stm32f4.o(.text.STM32F4_Init)
    [Anonymous Symbol]                       0x0800ae50   Section        0  stm32f4.o(.text.STM32F4_SPI1_Init)
    __arm_cp.7_0                             0x0800ae6c   Number         4  stm32f4.o(.text.STM32F4_SPI1_Init)
    __arm_cp.7_1                             0x0800ae70   Number         4  stm32f4.o(.text.STM32F4_SPI1_Init)
    [Anonymous Symbol]                       0x0800ae74   Section        0  stm32f4.o(.text.STM32F4_SPI2_Init)
    __arm_cp.8_0                             0x0800ae90   Number         4  stm32f4.o(.text.STM32F4_SPI2_Init)
    __arm_cp.8_1                             0x0800ae94   Number         4  stm32f4.o(.text.STM32F4_SPI2_Init)
    [Anonymous Symbol]                       0x0800ae98   Section        0  stm32f4.o(.text.STM32F4_SystemClock_Config)
    __arm_cp.2_0                             0x0800af20   Number         4  stm32f4.o(.text.STM32F4_SystemClock_Config)
    __arm_cp.2_1                             0x0800af24   Number         4  stm32f4.o(.text.STM32F4_SystemClock_Config)
    [Anonymous Symbol]                       0x0800af28   Section        0  stm32f4.o(.text.STM32F4_TIM7_Init)
    __arm_cp.4_1                             0x0800af7c   Number         4  stm32f4.o(.text.STM32F4_TIM7_Init)
    [Anonymous Symbol]                       0x0800af80   Section        0  stm32f4.o(.text.STM32F4_WDT_Refresh)
    __arm_cp.15_0                            0x0800af88   Number         4  stm32f4.o(.text.STM32F4_WDT_Refresh)
    [Anonymous Symbol]                       0x0800af8c   Section        0  stm32f4xx_it.o(.text.SVC_Handler)
    [Anonymous Symbol]                       0x0800af8e   Section        0  state_leds.o(.text.State_LEDs_10ms_Tick)
    [Anonymous Symbol]                       0x0800afa6   Section        0  state_leds.o(.text.State_LEDs_Init)
    [Anonymous Symbol]                       0x0800afe6   Section        0  state_leds.o(.text.State_LEDs_Interrupt_Task)
    [Anonymous Symbol]                       0x0800aff8   Section        0  state_leds.o(.text.State_LEDs_Task)
    [Anonymous Symbol]                       0x0800b096   Section        0  stm32f4xx_it.o(.text.SysTick_Handler)
    [Anonymous Symbol]                       0x0800b09c   Section        0  system_stm32f4xx.o(.text.SystemInit)
    __arm_cp.0_0                             0x0800b0a8   Number         4  system_stm32f4xx.o(.text.SystemInit)
    [Anonymous Symbol]                       0x0800b0ac   Section        0  stm32f4xx_it.o(.text.TIM7_IRQHandler)
    __arm_cp.10_0                            0x0800b0bc   Number         4  stm32f4xx_it.o(.text.TIM7_IRQHandler)
    [Anonymous Symbol]                       0x0800b0c0   Section        0  stm32f4xx_hal_tim.o(.text.TIM_Base_SetConfig)
    __arm_cp.2_0                             0x0800b16c   Number         4  stm32f4xx_hal_tim.o(.text.TIM_Base_SetConfig)
    __arm_cp.2_1                             0x0800b170   Number         4  stm32f4xx_hal_tim.o(.text.TIM_Base_SetConfig)
    __arm_cp.2_2                             0x0800b174   Number         4  stm32f4xx_hal_tim.o(.text.TIM_Base_SetConfig)
    __arm_cp.2_3                             0x0800b178   Number         4  stm32f4xx_hal_tim.o(.text.TIM_Base_SetConfig)
    __arm_cp.2_4                             0x0800b17c   Number         4  stm32f4xx_hal_tim.o(.text.TIM_Base_SetConfig)
    __arm_cp.2_5                             0x0800b180   Number         4  stm32f4xx_hal_tim.o(.text.TIM_Base_SetConfig)
    __arm_cp.2_6                             0x0800b184   Number         4  stm32f4xx_hal_tim.o(.text.TIM_Base_SetConfig)
    __arm_cp.2_7                             0x0800b188   Number         4  stm32f4xx_hal_tim.o(.text.TIM_Base_SetConfig)
    __arm_cp.2_8                             0x0800b18c   Number         4  stm32f4xx_hal_tim.o(.text.TIM_Base_SetConfig)
    __arm_cp.2_9                             0x0800b190   Number         4  stm32f4xx_hal_tim.o(.text.TIM_Base_SetConfig)
    __arm_cp.2_10                            0x0800b194   Number         4  stm32f4xx_hal_tim.o(.text.TIM_Base_SetConfig)
    [Anonymous Symbol]                       0x0800b198   Section        0  common_functions.o(.text.Timer_10ms_Change_Timing)
    [Anonymous Symbol]                       0x0800b19c   Section        0  common_functions.o(.text.Timer_10ms_Init)
    [Anonymous Symbol]                       0x0800b1ae   Section        0  common_functions.o(.text.Timer_10ms_Reset)
    [Anonymous Symbol]                       0x0800b1ba   Section        0  common_functions.o(.text.Timer_10ms_Restart)
    [Anonymous Symbol]                       0x0800b1ca   Section        0  common_functions.o(.text.Timer_10ms_Start)
    [Anonymous Symbol]                       0x0800b1d0   Section        0  common_functions.o(.text.Timer_10ms_Stop)
    [Anonymous Symbol]                       0x0800b1d6   Section        0  common_functions.o(.text.Timer_10ms_Tick)
    [Anonymous Symbol]                       0x0800b23c   Section        0  stm32f4xx_it.o(.text.UsageFault_Handler)
    [Anonymous Symbol]                       0x0800b23e   Section        0  state_leds.o(.text.Yellow_LED_Blink)
    [Anonymous Symbol]                       0x0800b24a   Section        0  state_leds.o(.text.Yellow_LED_Off)
    [Anonymous Symbol]                       0x0800b250   Section        0  state_leds.o(.text.Yellow_LED_On)
    [Anonymous Symbol]                       0x0800b256   Section        0  state_leds.o(.text.Yellow_LED_Permanent_Off)
    [Anonymous Symbol]                       0x0800b25e   Section        0  state_leds.o(.text.Yellow_Led_Interrupt_Task)
    [Anonymous Symbol]                       0x0800b2bc   Section        0  main.o(.text.main)
    $v0                                      0x0800b2ca   Number         0  fpinit.o(x$fpl$fpinit)
    x$fpl$fpinit                             0x0800b2ca   Section       26  fpinit.o(x$fpl$fpinit)
    [Anonymous Symbol]                       0x0800b2e4   Section        0  ltc6811.o(.rodata..L__const.LTC_Read_All_Voltages.blocks)
    [Anonymous Symbol]                       0x20000000   Section        0  stm32f4xx_hal.o(.data..L_MergedGlobals)
    .bss                                     0x20000010   Section       96  libspace.o(.bss)
    Heap_Mem                                 0x20000450   Data         512  startup_stm32f405xx.o(HEAP)
    HEAP                                     0x20000450   Section      512  startup_stm32f405xx.o(HEAP)
    Stack_Mem                                0x20000650   Data        1024  startup_stm32f405xx.o(STACK)
    STACK                                    0x20000650   Section     1024  startup_stm32f405xx.o(STACK)
    __initial_sp                             0x20000a50   Data           0  startup_stm32f405xx.o(STACK)

    Global Symbols

    Symbol Name                              Value     Ov Type        Size  Object(Section)

    BuildAttributes$$THM_ISAv4$E$P$D$K$B$S$7EM$VFPi3$EXTD16$VFPS$VFMA$PE$A:L22UL41UL21$X:L11$S22US41US21$IEEE1$IW$~IW$USESV6$~STKCKD$USESV7$~SHL$OSPACE$ROPI$EBA8$UX$STANDARDLIB$REQ8$PRES8$EABIv2 0x00000000   Number         0  anon$$obj.o ABSOLUTE
    __ARM_exceptions_init                     - Undefined Weak Reference
    __alloca_initialize                       - Undefined Weak Reference
    __arm_preinit_                            - Undefined Weak Reference
    __arm_relocate_pie_                       - Undefined Weak Reference
    __cpp_initialize__aeabi_                  - Undefined Weak Reference
    __cxa_finalize                            - Undefined Weak Reference
    __rt_locale                               - Undefined Weak Reference
    __sigvec_lookup                           - Undefined Weak Reference
    _atexit_init                              - Undefined Weak Reference
    _call_atexit_fns                          - Undefined Weak Reference
    _clock_init                               - Undefined Weak Reference
    _fp_trap_init                             - Undefined Weak Reference
    _fp_trap_shutdown                         - Undefined Weak Reference
    _get_lc_collate                           - Undefined Weak Reference
    _get_lc_ctype                             - Undefined Weak Reference
    _get_lc_monetary                          - Undefined Weak Reference
    _get_lc_numeric                           - Undefined Weak Reference
    _get_lc_time                              - Undefined Weak Reference
    _getenv_init                              - Undefined Weak Reference
    _handle_redirection                       - Undefined Weak Reference
    _init_alloc                               - Undefined Weak Reference
    _init_user_alloc                          - Undefined Weak Reference
    _initio                                   - Undefined Weak Reference
    _rand_init                                - Undefined Weak Reference
    _signal_finish                            - Undefined Weak Reference
    _signal_init                              - Undefined Weak Reference
    _terminate_alloc                          - Undefined Weak Reference
    _terminate_user_alloc                     - Undefined Weak Reference
    _terminateio                              - Undefined Weak Reference
    __Vectors_Size                           0x00000188   Number         0  startup_stm32f405xx.o ABSOLUTE
    __Vectors                                0x08000000   Data           4  startup_stm32f405xx.o(RESET)
    __Vectors_End                            0x08000188   Data           0  startup_stm32f405xx.o(RESET)
    __main                                   0x08000189   Thumb Code     8  __main.o(!!!main)
    __scatterload                            0x08000191   Thumb Code     0  __scatter.o(!!!scatter)
    __scatterload_rt2                        0x08000191   Thumb Code    84  __scatter.o(!!!scatter)
    __scatterload_rt2_thumb_only             0x08000191   Thumb Code     0  __scatter.o(!!!scatter)
    __scatterload_loop                       0x0800019b   Thumb Code     0  __scatter.o(!!!scatter)
    __scatterload_copy                       0x080001ed   Thumb Code    26  __scatter_copy.o(!!handler_copy)
    __scatterload_null                       0x08000209   Thumb Code     2  __scatter.o(!!handler_null)
    __scatterload_zeroinit                   0x0800020d   Thumb Code    28  __scatter_zi.o(!!handler_zi)
    Region$$Table$$Base                      0x08000228   Number         0  anon$$obj.o(Region$$Table)
    Region$$Table$$Limit                     0x08000248   Number         0  anon$$obj.o(Region$$Table)
    __rt_lib_init                            0x08008001   Thumb Code     0  libinit.o(.ARM.Collect$$libinit$$00000000)
    __rt_lib_init_fp_1                       0x08008003   Thumb Code     0  libinit2.o(.ARM.Collect$$libinit$$00000001)
    __rt_lib_init_alloca_1                   0x08008007   Thumb Code     0  libinit2.o(.ARM.Collect$$libinit$$00000030)
    __rt_lib_init_argv_1                     0x08008007   Thumb Code     0  libinit2.o(.ARM.Collect$$libinit$$0000002E)
    __rt_lib_init_atexit_1                   0x08008007   Thumb Code     0  libinit2.o(.ARM.Collect$$libinit$$0000001D)
    __rt_lib_init_clock_1                    0x08008007   Thumb Code     0  libinit2.o(.ARM.Collect$$libinit$$00000023)
    __rt_lib_init_cpp_1                      0x08008007   Thumb Code     0  libinit2.o(.ARM.Collect$$libinit$$00000034)
    __rt_lib_init_exceptions_1               0x08008007   Thumb Code     0  libinit2.o(.ARM.Collect$$libinit$$00000032)
    __rt_lib_init_fp_trap_1                  0x08008007   Thumb Code     0  libinit2.o(.ARM.Collect$$libinit$$00000021)
    __rt_lib_init_getenv_1                   0x08008007   Thumb Code     0  libinit2.o(.ARM.Collect$$libinit$$00000025)
    __rt_lib_init_heap_1                     0x08008007   Thumb Code     0  libinit2.o(.ARM.Collect$$libinit$$0000000C)
    __rt_lib_init_lc_collate_1               0x08008007   Thumb Code     0  libinit2.o(.ARM.Collect$$libinit$$00000013)
    __rt_lib_init_lc_ctype_1                 0x08008007   Thumb Code     0  libinit2.o(.ARM.Collect$$libinit$$00000015)
    __rt_lib_init_lc_monetary_1              0x08008007   Thumb Code     0  libinit2.o(.ARM.Collect$$libinit$$00000017)
    __rt_lib_init_lc_numeric_1               0x08008007   Thumb Code     0  libinit2.o(.ARM.Collect$$libinit$$00000019)
    __rt_lib_init_lc_time_1                  0x08008007   Thumb Code     0  libinit2.o(.ARM.Collect$$libinit$$0000001B)
    __rt_lib_init_preinit_1                  0x08008007   Thumb Code     0  libinit2.o(.ARM.Collect$$libinit$$00000006)
    __rt_lib_init_rand_1                     0x08008007   Thumb Code     0  libinit2.o(.ARM.Collect$$libinit$$00000010)
    __rt_lib_init_relocate_pie_1             0x08008007   Thumb Code     0  libinit2.o(.ARM.Collect$$libinit$$00000004)
    __rt_lib_init_return                     0x08008007   Thumb Code     0  libinit2.o(.ARM.Collect$$libinit$$00000035)
    __rt_lib_init_signal_1                   0x08008007   Thumb Code     0  libinit2.o(.ARM.Collect$$libinit$$0000001F)
    __rt_lib_init_stdio_1                    0x08008007   Thumb Code     0  libinit2.o(.ARM.Collect$$libinit$$00000027)
    __rt_lib_init_user_alloc_1               0x08008007   Thumb Code     0  libinit2.o(.ARM.Collect$$libinit$$0000000E)
    __rt_lib_shutdown                        0x08008009   Thumb Code     0  libshutdown.o(.ARM.Collect$$libshutdown$$00000000)
    __rt_lib_shutdown_cpp_1                  0x0800800b   Thumb Code     0  libshutdown2.o(.ARM.Collect$$libshutdown$$00000002)
    __rt_lib_shutdown_fp_trap_1              0x0800800b   Thumb Code     0  libshutdown2.o(.ARM.Collect$$libshutdown$$00000007)
    __rt_lib_shutdown_heap_1                 0x0800800b   Thumb Code     0  libshutdown2.o(.ARM.Collect$$libshutdown$$0000000F)
    __rt_lib_shutdown_return                 0x0800800b   Thumb Code     0  libshutdown2.o(.ARM.Collect$$libshutdown$$00000010)
    __rt_lib_shutdown_signal_1               0x0800800b   Thumb Code     0  libshutdown2.o(.ARM.Collect$$libshutdown$$0000000A)
    __rt_lib_shutdown_stdio_1                0x0800800b   Thumb Code     0  libshutdown2.o(.ARM.Collect$$libshutdown$$00000004)
    __rt_lib_shutdown_user_alloc_1           0x0800800b   Thumb Code     0  libshutdown2.o(.ARM.Collect$$libshutdown$$0000000C)
    __rt_entry                               0x0800800d   Thumb Code     0  __rtentry.o(.ARM.Collect$$rtentry$$00000000)
    __rt_entry_presh_1                       0x0800800d   Thumb Code     0  __rtentry2.o(.ARM.Collect$$rtentry$$00000002)
    __rt_entry_sh                            0x0800800d   Thumb Code     0  __rtentry4.o(.ARM.Collect$$rtentry$$00000004)
    __rt_entry_li                            0x08008013   Thumb Code     0  __rtentry2.o(.ARM.Collect$$rtentry$$0000000A)
    __rt_entry_postsh_1                      0x08008013   Thumb Code     0  __rtentry2.o(.ARM.Collect$$rtentry$$00000009)
    __rt_entry_main                          0x08008017   Thumb Code     0  __rtentry2.o(.ARM.Collect$$rtentry$$0000000D)
    __rt_entry_postli_1                      0x08008017   Thumb Code     0  __rtentry2.o(.ARM.Collect$$rtentry$$0000000C)
    __rt_exit                                0x0800801f   Thumb Code     0  rtexit.o(.ARM.Collect$$rtexit$$00000000)
    __rt_exit_ls                             0x08008021   Thumb Code     0  rtexit2.o(.ARM.Collect$$rtexit$$00000003)
    __rt_exit_prels_1                        0x08008021   Thumb Code     0  rtexit2.o(.ARM.Collect$$rtexit$$00000002)
    __rt_exit_exit                           0x08008025   Thumb Code     0  rtexit2.o(.ARM.Collect$$rtexit$$00000004)
    Reset_Handler                            0x0800802d   Thumb Code     8  startup_stm32f405xx.o(.text)
    ADC_IRQHandler                           0x08008047   Thumb Code     0  startup_stm32f405xx.o(.text)
    CAN1_RX1_IRQHandler                      0x08008047   Thumb Code     0  startup_stm32f405xx.o(.text)
    CAN1_SCE_IRQHandler                      0x08008047   Thumb Code     0  startup_stm32f405xx.o(.text)
    CAN1_TX_IRQHandler                       0x08008047   Thumb Code     0  startup_stm32f405xx.o(.text)
    CAN2_RX0_IRQHandler                      0x08008047   Thumb Code     0  startup_stm32f405xx.o(.text)
    CAN2_RX1_IRQHandler                      0x08008047   Thumb Code     0  startup_stm32f405xx.o(.text)
    CAN2_SCE_IRQHandler                      0x08008047   Thumb Code     0  startup_stm32f405xx.o(.text)
    CAN2_TX_IRQHandler                       0x08008047   Thumb Code     0  startup_stm32f405xx.o(.text)
    DMA1_Stream0_IRQHandler                  0x08008047   Thumb Code     0  startup_stm32f405xx.o(.text)
    DMA1_Stream1_IRQHandler                  0x08008047   Thumb Code     0  startup_stm32f405xx.o(.text)
    DMA1_Stream2_IRQHandler                  0x08008047   Thumb Code     0  startup_stm32f405xx.o(.text)
    DMA1_Stream3_IRQHandler                  0x08008047   Thumb Code     0  startup_stm32f405xx.o(.text)
    DMA1_Stream4_IRQHandler                  0x08008047   Thumb Code     0  startup_stm32f405xx.o(.text)
    DMA1_Stream5_IRQHandler                  0x08008047   Thumb Code     0  startup_stm32f405xx.o(.text)
    DMA1_Stream6_IRQHandler                  0x08008047   Thumb Code     0  startup_stm32f405xx.o(.text)
    DMA1_Stream7_IRQHandler                  0x08008047   Thumb Code     0  startup_stm32f405xx.o(.text)
    DMA2_Stream0_IRQHandler                  0x08008047   Thumb Code     0  startup_stm32f405xx.o(.text)
    DMA2_Stream1_IRQHandler                  0x08008047   Thumb Code     0  startup_stm32f405xx.o(.text)
    DMA2_Stream2_IRQHandler                  0x08008047   Thumb Code     0  startup_stm32f405xx.o(.text)
    DMA2_Stream3_IRQHandler                  0x08008047   Thumb Code     0  startup_stm32f405xx.o(.text)
    DMA2_Stream4_IRQHandler                  0x08008047   Thumb Code     0  startup_stm32f405xx.o(.text)
    DMA2_Stream5_IRQHandler                  0x08008047   Thumb Code     0  startup_stm32f405xx.o(.text)
    DMA2_Stream6_IRQHandler                  0x08008047   Thumb Code     0  startup_stm32f405xx.o(.text)
    DMA2_Stream7_IRQHandler                  0x08008047   Thumb Code     0  startup_stm32f405xx.o(.text)
    EXTI0_IRQHandler                         0x08008047   Thumb Code     0  startup_stm32f405xx.o(.text)
    EXTI15_10_IRQHandler                     0x08008047   Thumb Code     0  startup_stm32f405xx.o(.text)
    EXTI1_IRQHandler                         0x08008047   Thumb Code     0  startup_stm32f405xx.o(.text)
    EXTI2_IRQHandler                         0x08008047   Thumb Code     0  startup_stm32f405xx.o(.text)
    EXTI3_IRQHandler                         0x08008047   Thumb Code     0  startup_stm32f405xx.o(.text)
    EXTI4_IRQHandler                         0x08008047   Thumb Code     0  startup_stm32f405xx.o(.text)
    EXTI9_5_IRQHandler                       0x08008047   Thumb Code     0  startup_stm32f405xx.o(.text)
    FLASH_IRQHandler                         0x08008047   Thumb Code     0  startup_stm32f405xx.o(.text)
    FMC_IRQHandler                           0x08008047   Thumb Code     0  startup_stm32f405xx.o(.text)
    FPU_IRQHandler                           0x08008047   Thumb Code     0  startup_stm32f405xx.o(.text)
    HASH_RNG_IRQHandler                      0x08008047   Thumb Code     0  startup_stm32f405xx.o(.text)
    I2C1_ER_IRQHandler                       0x08008047   Thumb Code     0  startup_stm32f405xx.o(.text)
    I2C1_EV_IRQHandler                       0x08008047   Thumb Code     0  startup_stm32f405xx.o(.text)
    I2C2_ER_IRQHandler                       0x08008047   Thumb Code     0  startup_stm32f405xx.o(.text)
    I2C2_EV_IRQHandler                       0x08008047   Thumb Code     0  startup_stm32f405xx.o(.text)
    I2C3_ER_IRQHandler                       0x08008047   Thumb Code     0  startup_stm32f405xx.o(.text)
    I2C3_EV_IRQHandler                       0x08008047   Thumb Code     0  startup_stm32f405xx.o(.text)
    OTG_FS_IRQHandler                        0x08008047   Thumb Code     0  startup_stm32f405xx.o(.text)
    OTG_FS_WKUP_IRQHandler                   0x08008047   Thumb Code     0  startup_stm32f405xx.o(.text)
    OTG_HS_EP1_IN_IRQHandler                 0x08008047   Thumb Code     0  startup_stm32f405xx.o(.text)
    OTG_HS_EP1_OUT_IRQHandler                0x08008047   Thumb Code     0  startup_stm32f405xx.o(.text)
    OTG_HS_IRQHandler                        0x08008047   Thumb Code     0  startup_stm32f405xx.o(.text)
    OTG_HS_WKUP_IRQHandler                   0x08008047   Thumb Code     0  startup_stm32f405xx.o(.text)
    PVD_IRQHandler                           0x08008047   Thumb Code     0  startup_stm32f405xx.o(.text)
    RCC_IRQHandler                           0x08008047   Thumb Code     0  startup_stm32f405xx.o(.text)
    RTC_Alarm_IRQHandler                     0x08008047   Thumb Code     0  startup_stm32f405xx.o(.text)
    RTC_WKUP_IRQHandler                      0x08008047   Thumb Code     0  startup_stm32f405xx.o(.text)
    SDIO_IRQHandler                          0x08008047   Thumb Code     0  startup_stm32f405xx.o(.text)
    SPI1_IRQHandler                          0x08008047   Thumb Code     0  startup_stm32f405xx.o(.text)
    SPI2_IRQHandler                          0x08008047   Thumb Code     0  startup_stm32f405xx.o(.text)
    SPI3_IRQHandler                          0x08008047   Thumb Code     0  startup_stm32f405xx.o(.text)
    TAMP_STAMP_IRQHandler                    0x08008047   Thumb Code     0  startup_stm32f405xx.o(.text)
    TIM1_BRK_TIM9_IRQHandler                 0x08008047   Thumb Code     0  startup_stm32f405xx.o(.text)
    TIM1_CC_IRQHandler                       0x08008047   Thumb Code     0  startup_stm32f405xx.o(.text)
    TIM1_TRG_COM_TIM11_IRQHandler            0x08008047   Thumb Code     0  startup_stm32f405xx.o(.text)
    TIM1_UP_TIM10_IRQHandler                 0x08008047   Thumb Code     0  startup_stm32f405xx.o(.text)
    TIM2_IRQHandler                          0x08008047   Thumb Code     0  startup_stm32f405xx.o(.text)
    TIM3_IRQHandler                          0x08008047   Thumb Code     0  startup_stm32f405xx.o(.text)
    TIM4_IRQHandler                          0x08008047   Thumb Code     0  startup_stm32f405xx.o(.text)
    TIM5_IRQHandler                          0x08008047   Thumb Code     0  startup_stm32f405xx.o(.text)
    TIM6_DAC_IRQHandler                      0x08008047   Thumb Code     0  startup_stm32f405xx.o(.text)
    TIM8_BRK_TIM12_IRQHandler                0x08008047   Thumb Code     0  startup_stm32f405xx.o(.text)
    TIM8_CC_IRQHandler                       0x08008047   Thumb Code     0  startup_stm32f405xx.o(.text)
    TIM8_TRG_COM_TIM14_IRQHandler            0x08008047   Thumb Code     0  startup_stm32f405xx.o(.text)
    TIM8_UP_TIM13_IRQHandler                 0x08008047   Thumb Code     0  startup_stm32f405xx.o(.text)
    UART4_IRQHandler                         0x08008047   Thumb Code     0  startup_stm32f405xx.o(.text)
    UART5_IRQHandler                         0x08008047   Thumb Code     0  startup_stm32f405xx.o(.text)
    USART1_IRQHandler                        0x08008047   Thumb Code     0  startup_stm32f405xx.o(.text)
    USART2_IRQHandler                        0x08008047   Thumb Code     0  startup_stm32f405xx.o(.text)
    USART3_IRQHandler                        0x08008047   Thumb Code     0  startup_stm32f405xx.o(.text)
    USART6_IRQHandler                        0x08008047   Thumb Code     0  startup_stm32f405xx.o(.text)
    WWDG_IRQHandler                          0x08008047   Thumb Code     0  startup_stm32f405xx.o(.text)
    __user_initial_stackheap                 0x08008049   Thumb Code     0  startup_stm32f405xx.o(.text)
    __aeabi_uldivmod                         0x0800806d   Thumb Code     0  lludivv7m.o(.text)
    _ll_udiv                                 0x0800806d   Thumb Code   240  lludivv7m.o(.text)
    __aeabi_memclr4                          0x0800815d   Thumb Code     0  rt_memclr_w.o(.text)
    __aeabi_memclr8                          0x0800815d   Thumb Code     0  rt_memclr_w.o(.text)
    __rt_memclr_w                            0x0800815d   Thumb Code     0  rt_memclr_w.o(.text)
    _memset_w                                0x08008161   Thumb Code    74  rt_memclr_w.o(.text)
    __use_two_region_memory                  0x080081ab   Thumb Code     2  heapauxi.o(.text)
    __rt_heap_escrow$2region                 0x080081ad   Thumb Code     2  heapauxi.o(.text)
    __rt_heap_expand$2region                 0x080081af   Thumb Code     2  heapauxi.o(.text)
    __user_setup_stackheap                   0x080081b1   Thumb Code    74  sys_stackheap_outer.o(.text)
    exit                                     0x080081fb   Thumb Code    18  exit.o(.text)
    __user_libspace                          0x0800820d   Thumb Code     8  libspace.o(.text)
    __user_perproc_libspace                  0x0800820d   Thumb Code     0  libspace.o(.text)
    __user_perthread_libspace                0x0800820d   Thumb Code     0  libspace.o(.text)
    _sys_exit                                0x08008215   Thumb Code     8  sys_exit.o(.text)
    __I$use$semihosting                      0x08008221   Thumb Code     0  use_no_semi.o(.text)
    __use_no_semihosting_swi                 0x08008221   Thumb Code     2  use_no_semi.o(.text)
    Battery_Pack_Control_Check_Fails         0x08008223   Thumb Code    82  battery_pack_control_unit.o(.text.Battery_Pack_Control_Check_Fails)
    __semihosting_library_function           0x08008223   Thumb Code     0  indicate_semi.o(.text)
    Battery_Pack_Control_Interrupt_Task      0x08008275   Thumb Code    30  battery_pack_control_unit.o(.text.Battery_Pack_Control_Interrupt_Task)
    Battery_Pack_Control_Read_Task           0x08008295   Thumb Code    84  battery_pack_control_unit.o(.text.Battery_Pack_Control_Read_Task)
    Battery_Pack_Control_State_Machine_Task  0x080082ed   Thumb Code    92  battery_pack_control_unit.o(.text.Battery_Pack_Control_State_Machine_Task)
    Battery_Pack_Control_Unit_10ms_Interrupt 0x08008349   Thumb Code    56  battery_pack_control_unit.o(.text.Battery_Pack_Control_Unit_10ms_Interrupt)
    Battery_Pack_Control_Unit_CAN1_Interrupt 0x08008385   Thumb Code   106  battery_pack_control_unit.o(.text.Battery_Pack_Control_Unit_CAN1_Interrupt)
    Battery_Pack_Control_Unit_Cancel_Sensors_1 0x080083f1   Thumb Code   116  battery_pack_control_unit.o(.text.Battery_Pack_Control_Unit_Cancel_Sensors_1)
    Battery_Pack_Control_Unit_Cancel_Sensors_2 0x08008465   Thumb Code   120  battery_pack_control_unit.o(.text.Battery_Pack_Control_Unit_Cancel_Sensors_2)
    Battery_Pack_Control_Unit_Cancel_Sensors_3 0x080084dd   Thumb Code   120  battery_pack_control_unit.o(.text.Battery_Pack_Control_Unit_Cancel_Sensors_3)
    Battery_Pack_Control_Unit_Check_Temperatures 0x08008555   Thumb Code   204  battery_pack_control_unit.o(.text.Battery_Pack_Control_Unit_Check_Temperatures)
    Battery_Pack_Control_Unit_Init           0x08008631   Thumb Code    72  battery_pack_control_unit.o(.text.Battery_Pack_Control_Unit_Init)
    Battery_Pack_Control_Unit_Init_Values    0x0800867d   Thumb Code    44  battery_pack_control_unit.o(.text.Battery_Pack_Control_Unit_Init_Values)
    Battery_Pack_Control_Unit_MCU_Init       0x080086b1   Thumb Code    14  battery_pack_control_unit.o(.text.Battery_Pack_Control_Unit_MCU_Init)
    Battery_Pack_Control_Unit_Main_Task      0x080086bf   Thumb Code    46  battery_pack_control_unit.o(.text.Battery_Pack_Control_Unit_Main_Task)
    Battery_Pack_Control_Unit_Read_Memory_Init 0x080086ed   Thumb Code    40  battery_pack_control_unit.o(.text.Battery_Pack_Control_Unit_Read_Memory_Init)
    BusFault_Handler                         0x08008719   Thumb Code     2  stm32f4xx_it.o(.text.BusFault_Handler)
    CAN1_Interrupt_DoTask                    0x0800871b   Thumb Code     4  can_bus.o(.text.CAN1_Interrupt_DoTask)
    CAN1_RX0_IRQHandler                      0x08008721   Thumb Code    36  stm32f4xx_it.o(.text.CAN1_RX0_IRQHandler)
    CAN1_Send                                0x08008749   Thumb Code    32  can_bus.o(.text.CAN1_Send)
    CAN_Status_Send_Interrupt_Task           0x08008769   Thumb Code    40  battery_pack_control_unit.o(.text.CAN_Status_Send_Interrupt_Task)
    CAN_Temp_Send_Interrupt_Task             0x08008791   Thumb Code    80  battery_pack_control_unit.o(.text.CAN_Temp_Send_Interrupt_Task)
    Control_Unit_CAN1_Interrupt              0x080087e1   Thumb Code     8  control_unit.o(.text.Control_Unit_CAN1_Interrupt)
    Control_Unit_Init                        0x080087e9   Thumb Code     8  control_unit.o(.text.Control_Unit_Init)
    Control_Unit_MCU_Init                    0x080087f1   Thumb Code     4  control_unit.o(.text.Control_Unit_MCU_Init)
    Control_Unit_Main_Task                   0x080087f5   Thumb Code     8  control_unit.o(.text.Control_Unit_Main_Task)
    Control_Unit_Timer_10ms_Interrupt        0x080087fd   Thumb Code     8  control_unit.o(.text.Control_Unit_Timer_10ms_Interrupt)
    DebugMon_Handler                         0x08008809   Thumb Code     2  stm32f4xx_it.o(.text.DebugMon_Handler)
    FLASH_WaitForLastOperation               0x080088fd   Thumb Code    76  stm32f4xx_hal_flash.o(.text.FLASH_WaitForLastOperation)
    Generate_Status_Message                  0x08008951   Thumb Code    24  battery_pack_control_unit.o(.text.Generate_Status_Message)
    Generate_Temp_Message                    0x08008969   Thumb Code    78  battery_pack_control_unit.o(.text.Generate_Temp_Message)
    Generate_Volt_Message                    0x080089b7   Thumb Code    68  battery_pack_control_unit.o(.text.Generate_Volt_Message)
    Green_LED_Blink                          0x080089fb   Thumb Code    12  state_leds.o(.text.Green_LED_Blink)
    Green_LED_Off                            0x08008a07   Thumb Code     6  state_leds.o(.text.Green_LED_Off)
    Green_LED_On                             0x08008a0d   Thumb Code     6  state_leds.o(.text.Green_LED_On)
    Green_LED_Permanent_Off                  0x08008a13   Thumb Code     8  state_leds.o(.text.Green_LED_Permanent_Off)
    Green_LED_Permanent_On                   0x08008a1b   Thumb Code     8  state_leds.o(.text.Green_LED_Permanent_On)
    Green_Led_Interrupt_Task                 0x08008a23   Thumb Code    94  state_leds.o(.text.Green_Led_Interrupt_Task)
    HAL_CAN_ActivateNotification             0x08008a81   Thumb Code    38  stm32f4xx_hal_can.o(.text.HAL_CAN_ActivateNotification)
    HAL_CAN_AddTxMessage                     0x08008aa7   Thumb Code   150  stm32f4xx_hal_can.o(.text.HAL_CAN_AddTxMessage)
    HAL_CAN_ConfigFilter                     0x08008b3d   Thumb Code   196  stm32f4xx_hal_can.o(.text.HAL_CAN_ConfigFilter)
    HAL_CAN_ErrorCallback                    0x08008c05   Thumb Code     2  stm32f4xx_hal_can.o(.text.HAL_CAN_ErrorCallback)
    HAL_CAN_GetRxMessage                     0x08008c07   Thumb Code   198  stm32f4xx_hal_can.o(.text.HAL_CAN_GetRxMessage)
    HAL_CAN_IRQHandler                       0x08008ccd   Thumb Code   498  stm32f4xx_hal_can.o(.text.HAL_CAN_IRQHandler)
    HAL_CAN_Init                             0x08008ebf   Thumb Code   218  stm32f4xx_hal_can.o(.text.HAL_CAN_Init)
    HAL_CAN_MspInit                          0x08008f99   Thumb Code   112  stm32f4xx_hal_msp.o(.text.HAL_CAN_MspInit)
    HAL_CAN_RxFifo0FullCallback              0x08009011   Thumb Code     2  stm32f4xx_hal_can.o(.text.HAL_CAN_RxFifo0FullCallback)
    HAL_CAN_RxFifo0MsgPendingCallback        0x08009013   Thumb Code     2  stm32f4xx_hal_can.o(.text.HAL_CAN_RxFifo0MsgPendingCallback)
    HAL_CAN_RxFifo1FullCallback              0x08009015   Thumb Code     2  stm32f4xx_hal_can.o(.text.HAL_CAN_RxFifo1FullCallback)
    HAL_CAN_RxFifo1MsgPendingCallback        0x08009017   Thumb Code     2  stm32f4xx_hal_can.o(.text.HAL_CAN_RxFifo1MsgPendingCallback)
    HAL_CAN_SleepCallback                    0x08009019   Thumb Code     2  stm32f4xx_hal_can.o(.text.HAL_CAN_SleepCallback)
    HAL_CAN_Start                            0x0800901b   Thumb Code    76  stm32f4xx_hal_can.o(.text.HAL_CAN_Start)
    HAL_CAN_TxMailbox0AbortCallback          0x08009067   Thumb Code     2  stm32f4xx_hal_can.o(.text.HAL_CAN_TxMailbox0AbortCallback)
    HAL_CAN_TxMailbox0CompleteCallback       0x08009069   Thumb Code     2  stm32f4xx_hal_can.o(.text.HAL_CAN_TxMailbox0CompleteCallback)
    HAL_CAN_TxMailbox1AbortCallback          0x0800906b   Thumb Code     2  stm32f4xx_hal_can.o(.text.HAL_CAN_TxMailbox1AbortCallback)
    HAL_CAN_TxMailbox1CompleteCallback       0x0800906d   Thumb Code     2  stm32f4xx_hal_can.o(.text.HAL_CAN_TxMailbox1CompleteCallback)
    HAL_CAN_TxMailbox2AbortCallback          0x0800906f   Thumb Code     2  stm32f4xx_hal_can.o(.text.HAL_CAN_TxMailbox2AbortCallback)
    HAL_CAN_TxMailbox2CompleteCallback       0x08009071   Thumb Code     2  stm32f4xx_hal_can.o(.text.HAL_CAN_TxMailbox2CompleteCallback)
    HAL_CAN_WakeUpFromRxMsgCallback          0x08009073   Thumb Code     2  stm32f4xx_hal_can.o(.text.HAL_CAN_WakeUpFromRxMsgCallback)
    HAL_Delay                                0x08009075   Thumb Code    32  stm32f4xx_hal.o(.text.HAL_Delay)
    HAL_FLASH_Lock                           0x08009095   Thumb Code    16  stm32f4xx_hal_flash.o(.text.HAL_FLASH_Lock)
    HAL_FLASH_Program                        0x080090a5   Thumb Code   124  stm32f4xx_hal_flash.o(.text.HAL_FLASH_Program)
    HAL_FLASH_Unlock                         0x08009129   Thumb Code    28  stm32f4xx_hal_flash.o(.text.HAL_FLASH_Unlock)
    HAL_GPIO_Init                            0x08009151   Thumb Code   392  stm32f4xx_hal_gpio.o(.text.HAL_GPIO_Init)
    HAL_GPIO_WritePin                        0x080092f1   Thumb Code    10  stm32f4xx_hal_gpio.o(.text.HAL_GPIO_WritePin)
    HAL_GetTick                              0x080092fd   Thumb Code     8  stm32f4xx_hal.o(.text.HAL_GetTick)
    HAL_IWDG_Init                            0x08009305   Thumb Code    78  stm32f4xx_hal_iwdg.o(.text.HAL_IWDG_Init)
    HAL_IWDG_Refresh                         0x08009353   Thumb Code    12  stm32f4xx_hal_iwdg.o(.text.HAL_IWDG_Refresh)
    HAL_IncTick                              0x08009361   Thumb Code    16  stm32f4xx_hal.o(.text.HAL_IncTick)
    HAL_Init                                 0x08009375   Thumb Code    48  stm32f4xx_hal.o(.text.HAL_Init)
    HAL_InitTick                             0x080093a9   Thumb Code    56  stm32f4xx_hal.o(.text.HAL_InitTick)
    HAL_MspInit                              0x080093e5   Thumb Code    52  stm32f4xx_hal_msp.o(.text.HAL_MspInit)
    HAL_NVIC_EnableIRQ                       0x0800941d   Thumb Code    20  stm32f4xx_hal_cortex.o(.text.HAL_NVIC_EnableIRQ)
    HAL_NVIC_SetPriority                     0x08009435   Thumb Code    72  stm32f4xx_hal_cortex.o(.text.HAL_NVIC_SetPriority)
    HAL_NVIC_SetPriorityGrouping             0x08009481   Thumb Code    24  stm32f4xx_hal_cortex.o(.text.HAL_NVIC_SetPriorityGrouping)
    HAL_RCC_ClockConfig                      0x080094a1   Thumb Code   268  stm32f4xx_hal_rcc.o(.text.HAL_RCC_ClockConfig)
    HAL_RCC_GetSysClockFreq                  0x080095bd   Thumb Code    80  stm32f4xx_hal_rcc.o(.text.HAL_RCC_GetSysClockFreq)
    HAL_RCC_OscConfig                        0x08009619   Thumb Code   804  stm32f4xx_hal_rcc.o(.text.HAL_RCC_OscConfig)
    HAL_SPI_Init                             0x08009949   Thumb Code   180  stm32f4xx_hal_spi.o(.text.HAL_SPI_Init)
    HAL_SPI_MspInit                          0x080099fd   Thumb Code   228  stm32f4xx_hal_msp.o(.text.HAL_SPI_MspInit)
    HAL_SPI_Receive                          0x08009af1   Thumb Code   278  stm32f4xx_hal_spi.o(.text.HAL_SPI_Receive)
    HAL_SPI_Transmit                         0x08009c07   Thumb Code   282  stm32f4xx_hal_spi.o(.text.HAL_SPI_Transmit)
    HAL_SPI_TransmitReceive                  0x08009d21   Thumb Code   404  stm32f4xx_hal_spi.o(.text.HAL_SPI_TransmitReceive)
    HAL_SYSTICK_Config                       0x08009eb5   Thumb Code    32  stm32f4xx_hal_cortex.o(.text.HAL_SYSTICK_Config)
    HAL_TIMEx_BreakCallback                  0x08009edd   Thumb Code     2  stm32f4xx_hal_tim_ex.o(.text.HAL_TIMEx_BreakCallback)
    HAL_TIMEx_CommutCallback                 0x08009edf   Thumb Code     2  stm32f4xx_hal_tim_ex.o(.text.HAL_TIMEx_CommutCallback)
    HAL_TIMEx_MasterConfigSynchronization    0x08009ee1   Thumb Code   112  stm32f4xx_hal_tim_ex.o(.text.HAL_TIMEx_MasterConfigSynchronization)
    HAL_TIM_Base_Init                        0x08009f51   Thumb Code    30  stm32f4xx_hal_tim.o(.text.HAL_TIM_Base_Init)
    HAL_TIM_Base_MspInit                     0x08009f71   Thumb Code    56  stm32f4xx_hal_msp.o(.text.HAL_TIM_Base_MspInit)
    HAL_TIM_Base_Start_IT                    0x08009fb1   Thumb Code   100  stm32f4xx_hal_tim.o(.text.HAL_TIM_Base_Start_IT)
    HAL_TIM_IC_CaptureCallback               0x0800a031   Thumb Code     2  stm32f4xx_hal_tim.o(.text.HAL_TIM_IC_CaptureCallback)
    HAL_TIM_IRQHandler                       0x0800a033   Thumb Code   294  stm32f4xx_hal_tim.o(.text.HAL_TIM_IRQHandler)
    HAL_TIM_OC_DelayElapsedCallback          0x0800a159   Thumb Code     2  stm32f4xx_hal_tim.o(.text.HAL_TIM_OC_DelayElapsedCallback)
    HAL_TIM_PWM_PulseFinishedCallback        0x0800a15b   Thumb Code     2  stm32f4xx_hal_tim.o(.text.HAL_TIM_PWM_PulseFinishedCallback)
    HAL_TIM_PeriodElapsedCallback            0x0800a15d   Thumb Code     2  stm32f4xx_hal_tim.o(.text.HAL_TIM_PeriodElapsedCallback)
    HAL_TIM_TriggerCallback                  0x0800a15f   Thumb Code     2  stm32f4xx_hal_tim.o(.text.HAL_TIM_TriggerCallback)
    HardFault_Handler                        0x0800a161   Thumb Code     2  stm32f4xx_it.o(.text.HardFault_Handler)
    Initialitation_Tim_Interrupt_Task        0x0800a163   Thumb Code    50  battery_pack_control_unit.o(.text.Initialitation_Tim_Interrupt_Task)
    LTC6811_Encode_Volt_10mV                 0x0800a195   Thumb Code    68  ltc6811.o(.text.LTC6811_Encode_Volt_10mV)
    LTC6811_Enconde_Temp                     0x0800a1e1   Thumb Code    68  ltc6811.o(.text.LTC6811_Enconde_Temp)
    LTC6811_Init                             0x0800a229   Thumb Code   104  ltc6811.o(.text.LTC6811_Init)
    LTC6811_Measure_Temperatures_and_Voltages 0x0800a29d   Thumb Code   384  ltc6811.o(.text.LTC6811_Measure_Temperatures_and_Voltages)
    LTC6811_PEC15_Calc                       0x0800a421   Thumb Code    52  ltc6811.o(.text.LTC6811_PEC15_Calc)
    LTC6811_Read_CFG                         0x0800a455   Thumb Code    72  ltc6811.o(.text.LTC6811_Read_CFG)
    LTC6811_Read_Cell_Block                  0x0800a4a1   Thumb Code   120  ltc6811.o(.text.LTC6811_Read_Cell_Block)
    LTC6811_SPI_Init                         0x0800a519   Thumb Code    14  ltc6811.o(.text.LTC6811_SPI_Init)
    LTC6811_SPI_Transfer                     0x0800a527   Thumb Code    84  ltc6811.o(.text.LTC6811_SPI_Transfer)
    LTC6811_SPI_Transmit_Receive             0x0800a57b   Thumb Code   120  ltc6811.o(.text.LTC6811_SPI_Transmit_Receive)
    LTC6811_Start_ADC_Conv                   0x0800a5f5   Thumb Code    36  ltc6811.o(.text.LTC6811_Start_ADC_Conv)
    LTC6811_Wait_ADC_Completion              0x0800a61d   Thumb Code    80  ltc6811.o(.text.LTC6811_Wait_ADC_Completion)
    LTC6811_Wake_Up                          0x0800a671   Thumb Code    40  ltc6811.o(.text.LTC6811_Wake_Up)
    LTC6811_Write_CFG                        0x0800a699   Thumb Code   112  ltc6811.o(.text.LTC6811_Write_CFG)
    LTC_Active_Even_Balancing                0x0800a70d   Thumb Code    76  ltc6811.o(.text.LTC_Active_Even_Balancing)
    LTC_Active_Odd_Balancing                 0x0800a759   Thumb Code    78  ltc6811.o(.text.LTC_Active_Odd_Balancing)
    LTC_Disable_Balancing                    0x0800a7a7   Thumb Code    66  ltc6811.o(.text.LTC_Disable_Balancing)
    LTC_Read_All_Voltages                    0x0800a7e9   Thumb Code   156  ltc6811.o(.text.LTC_Read_All_Voltages)
    LTC_Voltage_to_Temperature               0x0800a88d   Thumb Code   100  ltc6811.o(.text.LTC_Voltage_to_Temperature)
    MCU_CAN1_Send                            0x0800a8fd   Thumb Code     4  mcu.o(.text.MCU_CAN1_Send)
    MCU_Flash_Program_Word                   0x0800a901   Thumb Code     4  mcu.o(.text.MCU_Flash_Program_Word)
    MCU_Flash_Read_Word                      0x0800a905   Thumb Code     4  mcu.o(.text.MCU_Flash_Read_Word)
    MCU_GPIO_Init_C8_Output                  0x0800a909   Thumb Code     4  mcu.o(.text.MCU_GPIO_Init_C8_Output)
    MCU_GPIO_Init_C9_Output                  0x0800a90d   Thumb Code     4  mcu.o(.text.MCU_GPIO_Init_C9_Output)
    MCU_GPIO_Write_C8_Output                 0x0800a911   Thumb Code     4  mcu.o(.text.MCU_GPIO_Write_C8_Output)
    MCU_GPIO_Write_C9_Output                 0x0800a915   Thumb Code     4  mcu.o(.text.MCU_GPIO_Write_C9_Output)
    MCU_Init                                 0x0800a919   Thumb Code     4  mcu.o(.text.MCU_Init)
    MCU_SPI1_Init                            0x0800a91d   Thumb Code     4  mcu.o(.text.MCU_SPI1_Init)
    MCU_SPI2_Init                            0x0800a921   Thumb Code     4  mcu.o(.text.MCU_SPI2_Init)
    MCU_WDT_Refresh                          0x0800a925   Thumb Code    12  mcu.o(.text.MCU_WDT_Refresh)
    MemManage_Handler                        0x0800a935   Thumb Code     2  stm32f4xx_it.o(.text.MemManage_Handler)
    NMI_Handler                              0x0800a937   Thumb Code     2  stm32f4xx_it.o(.text.NMI_Handler)
    PendSV_Handler                           0x0800ab4d   Thumb Code     2  stm32f4xx_it.o(.text.PendSV_Handler)
    STM32F4_CAN1_Init                        0x0800aca5   Thumb Code   132  stm32f4.o(.text.STM32F4_CAN1_Init)
    STM32F4_CAN1_Send                        0x0800ad2d   Thumb Code    28  stm32f4.o(.text.STM32F4_CAN1_Send)
    STM32F4_Common_Init                      0x0800ad4d   Thumb Code    26  stm32f4.o(.text.STM32F4_Common_Init)
    STM32F4_Flash_Program_Word               0x0800ad67   Thumb Code    34  stm32f4.o(.text.STM32F4_Flash_Program_Word)
    STM32F4_Flash_Read_Word                  0x0800ad89   Thumb Code     4  stm32f4.o(.text.STM32F4_Flash_Read_Word)
    STM32F4_GPIO_Init_C8_Output              0x0800ad8d   Thumb Code    52  stm32f4.o(.text.STM32F4_GPIO_Init_C8_Output)
    STM32F4_GPIO_Init_C9_Output              0x0800adc1   Thumb Code    52  stm32f4.o(.text.STM32F4_GPIO_Init_C9_Output)
    STM32F4_GPIO_Write_C8_Output             0x0800adf9   Thumb Code    20  stm32f4.o(.text.STM32F4_GPIO_Write_C8_Output)
    STM32F4_GPIO_Write_C9_Output             0x0800ae0d   Thumb Code    20  stm32f4.o(.text.STM32F4_GPIO_Write_C9_Output)
    STM32F4_IWDG_Init                        0x0800ae25   Thumb Code    36  stm32f4.o(.text.STM32F4_IWDG_Init)
    STM32F4_Init                             0x0800ae4d   Thumb Code     4  stm32f4.o(.text.STM32F4_Init)
    STM32F4_SPI1_Init                        0x0800ae51   Thumb Code    28  stm32f4.o(.text.STM32F4_SPI1_Init)
    STM32F4_SPI2_Init                        0x0800ae75   Thumb Code    28  stm32f4.o(.text.STM32F4_SPI2_Init)
    STM32F4_SystemClock_Config               0x0800ae99   Thumb Code   136  stm32f4.o(.text.STM32F4_SystemClock_Config)
    STM32F4_TIM7_Init                        0x0800af29   Thumb Code    84  stm32f4.o(.text.STM32F4_TIM7_Init)
    STM32F4_WDT_Refresh                      0x0800af81   Thumb Code     8  stm32f4.o(.text.STM32F4_WDT_Refresh)
    SVC_Handler                              0x0800af8d   Thumb Code     2  stm32f4xx_it.o(.text.SVC_Handler)
    State_LEDs_10ms_Tick                     0x0800af8f   Thumb Code    24  state_leds.o(.text.State_LEDs_10ms_Tick)
    State_LEDs_Init                          0x0800afa7   Thumb Code    64  state_leds.o(.text.State_LEDs_Init)
    State_LEDs_Interrupt_Task                0x0800afe7   Thumb Code    18  state_leds.o(.text.State_LEDs_Interrupt_Task)
    State_LEDs_Task                          0x0800aff9   Thumb Code   158  state_leds.o(.text.State_LEDs_Task)
    SysTick_Handler                          0x0800b097   Thumb Code     4  stm32f4xx_it.o(.text.SysTick_Handler)
    SystemInit                               0x0800b09d   Thumb Code    12  system_stm32f4xx.o(.text.SystemInit)
    TIM7_IRQHandler                          0x0800b0ad   Thumb Code    16  stm32f4xx_it.o(.text.TIM7_IRQHandler)
    TIM_Base_SetConfig                       0x0800b0c1   Thumb Code   172  stm32f4xx_hal_tim.o(.text.TIM_Base_SetConfig)
    Timer_10ms_Change_Timing                 0x0800b199   Thumb Code     4  common_functions.o(.text.Timer_10ms_Change_Timing)
    Timer_10ms_Init                          0x0800b19d   Thumb Code    18  common_functions.o(.text.Timer_10ms_Init)
    Timer_10ms_Reset                         0x0800b1af   Thumb Code    12  common_functions.o(.text.Timer_10ms_Reset)
    Timer_10ms_Restart                       0x0800b1bb   Thumb Code    16  common_functions.o(.text.Timer_10ms_Restart)
    Timer_10ms_Start                         0x0800b1cb   Thumb Code     6  common_functions.o(.text.Timer_10ms_Start)
    Timer_10ms_Stop                          0x0800b1d1   Thumb Code     6  common_functions.o(.text.Timer_10ms_Stop)
    Timer_10ms_Tick                          0x0800b1d7   Thumb Code   102  common_functions.o(.text.Timer_10ms_Tick)
    UsageFault_Handler                       0x0800b23d   Thumb Code     2  stm32f4xx_it.o(.text.UsageFault_Handler)
    Yellow_LED_Blink                         0x0800b23f   Thumb Code    12  state_leds.o(.text.Yellow_LED_Blink)
    Yellow_LED_Off                           0x0800b24b   Thumb Code     6  state_leds.o(.text.Yellow_LED_Off)
    Yellow_LED_On                            0x0800b251   Thumb Code     6  state_leds.o(.text.Yellow_LED_On)
    Yellow_LED_Permanent_Off                 0x0800b257   Thumb Code     8  state_leds.o(.text.Yellow_LED_Permanent_Off)
    Yellow_Led_Interrupt_Task                0x0800b25f   Thumb Code    94  state_leds.o(.text.Yellow_Led_Interrupt_Task)
    main                                     0x0800b2bd   Thumb Code    14  main.o(.text.main)
    _fp_init                                 0x0800b2cb   Thumb Code    26  fpinit.o(x$fpl$fpinit)
    __fplib_config_fpu_vfp                   0x0800b2e3   Thumb Code     0  fpinit.o(x$fpl$fpinit)
    __fplib_config_pureend_doubles           0x0800b2e3   Thumb Code     0  fpinit.o(x$fpl$fpinit)
    AHBPrescTable                            0x0800b2f0   Data          16  system_stm32f4xx.o(.rodata.AHBPrescTable)
    Temp_Table_C                             0x0800b300   Data          33  ltc6811.o(.rodata.Temp_Table_C)
    Temp_Table_V                             0x0800b324   Data         132  ltc6811.o(.rodata.Temp_Table_V)
    uwTickFreq                               0x20000000   Data           1  stm32f4xx_hal.o(.data..L_MergedGlobals)
    uwTickPrio                               0x20000004   Data           4  stm32f4xx_hal.o(.data..L_MergedGlobals)
    SystemCoreClock                          0x20000008   Data           4  system_stm32f4xx.o(.data.SystemCoreClock)
    __libspace_start                         0x20000010   Data          96  libspace.o(.bss)
    CONTROL_UNIT                             0x20000070   Data         652  control_unit.o(.bss.CONTROL_UNIT)
    __temporary_stack_top$libspace           0x20000070   Data           0  libspace.o(.bss)
    STM32_CAN1                               0x200002fc   Data          40  stm32f4.o(.bss.STM32_CAN1)
    STM32_SPI1                               0x20000324   Data          88  stm32f4.o(.bss.STM32_SPI1)
    STM32_SPI2                               0x2000037c   Data          88  stm32f4.o(.bss.STM32_SPI2)
    STM32_TIM7                               0x200003d4   Data          72  stm32f4.o(.bss.STM32_TIM7)
    Watchdog                                 0x2000041c   Data          12  stm32f4.o(.bss.Watchdog)
    pFlash                                   0x20000428   Data          32  stm32f4xx_hal_flash.o(.bss.pFlash)
    uwTick                                   0x20000448   Data           4  stm32f4xx_hal.o(.bss.uwTick)



==============================================================================

Memory Map of the image

  Image Entry point : 0x08000189

  Load Region LR_IROM1 (Base: 0x08000000, Size: 0x00000258, Max: 0x00008000, ABSOLUTE)

    Execution Region ER_IROM1 (Exec base: 0x08000000, Load base: 0x08000000, Size: 0x00000248, Max: 0x00008000, ABSOLUTE)

    Exec Addr    Load Addr    Size         Type   Attr      Idx    E Section Name        Object

    0x08000000   0x08000000   0x00000188   Data   RO          408    RESET               startup_stm32f405xx.o
    0x08000188   0x08000188   0x00000008   Code   RO         1941  * !!!main             c_w.l(__main.o)
    0x08000190   0x08000190   0x0000005c   Code   RO         2135    !!!scatter          c_w.l(__scatter.o)
    0x080001ec   0x080001ec   0x0000001a   Code   RO         2139    !!handler_copy      c_w.l(__scatter_copy.o)
    0x08000206   0x08000206   0x00000002   PAD
    0x08000208   0x08000208   0x00000002   Code   RO         2136    !!handler_null      c_w.l(__scatter.o)
    0x0800020a   0x0800020a   0x00000002   PAD
    0x0800020c   0x0800020c   0x0000001c   Code   RO         2141    !!handler_zi        c_w.l(__scatter_zi.o)
    0x08000228   0x08000228   0x00000020   Data   RO         2134    Region$$Table       anon$$obj.o


    Execution Region RW_IRAM1 (Exec base: 0x20000000, Load base: 0x08000248, Size: 0x00000a50, Max: 0x00009000, ABSOLUTE)

    Exec Addr    Load Addr    Size         Type   Attr      Idx    E Section Name        Object

    0x20000000   0x08000248   0x00000008   Data   RW          916    .data..L_MergedGlobals  stm32f4xx_hal.o
    0x20000008   0x08000250   0x00000004   Data   RW          396    .data.SystemCoreClock  system_stm32f4xx.o
    0x2000000c   0x08000254   0x00000004   PAD
    0x20000010        -       0x00000060   Zero   RW         1999    .bss                c_w.l(libspace.o)
    0x20000070        -       0x0000028c   Zero   RW           21    .bss.CONTROL_UNIT   control_unit.o
    0x200002fc        -       0x00000028   Zero   RW          378    .bss.STM32_CAN1     stm32f4.o
    0x20000324        -       0x00000058   Zero   RW          380    .bss.STM32_SPI1     stm32f4.o
    0x2000037c        -       0x00000058   Zero   RW          381    .bss.STM32_SPI2     stm32f4.o
    0x200003d4        -       0x00000048   Zero   RW          379    .bss.STM32_TIM7     stm32f4.o
    0x2000041c        -       0x0000000c   Zero   RW          382    .bss.Watchdog       stm32f4.o
    0x20000428        -       0x00000020   Zero   RW          629    .bss.pFlash         stm32f4xx_hal_flash.o
    0x20000448        -       0x00000004   Zero   RW          915    .bss.uwTick         stm32f4xx_hal.o
    0x2000044c   0x08000254   0x00000004   PAD
    0x20000450        -       0x00000200   Zero   RW          407    HEAP                startup_stm32f405xx.o
    0x20000650        -       0x00000400   Zero   RW          406    STACK               startup_stm32f405xx.o



  Load Region LR_IROM2 (Base: 0x08008000, Size: 0x000033a8, Max: 0x00016000, ABSOLUTE)

    Execution Region ER_IROM2 (Exec base: 0x08008000, Load base: 0x08008000, Size: 0x000033a8, Max: 0x00016000, ABSOLUTE)

    Exec Addr    Load Addr    Size         Type   Attr      Idx    E Section Name        Object

    0x08008000   0x08008000   0x00000002   Code   RO         1997    .ARM.Collect$$libinit$$00000000  c_w.l(libinit.o)
    0x08008002   0x08008002   0x00000004   Code   RO         2009    .ARM.Collect$$libinit$$00000001  c_w.l(libinit2.o)
    0x08008006   0x08008006   0x00000000   Code   RO         2012    .ARM.Collect$$libinit$$00000004  c_w.l(libinit2.o)
    0x08008006   0x08008006   0x00000000   Code   RO         2014    .ARM.Collect$$libinit$$00000006  c_w.l(libinit2.o)
    0x08008006   0x08008006   0x00000000   Code   RO         2017    .ARM.Collect$$libinit$$0000000C  c_w.l(libinit2.o)
    0x08008006   0x08008006   0x00000000   Code   RO         2019    .ARM.Collect$$libinit$$0000000E  c_w.l(libinit2.o)
    0x08008006   0x08008006   0x00000000   Code   RO         2021    .ARM.Collect$$libinit$$00000010  c_w.l(libinit2.o)
    0x08008006   0x08008006   0x00000000   Code   RO         2024    .ARM.Collect$$libinit$$00000013  c_w.l(libinit2.o)
    0x08008006   0x08008006   0x00000000   Code   RO         2026    .ARM.Collect$$libinit$$00000015  c_w.l(libinit2.o)
    0x08008006   0x08008006   0x00000000   Code   RO         2028    .ARM.Collect$$libinit$$00000017  c_w.l(libinit2.o)
    0x08008006   0x08008006   0x00000000   Code   RO         2030    .ARM.Collect$$libinit$$00000019  c_w.l(libinit2.o)
    0x08008006   0x08008006   0x00000000   Code   RO         2032    .ARM.Collect$$libinit$$0000001B  c_w.l(libinit2.o)
    0x08008006   0x08008006   0x00000000   Code   RO         2034    .ARM.Collect$$libinit$$0000001D  c_w.l(libinit2.o)
    0x08008006   0x08008006   0x00000000   Code   RO         2036    .ARM.Collect$$libinit$$0000001F  c_w.l(libinit2.o)
    0x08008006   0x08008006   0x00000000   Code   RO         2038    .ARM.Collect$$libinit$$00000021  c_w.l(libinit2.o)
    0x08008006   0x08008006   0x00000000   Code   RO         2040    .ARM.Collect$$libinit$$00000023  c_w.l(libinit2.o)
    0x08008006   0x08008006   0x00000000   Code   RO         2042    .ARM.Collect$$libinit$$00000025  c_w.l(libinit2.o)
    0x08008006   0x08008006   0x00000000   Code   RO         2044    .ARM.Collect$$libinit$$00000027  c_w.l(libinit2.o)
    0x08008006   0x08008006   0x00000000   Code   RO         2048    .ARM.Collect$$libinit$$0000002E  c_w.l(libinit2.o)
    0x08008006   0x08008006   0x00000000   Code   RO         2050    .ARM.Collect$$libinit$$00000030  c_w.l(libinit2.o)
    0x08008006   0x08008006   0x00000000   Code   RO         2052    .ARM.Collect$$libinit$$00000032  c_w.l(libinit2.o)
    0x08008006   0x08008006   0x00000000   Code   RO         2054    .ARM.Collect$$libinit$$00000034  c_w.l(libinit2.o)
    0x08008006   0x08008006   0x00000002   Code   RO         2055    .ARM.Collect$$libinit$$00000035  c_w.l(libinit2.o)
    0x08008008   0x08008008   0x00000002   Code   RO         2090    .ARM.Collect$$libshutdown$$00000000  c_w.l(libshutdown.o)
    0x0800800a   0x0800800a   0x00000000   Code   RO         2118    .ARM.Collect$$libshutdown$$00000002  c_w.l(libshutdown2.o)
    0x0800800a   0x0800800a   0x00000000   Code   RO         2120    .ARM.Collect$$libshutdown$$00000004  c_w.l(libshutdown2.o)
    0x0800800a   0x0800800a   0x00000000   Code   RO         2123    .ARM.Collect$$libshutdown$$00000007  c_w.l(libshutdown2.o)
    0x0800800a   0x0800800a   0x00000000   Code   RO         2126    .ARM.Collect$$libshutdown$$0000000A  c_w.l(libshutdown2.o)
    0x0800800a   0x0800800a   0x00000000   Code   RO         2128    .ARM.Collect$$libshutdown$$0000000C  c_w.l(libshutdown2.o)
    0x0800800a   0x0800800a   0x00000000   Code   RO         2131    .ARM.Collect$$libshutdown$$0000000F  c_w.l(libshutdown2.o)
    0x0800800a   0x0800800a   0x00000002   Code   RO         2132    .ARM.Collect$$libshutdown$$00000010  c_w.l(libshutdown2.o)
    0x0800800c   0x0800800c   0x00000000   Code   RO         1947    .ARM.Collect$$rtentry$$00000000  c_w.l(__rtentry.o)
    0x0800800c   0x0800800c   0x00000000   Code   RO         1964    .ARM.Collect$$rtentry$$00000002  c_w.l(__rtentry2.o)
    0x0800800c   0x0800800c   0x00000006   Code   RO         1976    .ARM.Collect$$rtentry$$00000004  c_w.l(__rtentry4.o)
    0x08008012   0x08008012   0x00000000   Code   RO         1966    .ARM.Collect$$rtentry$$00000009  c_w.l(__rtentry2.o)
    0x08008012   0x08008012   0x00000004   Code   RO         1967    .ARM.Collect$$rtentry$$0000000A  c_w.l(__rtentry2.o)
    0x08008016   0x08008016   0x00000000   Code   RO         1969    .ARM.Collect$$rtentry$$0000000C  c_w.l(__rtentry2.o)
    0x08008016   0x08008016   0x00000008   Code   RO         1970    .ARM.Collect$$rtentry$$0000000D  c_w.l(__rtentry2.o)
    0x0800801e   0x0800801e   0x00000002   Code   RO         2001    .ARM.Collect$$rtexit$$00000000  c_w.l(rtexit.o)
    0x08008020   0x08008020   0x00000000   Code   RO         2061    .ARM.Collect$$rtexit$$00000002  c_w.l(rtexit2.o)
    0x08008020   0x08008020   0x00000004   Code   RO         2062    .ARM.Collect$$rtexit$$00000003  c_w.l(rtexit2.o)
    0x08008024   0x08008024   0x00000006   Code   RO         2063    .ARM.Collect$$rtexit$$00000004  c_w.l(rtexit2.o)
    0x0800802a   0x0800802a   0x00000002   PAD
    0x0800802c   0x0800802c   0x00000040   Code   RO          409    .text               startup_stm32f405xx.o
    0x0800806c   0x0800806c   0x000000f0   Code   RO         1935    .text               c_w.l(lludivv7m.o)
    0x0800815c   0x0800815c   0x0000004e   Code   RO         1937    .text               c_w.l(rt_memclr_w.o)
    0x080081aa   0x080081aa   0x00000006   Code   RO         1939    .text               c_w.l(heapauxi.o)
    0x080081b0   0x080081b0   0x0000004a   Code   RO         1984    .text               c_w.l(sys_stackheap_outer.o)
    0x080081fa   0x080081fa   0x00000012   Code   RO         1986    .text               c_w.l(exit.o)
    0x0800820c   0x0800820c   0x00000008   Code   RO         1998    .text               c_w.l(libspace.o)
    0x08008214   0x08008214   0x0000000c   Code   RO         2056    .text               c_w.l(sys_exit.o)
    0x08008220   0x08008220   0x00000002   Code   RO         2079    .text               c_w.l(use_no_semi.o)
    0x08008222   0x08008222   0x00000000   Code   RO         2081    .text               c_w.l(indicate_semi.o)
    0x08008222   0x08008222   0x00000052   Code   RO           63    .text.Battery_Pack_Control_Check_Fails  battery_pack_control_unit.o
    0x08008274   0x08008274   0x0000001e   Code   RO           57    .text.Battery_Pack_Control_Interrupt_Task  battery_pack_control_unit.o
    0x08008292   0x08008292   0x00000002   PAD
    0x08008294   0x08008294   0x00000058   Code   RO           65    .text.Battery_Pack_Control_Read_Task  battery_pack_control_unit.o
    0x080082ec   0x080082ec   0x0000005c   Code   RO           49    .text.Battery_Pack_Control_State_Machine_Task  battery_pack_control_unit.o
    0x08008348   0x08008348   0x0000003c   Code   RO           59    .text.Battery_Pack_Control_Unit_10ms_Interrupt  battery_pack_control_unit.o
    0x08008384   0x08008384   0x0000006a   Code   RO           75    .text.Battery_Pack_Control_Unit_CAN1_Interrupt  battery_pack_control_unit.o
    0x080083ee   0x080083ee   0x00000002   PAD
    0x080083f0   0x080083f0   0x00000074   Code   RO           69    .text.Battery_Pack_Control_Unit_Cancel_Sensors_1  battery_pack_control_unit.o
    0x08008464   0x08008464   0x00000078   Code   RO           71    .text.Battery_Pack_Control_Unit_Cancel_Sensors_2  battery_pack_control_unit.o
    0x080084dc   0x080084dc   0x00000078   Code   RO           73    .text.Battery_Pack_Control_Unit_Cancel_Sensors_3  battery_pack_control_unit.o
    0x08008554   0x08008554   0x000000dc   Code   RO           61    .text.Battery_Pack_Control_Unit_Check_Temperatures  battery_pack_control_unit.o
    0x08008630   0x08008630   0x0000004c   Code   RO           37    .text.Battery_Pack_Control_Unit_Init  battery_pack_control_unit.o
    0x0800867c   0x0800867c   0x00000034   Code   RO           35    .text.Battery_Pack_Control_Unit_Init_Values  battery_pack_control_unit.o
    0x080086b0   0x080086b0   0x0000000e   Code   RO           29    .text.Battery_Pack_Control_Unit_MCU_Init  battery_pack_control_unit.o
    0x080086be   0x080086be   0x0000002e   Code   RO           67    .text.Battery_Pack_Control_Unit_Main_Task  battery_pack_control_unit.o
    0x080086ec   0x080086ec   0x0000002c   Code   RO           33    .text.Battery_Pack_Control_Unit_Read_Memory_Init  battery_pack_control_unit.o
    0x08008718   0x08008718   0x00000002   Code   RO          305    .text.BusFault_Handler  stm32f4xx_it.o
    0x0800871a   0x0800871a   0x00000004   Code   RO          200    .text.CAN1_Interrupt_DoTask  can_bus.o
    0x0800871e   0x0800871e   0x00000002   PAD
    0x08008720   0x08008720   0x00000028   Code   RO          317    .text.CAN1_RX0_IRQHandler  stm32f4xx_it.o
    0x08008748   0x08008748   0x00000020   Code   RO          198    .text.CAN1_Send     can_bus.o
    0x08008768   0x08008768   0x00000028   Code   RO           51    .text.CAN_Status_Send_Interrupt_Task  battery_pack_control_unit.o
    0x08008790   0x08008790   0x00000050   Code   RO           53    .text.CAN_Temp_Send_Interrupt_Task  battery_pack_control_unit.o
    0x080087e0   0x080087e0   0x00000008   Code   RO           19    .text.Control_Unit_CAN1_Interrupt  control_unit.o
    0x080087e8   0x080087e8   0x00000008   Code   RO           13    .text.Control_Unit_Init  control_unit.o
    0x080087f0   0x080087f0   0x00000004   Code   RO           11    .text.Control_Unit_MCU_Init  control_unit.o
    0x080087f4   0x080087f4   0x00000008   Code   RO           15    .text.Control_Unit_Main_Task  control_unit.o
    0x080087fc   0x080087fc   0x0000000c   Code   RO           17    .text.Control_Unit_Timer_10ms_Interrupt  control_unit.o
    0x08008808   0x08008808   0x00000002   Code   RO          311    .text.DebugMon_Handler  stm32f4xx_it.o
    0x0800880a   0x0800880a   0x00000002   PAD
    0x0800880c   0x0800880c   0x0000001c   Code   RO          599    .text.FLASH_Program_Byte  stm32f4xx_hal_flash.o
    0x08008828   0x08008828   0x00000028   Code   RO          605    .text.FLASH_Program_DoubleWord  stm32f4xx_hal_flash.o
    0x08008850   0x08008850   0x00000020   Code   RO          601    .text.FLASH_Program_HalfWord  stm32f4xx_hal_flash.o
    0x08008870   0x08008870   0x00000024   Code   RO          603    .text.FLASH_Program_Word  stm32f4xx_hal_flash.o
    0x08008894   0x08008894   0x00000068   Code   RO          611    .text.FLASH_SetErrorCode  stm32f4xx_hal_flash.o
    0x080088fc   0x080088fc   0x00000054   Code   RO          597    .text.FLASH_WaitForLastOperation  stm32f4xx_hal_flash.o
    0x08008950   0x08008950   0x00000018   Code   RO           39    .text.Generate_Status_Message  battery_pack_control_unit.o
    0x08008968   0x08008968   0x0000004e   Code   RO           41    .text.Generate_Temp_Message  battery_pack_control_unit.o
    0x080089b6   0x080089b6   0x00000044   Code   RO           43    .text.Generate_Volt_Message  battery_pack_control_unit.o
    0x080089fa   0x080089fa   0x0000000c   Code   RO          107    .text.Green_LED_Blink  state_leds.o
    0x08008a06   0x08008a06   0x00000006   Code   RO           95    .text.Green_LED_Off  state_leds.o
    0x08008a0c   0x08008a0c   0x00000006   Code   RO           91    .text.Green_LED_On  state_leds.o
    0x08008a12   0x08008a12   0x00000008   Code   RO          105    .text.Green_LED_Permanent_Off  state_leds.o
    0x08008a1a   0x08008a1a   0x00000008   Code   RO          101    .text.Green_LED_Permanent_On  state_leds.o
    0x08008a22   0x08008a22   0x0000005e   Code   RO          117    .text.Green_Led_Interrupt_Task  state_leds.o
    0x08008a80   0x08008a80   0x00000026   Code   RO          985    .text.HAL_CAN_ActivateNotification  stm32f4xx_hal_can.o
    0x08008aa6   0x08008aa6   0x00000096   Code   RO          971    .text.HAL_CAN_AddTxMessage  stm32f4xx_hal_can.o
    0x08008b3c   0x08008b3c   0x000000c8   Code   RO          961    .text.HAL_CAN_ConfigFilter  stm32f4xx_hal_can.o
    0x08008c04   0x08008c04   0x00000002   Code   RO         1015    .text.HAL_CAN_ErrorCallback  stm32f4xx_hal_can.o
    0x08008c06   0x08008c06   0x000000c6   Code   RO          981    .text.HAL_CAN_GetRxMessage  stm32f4xx_hal_can.o
    0x08008ccc   0x08008ccc   0x000001f2   Code   RO          989    .text.HAL_CAN_IRQHandler  stm32f4xx_hal_can.o
    0x08008ebe   0x08008ebe   0x000000da   Code   RO          951    .text.HAL_CAN_Init  stm32f4xx_hal_can.o
    0x08008f98   0x08008f98   0x00000078   Code   RO          277    .text.HAL_CAN_MspInit  stm32f4xx_hal_msp.o
    0x08009010   0x08009010   0x00000002   Code   RO         1003    .text.HAL_CAN_RxFifo0FullCallback  stm32f4xx_hal_can.o
    0x08009012   0x08009012   0x00000002   Code   RO         1005    .text.HAL_CAN_RxFifo0MsgPendingCallback  stm32f4xx_hal_can.o
    0x08009014   0x08009014   0x00000002   Code   RO         1007    .text.HAL_CAN_RxFifo1FullCallback  stm32f4xx_hal_can.o
    0x08009016   0x08009016   0x00000002   Code   RO         1009    .text.HAL_CAN_RxFifo1MsgPendingCallback  stm32f4xx_hal_can.o
    0x08009018   0x08009018   0x00000002   Code   RO         1011    .text.HAL_CAN_SleepCallback  stm32f4xx_hal_can.o
    0x0800901a   0x0800901a   0x0000004c   Code   RO          963    .text.HAL_CAN_Start  stm32f4xx_hal_can.o
    0x08009066   0x08009066   0x00000002   Code   RO          993    .text.HAL_CAN_TxMailbox0AbortCallback  stm32f4xx_hal_can.o
    0x08009068   0x08009068   0x00000002   Code   RO          991    .text.HAL_CAN_TxMailbox0CompleteCallback  stm32f4xx_hal_can.o
    0x0800906a   0x0800906a   0x00000002   Code   RO          997    .text.HAL_CAN_TxMailbox1AbortCallback  stm32f4xx_hal_can.o
    0x0800906c   0x0800906c   0x00000002   Code   RO          995    .text.HAL_CAN_TxMailbox1CompleteCallback  stm32f4xx_hal_can.o
    0x0800906e   0x0800906e   0x00000002   Code   RO         1001    .text.HAL_CAN_TxMailbox2AbortCallback  stm32f4xx_hal_can.o
    0x08009070   0x08009070   0x00000002   Code   RO          999    .text.HAL_CAN_TxMailbox2CompleteCallback  stm32f4xx_hal_can.o
    0x08009072   0x08009072   0x00000002   Code   RO         1013    .text.HAL_CAN_WakeUpFromRxMsgCallback  stm32f4xx_hal_can.o
    0x08009074   0x08009074   0x00000020   Code   RO          877    .text.HAL_Delay     stm32f4xx_hal.o
    0x08009094   0x08009094   0x00000010   Code   RO          619    .text.HAL_FLASH_Lock  stm32f4xx_hal_flash.o
    0x080090a4   0x080090a4   0x00000084   Code   RO          595    .text.HAL_FLASH_Program  stm32f4xx_hal_flash.o
    0x08009128   0x08009128   0x00000028   Code   RO          617    .text.HAL_FLASH_Unlock  stm32f4xx_hal_flash.o
    0x08009150   0x08009150   0x000001a0   Code   RO          663    .text.HAL_GPIO_Init  stm32f4xx_hal_gpio.o
    0x080092f0   0x080092f0   0x0000000a   Code   RO          669    .text.HAL_GPIO_WritePin  stm32f4xx_hal_gpio.o
    0x080092fa   0x080092fa   0x00000002   PAD
    0x080092fc   0x080092fc   0x00000008   Code   RO          869    .text.HAL_GetTick   stm32f4xx_hal.o
    0x08009304   0x08009304   0x0000004e   Code   RO         1752    .text.HAL_IWDG_Init  stm32f4xx_hal_iwdg.o
    0x08009352   0x08009352   0x0000000c   Code   RO         1754    .text.HAL_IWDG_Refresh  stm32f4xx_hal_iwdg.o
    0x0800935e   0x0800935e   0x00000002   PAD
    0x08009360   0x08009360   0x00000014   Code   RO          867    .text.HAL_IncTick   stm32f4xx_hal.o
    0x08009374   0x08009374   0x00000034   Code   RO          857    .text.HAL_Init      stm32f4xx_hal.o
    0x080093a8   0x080093a8   0x0000003c   Code   RO          859    .text.HAL_InitTick  stm32f4xx_hal.o
    0x080093e4   0x080093e4   0x00000038   Code   RO          275    .text.HAL_MspInit   stm32f4xx_hal_msp.o
    0x0800941c   0x0800941c   0x00000018   Code   RO          811    .text.HAL_NVIC_EnableIRQ  stm32f4xx_hal_cortex.o
    0x08009434   0x08009434   0x0000004c   Code   RO          809    .text.HAL_NVIC_SetPriority  stm32f4xx_hal_cortex.o
    0x08009480   0x08009480   0x00000020   Code   RO          807    .text.HAL_NVIC_SetPriorityGrouping  stm32f4xx_hal_cortex.o
    0x080094a0   0x080094a0   0x0000011c   Code   RO          535    .text.HAL_RCC_ClockConfig  stm32f4xx_hal_rcc.o
    0x080095bc   0x080095bc   0x0000005c   Code   RO          537    .text.HAL_RCC_GetSysClockFreq  stm32f4xx_hal_rcc.o
    0x08009618   0x08009618   0x00000330   Code   RO          533    .text.HAL_RCC_OscConfig  stm32f4xx_hal_rcc.o
    0x08009948   0x08009948   0x000000b4   Code   RO         1764    .text.HAL_SPI_Init  stm32f4xx_hal_spi.o
    0x080099fc   0x080099fc   0x000000f4   Code   RO          281    .text.HAL_SPI_MspInit  stm32f4xx_hal_msp.o
    0x08009af0   0x08009af0   0x00000116   Code   RO         1776    .text.HAL_SPI_Receive  stm32f4xx_hal_spi.o
    0x08009c06   0x08009c06   0x0000011a   Code   RO         1772    .text.HAL_SPI_Transmit  stm32f4xx_hal_spi.o
    0x08009d20   0x08009d20   0x00000194   Code   RO         1778    .text.HAL_SPI_TransmitReceive  stm32f4xx_hal_spi.o
    0x08009eb4   0x08009eb4   0x00000028   Code   RO          819    .text.HAL_SYSTICK_Config  stm32f4xx_hal_cortex.o
    0x08009edc   0x08009edc   0x00000002   Code   RO         1674    .text.HAL_TIMEx_BreakCallback  stm32f4xx_hal_tim_ex.o
    0x08009ede   0x08009ede   0x00000002   Code   RO         1670    .text.HAL_TIMEx_CommutCallback  stm32f4xx_hal_tim_ex.o
    0x08009ee0   0x08009ee0   0x00000070   Code   RO         1664    .text.HAL_TIMEx_MasterConfigSynchronization  stm32f4xx_hal_tim_ex.o
    0x08009f50   0x08009f50   0x0000001e   Code   RO         1233    .text.HAL_TIM_Base_Init  stm32f4xx_hal_tim.o
    0x08009f6e   0x08009f6e   0x00000002   PAD
    0x08009f70   0x08009f70   0x00000040   Code   RO          287    .text.HAL_TIM_Base_MspInit  stm32f4xx_hal_msp.o
    0x08009fb0   0x08009fb0   0x00000080   Code   RO         1247    .text.HAL_TIM_Base_Start_IT  stm32f4xx_hal_tim.o
    0x0800a030   0x0800a030   0x00000002   Code   RO         1369    .text.HAL_TIM_IC_CaptureCallback  stm32f4xx_hal_tim.o
    0x0800a032   0x0800a032   0x00000126   Code   RO         1367    .text.HAL_TIM_IRQHandler  stm32f4xx_hal_tim.o
    0x0800a158   0x0800a158   0x00000002   Code   RO         1371    .text.HAL_TIM_OC_DelayElapsedCallback  stm32f4xx_hal_tim.o
    0x0800a15a   0x0800a15a   0x00000002   Code   RO         1373    .text.HAL_TIM_PWM_PulseFinishedCallback  stm32f4xx_hal_tim.o
    0x0800a15c   0x0800a15c   0x00000002   Code   RO         1375    .text.HAL_TIM_PeriodElapsedCallback  stm32f4xx_hal_tim.o
    0x0800a15e   0x0800a15e   0x00000002   Code   RO         1377    .text.HAL_TIM_TriggerCallback  stm32f4xx_hal_tim.o
    0x0800a160   0x0800a160   0x00000002   Code   RO          301    .text.HardFault_Handler  stm32f4xx_it.o
    0x0800a162   0x0800a162   0x00000032   Code   RO           55    .text.Initialitation_Tim_Interrupt_Task  battery_pack_control_unit.o
    0x0800a194   0x0800a194   0x0000004c   Code   RO          151    .text.LTC6811_Encode_Volt_10mV  ltc6811.o
    0x0800a1e0   0x0800a1e0   0x00000048   Code   RO          153    .text.LTC6811_Enconde_Temp  ltc6811.o
    0x0800a228   0x0800a228   0x00000074   Code   RO          145    .text.LTC6811_Init  ltc6811.o
    0x0800a29c   0x0800a29c   0x00000184   Code   RO          181    .text.LTC6811_Measure_Temperatures_and_Voltages  ltc6811.o
    0x0800a420   0x0800a420   0x00000034   Code   RO          163    .text.LTC6811_PEC15_Calc  ltc6811.o
    0x0800a454   0x0800a454   0x0000004c   Code   RO          165    .text.LTC6811_Read_CFG  ltc6811.o
    0x0800a4a0   0x0800a4a0   0x00000078   Code   RO          177    .text.LTC6811_Read_Cell_Block  ltc6811.o
    0x0800a518   0x0800a518   0x0000000e   Code   RO          143    .text.LTC6811_SPI_Init  ltc6811.o
    0x0800a526   0x0800a526   0x00000054   Code   RO          157    .text.LTC6811_SPI_Transfer  ltc6811.o
    0x0800a57a   0x0800a57a   0x00000078   Code   RO          161    .text.LTC6811_SPI_Transmit_Receive  ltc6811.o
    0x0800a5f2   0x0800a5f2   0x00000002   PAD
    0x0800a5f4   0x0800a5f4   0x00000028   Code   RO          171    .text.LTC6811_Start_ADC_Conv  ltc6811.o
    0x0800a61c   0x0800a61c   0x00000054   Code   RO          169    .text.LTC6811_Wait_ADC_Completion  ltc6811.o
    0x0800a670   0x0800a670   0x00000028   Code   RO          147    .text.LTC6811_Wake_Up  ltc6811.o
    0x0800a698   0x0800a698   0x00000074   Code   RO          167    .text.LTC6811_Write_CFG  ltc6811.o
    0x0800a70c   0x0800a70c   0x0000004c   Code   RO          173    .text.LTC_Active_Even_Balancing  ltc6811.o
    0x0800a758   0x0800a758   0x0000004e   Code   RO          175    .text.LTC_Active_Odd_Balancing  ltc6811.o
    0x0800a7a6   0x0800a7a6   0x00000042   Code   RO          149    .text.LTC_Disable_Balancing  ltc6811.o
    0x0800a7e8   0x0800a7e8   0x000000a4   Code   RO          179    .text.LTC_Read_All_Voltages  ltc6811.o
    0x0800a88c   0x0800a88c   0x00000070   Code   RO          155    .text.LTC_Voltage_to_Temperature  ltc6811.o
    0x0800a8fc   0x0800a8fc   0x00000004   Code   RO          254    .text.MCU_CAN1_Send  mcu.o
    0x0800a900   0x0800a900   0x00000004   Code   RO          264    .text.MCU_Flash_Program_Word  mcu.o
    0x0800a904   0x0800a904   0x00000004   Code   RO          260    .text.MCU_Flash_Read_Word  mcu.o
    0x0800a908   0x0800a908   0x00000004   Code   RO          240    .text.MCU_GPIO_Init_C8_Output  mcu.o
    0x0800a90c   0x0800a90c   0x00000004   Code   RO          242    .text.MCU_GPIO_Init_C9_Output  mcu.o
    0x0800a910   0x0800a910   0x00000004   Code   RO          244    .text.MCU_GPIO_Write_C8_Output  mcu.o
    0x0800a914   0x0800a914   0x00000004   Code   RO          246    .text.MCU_GPIO_Write_C9_Output  mcu.o
    0x0800a918   0x0800a918   0x00000004   Code   RO          248    .text.MCU_Init      mcu.o
    0x0800a91c   0x0800a91c   0x00000004   Code   RO          250    .text.MCU_SPI1_Init  mcu.o
    0x0800a920   0x0800a920   0x00000004   Code   RO          252    .text.MCU_SPI2_Init  mcu.o
    0x0800a924   0x0800a924   0x00000010   Code   RO          256    .text.MCU_WDT_Refresh  mcu.o
    0x0800a934   0x0800a934   0x00000002   Code   RO          303    .text.MemManage_Handler  stm32f4xx_it.o
    0x0800a936   0x0800a936   0x00000002   Code   RO          299    .text.NMI_Handler   stm32f4xx_it.o
    0x0800a938   0x0800a938   0x0000000c   Code   RO          125    .text.OUTLINED_FUNCTION_0  state_leds.o
    0x0800a944   0x0800a944   0x0000000c   Code   RO          183    .text.OUTLINED_FUNCTION_0  ltc6811.o
    0x0800a950   0x0800a950   0x0000002a   Code   RO          370    .text.OUTLINED_FUNCTION_0  stm32f4.o
    0x0800a97a   0x0800a97a   0x0000000c   Code   RO          559    .text.OUTLINED_FUNCTION_0  stm32f4xx_hal_rcc.o
    0x0800a986   0x0800a986   0x00000012   Code   RO          845    .text.OUTLINED_FUNCTION_0  stm32f4xx_hal_cortex.o
    0x0800a998   0x0800a998   0x0000000c   Code   RO         1023    .text.OUTLINED_FUNCTION_0  stm32f4xx_hal_can.o
    0x0800a9a4   0x0800a9a4   0x0000000c   Code   RO          127    .text.OUTLINED_FUNCTION_1  state_leds.o
    0x0800a9b0   0x0800a9b0   0x0000000a   Code   RO          185    .text.OUTLINED_FUNCTION_1  ltc6811.o
    0x0800a9ba   0x0800a9ba   0x00000010   Code   RO          372    .text.OUTLINED_FUNCTION_1  stm32f4.o
    0x0800a9ca   0x0800a9ca   0x0000000c   Code   RO         1025    .text.OUTLINED_FUNCTION_1  stm32f4xx_hal_can.o
    0x0800a9d6   0x0800a9d6   0x0000002e   Code   RO         1467    .text.OUTLINED_FUNCTION_1  stm32f4xx_hal_tim.o
    0x0800aa04   0x0800aa04   0x0000000a   Code   RO         1485    .text.OUTLINED_FUNCTION_10  stm32f4xx_hal_tim.o
    0x0800aa0e   0x0800aa0e   0x0000000a   Code   RO         1489    .text.OUTLINED_FUNCTION_12  stm32f4xx_hal_tim.o
    0x0800aa18   0x0800aa18   0x0000000e   Code   RO         1902    .text.OUTLINED_FUNCTION_14  stm32f4xx_hal_spi.o
    0x0800aa26   0x0800aa26   0x0000000a   Code   RO         1906    .text.OUTLINED_FUNCTION_16  stm32f4xx_hal_spi.o
    0x0800aa30   0x0800aa30   0x00000010   Code   RO         1912    .text.OUTLINED_FUNCTION_19  stm32f4xx_hal_spi.o
    0x0800aa40   0x0800aa40   0x0000000a   Code   RO          129    .text.OUTLINED_FUNCTION_2  state_leds.o
    0x0800aa4a   0x0800aa4a   0x0000000a   Code   RO          374    .text.OUTLINED_FUNCTION_2  stm32f4.o
    0x0800aa54   0x0800aa54   0x0000000a   Code   RO          563    .text.OUTLINED_FUNCTION_2  stm32f4xx_hal_rcc.o
    0x0800aa5e   0x0800aa5e   0x0000000e   Code   RO         1027    .text.OUTLINED_FUNCTION_2  stm32f4xx_hal_can.o
    0x0800aa6c   0x0800aa6c   0x00000010   Code   RO         1914    .text.OUTLINED_FUNCTION_20  stm32f4xx_hal_spi.o
    0x0800aa7c   0x0800aa7c   0x00000008   Code   RO         1916    .text.OUTLINED_FUNCTION_21  stm32f4xx_hal_spi.o
    0x0800aa84   0x0800aa84   0x0000000e   Code   RO         1922    .text.OUTLINED_FUNCTION_24  stm32f4xx_hal_spi.o
    0x0800aa92   0x0800aa92   0x00000008   Code   RO         1924    .text.OUTLINED_FUNCTION_25  stm32f4xx_hal_spi.o
    0x0800aa9a   0x0800aa9a   0x0000000a   Code   RO         1519    .text.OUTLINED_FUNCTION_27  stm32f4xx_hal_tim.o
    0x0800aaa4   0x0800aaa4   0x0000000a   Code   RO          131    .text.OUTLINED_FUNCTION_3  state_leds.o
    0x0800aaae   0x0800aaae   0x0000000e   Code   RO          376    .text.OUTLINED_FUNCTION_3  stm32f4.o
    0x0800aabc   0x0800aabc   0x00000010   Code   RO         1029    .text.OUTLINED_FUNCTION_3  stm32f4xx_hal_can.o
    0x0800aacc   0x0800aacc   0x00000014   Code   RO         1529    .text.OUTLINED_FUNCTION_32  stm32f4xx_hal_tim.o
    0x0800aae0   0x0800aae0   0x0000000a   Code   RO          133    .text.OUTLINED_FUNCTION_4  state_leds.o
    0x0800aaea   0x0800aaea   0x0000000c   Code   RO         1031    .text.OUTLINED_FUNCTION_4  stm32f4xx_hal_can.o
    0x0800aaf6   0x0800aaf6   0x00000012   Code   RO         1882    .text.OUTLINED_FUNCTION_4  stm32f4xx_hal_spi.o
    0x0800ab08   0x0800ab08   0x0000000a   Code   RO         1557    .text.OUTLINED_FUNCTION_46  stm32f4xx_hal_tim.o
    0x0800ab12   0x0800ab12   0x0000000c   Code   RO         1033    .text.OUTLINED_FUNCTION_5  stm32f4xx_hal_can.o
    0x0800ab1e   0x0800ab1e   0x00000010   Code   RO         1884    .text.OUTLINED_FUNCTION_5  stm32f4xx_hal_spi.o
    0x0800ab2e   0x0800ab2e   0x00000006   Code   RO         1565    .text.OUTLINED_FUNCTION_50  stm32f4xx_hal_tim.o
    0x0800ab34   0x0800ab34   0x0000000e   Code   RO         1479    .text.OUTLINED_FUNCTION_7  stm32f4xx_hal_tim.o
    0x0800ab42   0x0800ab42   0x0000000a   Code   RO         1890    .text.OUTLINED_FUNCTION_8  stm32f4xx_hal_spi.o
    0x0800ab4c   0x0800ab4c   0x00000002   Code   RO          313    .text.PendSV_Handler  stm32f4xx_it.o
    0x0800ab4e   0x0800ab4e   0x0000004e   Code   RO         1780    .text.SPI_EndRxTransaction  stm32f4xx_hal_spi.o
    0x0800ab9c   0x0800ab9c   0x00000054   Code   RO         1774    .text.SPI_EndRxTxTransaction  stm32f4xx_hal_spi.o
    0x0800abf0   0x0800abf0   0x000000b4   Code   RO         1872    .text.SPI_WaitFlagStateUntilTimeout  stm32f4xx_hal_spi.o
    0x0800aca4   0x0800aca4   0x00000088   Code   RO          334    .text.STM32F4_CAN1_Init  stm32f4.o
    0x0800ad2c   0x0800ad2c   0x00000020   Code   RO          356    .text.STM32F4_CAN1_Send  stm32f4.o
    0x0800ad4c   0x0800ad4c   0x0000001a   Code   RO          346    .text.STM32F4_Common_Init  stm32f4.o
    0x0800ad66   0x0800ad66   0x00000022   Code   RO          366    .text.STM32F4_Flash_Program_Word  stm32f4.o
    0x0800ad88   0x0800ad88   0x00000004   Code   RO          360    .text.STM32F4_Flash_Read_Word  stm32f4.o
    0x0800ad8c   0x0800ad8c   0x00000034   Code   RO          338    .text.STM32F4_GPIO_Init_C8_Output  stm32f4.o
    0x0800adc0   0x0800adc0   0x00000038   Code   RO          340    .text.STM32F4_GPIO_Init_C9_Output  stm32f4.o
    0x0800adf8   0x0800adf8   0x00000014   Code   RO          352    .text.STM32F4_GPIO_Write_C8_Output  stm32f4.o
    0x0800ae0c   0x0800ae0c   0x00000018   Code   RO          354    .text.STM32F4_GPIO_Write_C9_Output  stm32f4.o
    0x0800ae24   0x0800ae24   0x00000028   Code   RO          348    .text.STM32F4_IWDG_Init  stm32f4.o
    0x0800ae4c   0x0800ae4c   0x00000004   Code   RO          350    .text.STM32F4_Init  stm32f4.o
    0x0800ae50   0x0800ae50   0x00000024   Code   RO          342    .text.STM32F4_SPI1_Init  stm32f4.o
    0x0800ae74   0x0800ae74   0x00000024   Code   RO          344    .text.STM32F4_SPI2_Init  stm32f4.o
    0x0800ae98   0x0800ae98   0x00000090   Code   RO          332    .text.STM32F4_SystemClock_Config  stm32f4.o
    0x0800af28   0x0800af28   0x00000058   Code   RO          336    .text.STM32F4_TIM7_Init  stm32f4.o
    0x0800af80   0x0800af80   0x0000000c   Code   RO          358    .text.STM32F4_WDT_Refresh  stm32f4.o
    0x0800af8c   0x0800af8c   0x00000002   Code   RO          309    .text.SVC_Handler   stm32f4xx_it.o
    0x0800af8e   0x0800af8e   0x00000018   Code   RO          123    .text.State_LEDs_10ms_Tick  state_leds.o
    0x0800afa6   0x0800afa6   0x00000040   Code   RO           89    .text.State_LEDs_Init  state_leds.o
    0x0800afe6   0x0800afe6   0x00000012   Code   RO          121    .text.State_LEDs_Interrupt_Task  state_leds.o
    0x0800aff8   0x0800aff8   0x0000009e   Code   RO          115    .text.State_LEDs_Task  state_leds.o
    0x0800b096   0x0800b096   0x00000004   Code   RO          315    .text.SysTick_Handler  stm32f4xx_it.o
    0x0800b09a   0x0800b09a   0x00000002   PAD
    0x0800b09c   0x0800b09c   0x00000010   Code   RO          392    .text.SystemInit    system_stm32f4xx.o
    0x0800b0ac   0x0800b0ac   0x00000014   Code   RO          319    .text.TIM7_IRQHandler  stm32f4xx_it.o
    0x0800b0c0   0x0800b0c0   0x000000d8   Code   RO         1237    .text.TIM_Base_SetConfig  stm32f4xx_hal_tim.o
    0x0800b198   0x0800b198   0x00000004   Code   RO          216    .text.Timer_10ms_Change_Timing  common_functions.o
    0x0800b19c   0x0800b19c   0x00000012   Code   RO          214    .text.Timer_10ms_Init  common_functions.o
    0x0800b1ae   0x0800b1ae   0x0000000c   Code   RO          220    .text.Timer_10ms_Reset  common_functions.o
    0x0800b1ba   0x0800b1ba   0x00000010   Code   RO          222    .text.Timer_10ms_Restart  common_functions.o
    0x0800b1ca   0x0800b1ca   0x00000006   Code   RO          218    .text.Timer_10ms_Start  common_functions.o
    0x0800b1d0   0x0800b1d0   0x00000006   Code   RO          224    .text.Timer_10ms_Stop  common_functions.o
    0x0800b1d6   0x0800b1d6   0x00000066   Code   RO          226    .text.Timer_10ms_Tick  common_functions.o
    0x0800b23c   0x0800b23c   0x00000002   Code   RO          307    .text.UsageFault_Handler  stm32f4xx_it.o
    0x0800b23e   0x0800b23e   0x0000000c   Code   RO          109    .text.Yellow_LED_Blink  state_leds.o
    0x0800b24a   0x0800b24a   0x00000006   Code   RO           97    .text.Yellow_LED_Off  state_leds.o
    0x0800b250   0x0800b250   0x00000006   Code   RO           93    .text.Yellow_LED_On  state_leds.o
    0x0800b256   0x0800b256   0x00000008   Code   RO          103    .text.Yellow_LED_Permanent_Off  state_leds.o
    0x0800b25e   0x0800b25e   0x0000005e   Code   RO          119    .text.Yellow_Led_Interrupt_Task  state_leds.o
    0x0800b2bc   0x0800b2bc   0x0000000e   Code   RO            2    .text.main          main.o
    0x0800b2ca   0x0800b2ca   0x0000001a   Code   RO         2073    x$fpl$fpinit        fz_wm.l(fpinit.o)
    0x0800b2e4   0x0800b2e4   0x0000000c   Data   RO          189    .rodata..L__const.LTC_Read_All_Voltages.blocks  ltc6811.o
    0x0800b2f0   0x0800b2f0   0x00000010   Data   RO          397    .rodata.AHBPrescTable  system_stm32f4xx.o
    0x0800b300   0x0800b300   0x00000021   Data   RO          188    .rodata.Temp_Table_C  ltc6811.o
    0x0800b321   0x0800b321   0x00000003   PAD
    0x0800b324   0x0800b324   0x00000084   Data   RO          187    .rodata.Temp_Table_V  ltc6811.o


==============================================================================

Image component sizes


      Code (inc. data)   RO Data    RW Data    ZI Data      Debug   Object Name

      1606         46          0          0          0      14965   battery_pack_control_unit.o
        36          0          0          0          0       1632   can_bus.o
       164          0          0          0          0       2524   common_functions.o
        40          4          0          0        652       7229   control_unit.o
      1916         64        177          0          0      14158   ltc6811.o
        14          0          0          0          0        457   main.o
        56          4          0          0          0       3490   mcu.o
        64         26        392          0       1536        920   startup_stm32f405xx.o
       578          0          0          0          0      10027   state_leds.o
       826         52          0          0        300      15919   stm32f4.o
       172         12          0          8          4       7489   stm32f4xx_hal.o
      1482         10          0          0          0      13546   stm32f4xx_hal_can.o
       190         24          0          0          0      10337   stm32f4xx_hal_cortex.o
       512         32          0          0         32       5394   stm32f4xx_hal_flash.o
       426         24          0          0          0       5415   stm32f4xx_hal_gpio.o
        90          0          0          0          0       1699   stm32f4xx_hal_iwdg.o
       484         36          0          0          0      12964   stm32f4xx_hal_msp.o
      1214         40          0          0          0       7692   stm32f4xx_hal_rcc.o
      1616          8          0          0          0      22837   stm32f4xx_hal_spi.o
       804         72          0          0          0      47803   stm32f4xx_hal_tim.o
       116          0          0          0          0      20172   stm32f4xx_hal_tim_ex.o
        80          8          0          0          0       2850   stm32f4xx_it.o
        16          4         16          4          0       2743   system_stm32f4xx.o

    ----------------------------------------------------------------------
     12520        466        620         12       2532     232262   Object Totals
         0          0         32          0          0          0   (incl. Generated)
        18          0          3          0          8          0   (incl. Padding)

    ----------------------------------------------------------------------

      Code (inc. data)   RO Data    RW Data    ZI Data      Debug   Library Member Name

         8          0          0          0          0         68   __main.o
         0          0          0          0          0          0   __rtentry.o
        12          0          0          0          0          0   __rtentry2.o
         6          0          0          0          0          0   __rtentry4.o
        94          8          0          0          0          0   __scatter.o
        26          0          0          0          0          0   __scatter_copy.o
        28          0          0          0          0          0   __scatter_zi.o
        18          0          0          0          0         80   exit.o
         6          0          0          0          0        152   heapauxi.o
         0          0          0          0          0          0   indicate_semi.o
         2          0          0          0          0          0   libinit.o
         6          0          0          0          0          0   libinit2.o
         2          0          0          0          0          0   libshutdown.o
         2          0          0          0          0          0   libshutdown2.o
         8          4          0          0         96         68   libspace.o
       240          0          0          0          0        100   lludivv7m.o
        78          0          0          0          0         80   rt_memclr_w.o
         2          0          0          0          0          0   rtexit.o
        10          0          0          0          0          0   rtexit2.o
        12          4          0          0          0         68   sys_exit.o
        74          0          0          0          0         80   sys_stackheap_outer.o
         2          0          0          0          0         68   use_no_semi.o
        26          0          0          0          0        116   fpinit.o

    ----------------------------------------------------------------------
       668         16          0          0         96        880   Library Totals
         6          0          0          0          0          0   (incl. Padding)

    ----------------------------------------------------------------------

      Code (inc. data)   RO Data    RW Data    ZI Data      Debug   Library Name

       636         16          0          0         96        764   c_w.l
        26          0          0          0          0        116   fz_wm.l

    ----------------------------------------------------------------------
       668         16          0          0         96        880   Library Totals

    ----------------------------------------------------------------------

==============================================================================


      Code (inc. data)   RO Data    RW Data    ZI Data      Debug   

     13188        482        620         12       2628     232530   Grand Totals
     13188        482        620         12       2628     232530   ELF Image Totals
     13188        482        620         12          0          0   ROM Totals

==============================================================================

    Total RO  Size (Code + RO Data)                13808 (  13.48kB)
    Total RW  Size (RW Data + ZI Data)              2640 (   2.58kB)
    Total ROM Size (Code + RO Data + RW Data)      13820 (  13.50kB)

==============================================================================

