Component: Arm Compiler for Embedded 6.21 Tool: armlink [5ec1fa00]

==============================================================================

Section Cross References

    main.o(.text.main) refers to control_unit.o(.text.Control_Unit_MCU_Init) for Control_Unit_MCU_Init
    main.o(.text.main) refers to control_unit.o(.text.Control_Unit_Init) for Control_Unit_Init
    main.o(.text.main) refers to control_unit.o(.text.Control_Unit_Main_Task) for Control_Unit_Main_Task
    main.o(.ARM.exidx.text.main) refers to main.o(.text.main) for [Anonymous Symbol]
    control_unit.o(.text.Control_Unit_MCU_Init) refers to accu_master_control_unit.o(.text.Accu_Master_Control_Unit_MCU_Init) for Accu_Master_Control_Unit_MCU_Init
    control_unit.o(.ARM.exidx.text.Control_Unit_MCU_Init) refers to control_unit.o(.text.Control_Unit_MCU_Init) for [Anonymous Symbol]
    control_unit.o(.text.Control_Unit_Init) refers to control_unit.o(.bss.CONTROL_UNIT) for CONTROL_UNIT
    control_unit.o(.text.Control_Unit_Init) refers to accu_master_control_unit.o(.text.Accu_Master_Control_Unit_Task_Init) for Accu_Master_Control_Unit_Task_Init
    control_unit.o(.ARM.exidx.text.Control_Unit_Init) refers to control_unit.o(.text.Control_Unit_Init) for [Anonymous Symbol]
    control_unit.o(.text.Control_Unit_Main_Task) refers to control_unit.o(.bss.CONTROL_UNIT) for CONTROL_UNIT
    control_unit.o(.text.Control_Unit_Main_Task) refers to accu_master_control_unit.o(.text.Accu_Master_Control_Unit_Main_Task) for Accu_Master_Control_Unit_Main_Task
    control_unit.o(.ARM.exidx.text.Control_Unit_Main_Task) refers to control_unit.o(.text.Control_Unit_Main_Task) for [Anonymous Symbol]
    control_unit.o(.text.Control_Unit_Timer_10ms_Interrupt) refers to control_unit.o(.bss.CONTROL_UNIT) for CONTROL_UNIT
    control_unit.o(.text.Control_Unit_Timer_10ms_Interrupt) refers to accu_master_control_unit.o(.text.Accu_Master_Control_Unit_10ms_Interrupt) for Accu_Master_Control_Unit_10ms_Interrupt
    control_unit.o(.ARM.exidx.text.Control_Unit_Timer_10ms_Interrupt) refers to control_unit.o(.text.Control_Unit_Timer_10ms_Interrupt) for [Anonymous Symbol]
    control_unit.o(.text.Control_Unit_CAN1_Interrupt) refers to control_unit.o(.bss.CONTROL_UNIT) for CONTROL_UNIT
    control_unit.o(.text.Control_Unit_CAN1_Interrupt) refers to accu_master_control_unit.o(.text.Accu_Master_Control_Unit_CAN1_Interrupt) for Accu_Master_Control_Unit_CAN1_Interrupt
    control_unit.o(.ARM.exidx.text.Control_Unit_CAN1_Interrupt) refers to control_unit.o(.text.Control_Unit_CAN1_Interrupt) for [Anonymous Symbol]
    control_unit.o(.text.Control_Unit_CAN2_Interrupt) refers to control_unit.o(.bss.CONTROL_UNIT) for CONTROL_UNIT
    control_unit.o(.text.Control_Unit_CAN2_Interrupt) refers to accu_master_control_unit.o(.text.Accu_Master_Control_Unit_CAN2_Interrupt) for Accu_Master_Control_Unit_CAN2_Interrupt
    control_unit.o(.ARM.exidx.text.Control_Unit_CAN2_Interrupt) refers to control_unit.o(.text.Control_Unit_CAN2_Interrupt) for [Anonymous Symbol]
    accu_master_control_unit.o(.text.Precharge_Relay_Control_Init) refers to mcu.o(.text.MCU_GPIO_Init_C5_Output) for MCU_GPIO_Init_C5_Output
    accu_master_control_unit.o(.ARM.exidx.text.Precharge_Relay_Control_Init) refers to accu_master_control_unit.o(.text.Precharge_Relay_Control_Init) for [Anonymous Symbol]
    accu_master_control_unit.o(.text.Air_Plus_Relay_Control_Init) refers to mcu.o(.text.MCU_GPIO_Init_C6_Output) for MCU_GPIO_Init_C6_Output
    accu_master_control_unit.o(.ARM.exidx.text.Air_Plus_Relay_Control_Init) refers to accu_master_control_unit.o(.text.Air_Plus_Relay_Control_Init) for [Anonymous Symbol]
    accu_master_control_unit.o(.text.Air_Minus_Relay_Control_Init) refers to mcu.o(.text.MCU_GPIO_Init_C7_Output) for MCU_GPIO_Init_C7_Output
    accu_master_control_unit.o(.ARM.exidx.text.Air_Minus_Relay_Control_Init) refers to accu_master_control_unit.o(.text.Air_Minus_Relay_Control_Init) for [Anonymous Symbol]
    accu_master_control_unit.o(.text.Fan_Control_Init) refers to mcu.o(.text.MCU_GPIO_Init_B2_Output) for MCU_GPIO_Init_B2_Output
    accu_master_control_unit.o(.ARM.exidx.text.Fan_Control_Init) refers to accu_master_control_unit.o(.text.Fan_Control_Init) for [Anonymous Symbol]
    accu_master_control_unit.o(.text.BMS_Status_Control_Init) refers to mcu.o(.text.MCU_GPIO_Init_B15_Output) for MCU_GPIO_Init_B15_Output
    accu_master_control_unit.o(.ARM.exidx.text.BMS_Status_Control_Init) refers to accu_master_control_unit.o(.text.BMS_Status_Control_Init) for [Anonymous Symbol]
    accu_master_control_unit.o(.text.Precharge_Relay_Control_On) refers to mcu.o(.text.MCU_GPIO_Write_C5_Output) for MCU_GPIO_Write_C5_Output
    accu_master_control_unit.o(.ARM.exidx.text.Precharge_Relay_Control_On) refers to accu_master_control_unit.o(.text.Precharge_Relay_Control_On) for [Anonymous Symbol]
    accu_master_control_unit.o(.text.Air_Plus_Relay_Control_On) refers to mcu.o(.text.MCU_GPIO_Write_C6_Output) for MCU_GPIO_Write_C6_Output
[...]
    [Anonymous Symbol]                       0x08000524   Section        0  accu_master_control_unit.o(.text.Accu_Master_Control_Unit_CAN1_Interrupt)
    [Anonymous Symbol]                       0x080005a8   Section        0  accu_master_control_unit.o(.text.Accu_Master_Control_Unit_CAN2_Interrupt)
    [Anonymous Symbol]                       0x08000620   Section        0  accu_master_control_unit.o(.text.Accu_Master_Control_Unit_Interrupt_Task)
    [Anonymous Symbol]                       0x08000734   Section        0  accu_master_control_unit.o(.text.Accu_Master_Control_Unit_MCU_Init)
    [Anonymous Symbol]                       0x08000784   Section        0  accu_master_control_unit.o(.text.Accu_Master_Control_Unit_Main_Task)
    [Anonymous Symbol]                       0x0800079c   Section        0  accu_master_control_unit.o(.text.Accu_Master_Control_Unit_State_Machine_Task)
    [Anonymous Symbol]                       0x0800083c   Section        0  accu_master_control_unit.o(.text.Accu_Master_Control_Unit_Task_Init)
    [Anonymous Symbol]                       0x0800092c   Section        0  accu_master_control_unit.o(.text.BMS_Status_Check)
    [Anonymous Symbol]                       0x080009d8   Section        0  stm32f4xx_it.o(.text.BusFault_Handler)
    [Anonymous Symbol]                       0x080009dc   Section        0  can_bus.o(.text.CAN1_Interrupt_DoTask)
    [Anonymous Symbol]                       0x080009e0   Section        0  stm32f4xx_it.o(.text.CAN1_RX0_IRQHandler)
    [Anonymous Symbol]                       0x08000a10   Section        0  can_bus.o(.text.CAN1_Send)
    [Anonymous Symbol]                       0x08000a34   Section        0  can_bus.o(.text.CAN2_Interrupt_DoTask)
    [Anonymous Symbol]                       0x08000a38   Section        0  stm32f4xx_it.o(.text.CAN2_RX1_IRQHandler)
    [Anonymous Symbol]                       0x08000a68   Section        0  can_bus.o(.text.CAN2_Send)
    [Anonymous Symbol]                       0x08000a8c   Section        0  accu_master_control_unit.o(.text.CAN_Status_Send_Interrupt_Task)
    [Anonymous Symbol]                       0x08000b1c   Section        0  control_unit.o(.text.Control_Unit_CAN1_Interrupt)
    [Anonymous Symbol]                       0x08000b28   Section        0  control_unit.o(.text.Control_Unit_CAN2_Interrupt)
    [Anonymous Symbol]                       0x08000b34   Section        0  control_unit.o(.text.Control_Unit_Init)
    [Anonymous Symbol]                       0x08000b40   Section        0  control_unit.o(.text.Control_Unit_MCU_Init)
    [Anonymous Symbol]                       0x08000b44   Section        0  control_unit.o(.text.Control_Unit_Main_Task)
    [Anonymous Symbol]                       0x08000b50   Section        0  control_unit.o(.text.Control_Unit_Timer_10ms_Interrupt)
    [Anonymous Symbol]                       0x08000b5c   Section        0  stm32f4xx_it.o(.text.DMA2_Stream0_IRQHandler)
    [Anonymous Symbol]                       0x08000b68   Section        0  stm32f4xx_it.o(.text.DebugMon_Handler)
    [Anonymous Symbol]                       0x08000b6c   Section        0  stm32f4xx_hal_adc.o(.text.HAL_ADC_ConfigChannel)
    [Anonymous Symbol]                       0x08000c74   Section        0  stm32f4xx_hal_adc.o(.text.HAL_ADC_ConvCpltCallback)
    [Anonymous Symbol]                       0x08000c78   Section        0  stm32f4xx_hal_adc.o(.text.HAL_ADC_ConvHalfCpltCallback)
    [Anonymous Symbol]                       0x08000c7c   Section        0  stm32f4xx_hal_adc.o(.text.HAL_ADC_ErrorCallback)
    [Anonymous Symbol]                       0x08000c80   Section        0  stm32f4xx_hal_adc.o(.text.HAL_ADC_Init)
    [Anonymous Symbol]                       0x08000dcc   Section        0  stm32f4xx_hal_msp.o(.text.HAL_ADC_MspInit)
    [Anonymous Symbol]                       0x08000e60   Section        0  stm32f4xx_hal_adc.o(.text.HAL_ADC_Start_DMA)
    [Anonymous Symbol]                       0x08000fd4   Section        0  stm32f4xx_hal_can.o(.text.HAL_CAN_ActivateNotification)
    [Anonymous Symbol]                       0x08000ffc   Section        0  stm32f4xx_hal_can.o(.text.HAL_CAN_AddTxMessage)
    [Anonymous Symbol]                       0x080010a4   Section        0  stm32f4xx_hal_can.o(.text.HAL_CAN_ConfigFilter)
    [Anonymous Symbol]                       0x08001184   Section        0  stm32f4xx_hal_can.o(.text.HAL_CAN_ErrorCallback)
    [Anonymous Symbol]                       0x08001188   Section        0  stm32f4xx_hal_can.o(.text.HAL_CAN_GetRxMessage)
    [Anonymous Symbol]                       0x08001298   Section        0  stm32f4xx_hal_can.o(.text.HAL_CAN_IRQHandler)
    [Anonymous Symbol]                       0x080014dc   Section        0  stm32f4xx_hal_can.o(.text.HAL_CAN_Init)
    [Anonymous Symbol]                       0x080015d0   Section        0  stm32f4xx_hal_msp.o(.text.HAL_CAN_MspInit)
    [Anonymous Symbol]                       0x080016c0   Section        0  stm32f4xx_hal_can.o(.text.HAL_CAN_RxFifo0FullCallback)
    [Anonymous Symbol]                       0x080016c4   Section        0  stm32f4xx_hal_can.o(.text.HAL_CAN_RxFifo0MsgPendingCallback)
    [Anonymous Symbol]                       0x080016c8   Section        0  stm32f4xx_hal_can.o(.text.HAL_CAN_RxFifo1FullCallback)
    [Anonymous Symbol]                       0x080016cc   Section        0  stm32f4xx_hal_can.o(.text.HAL_CAN_RxFifo1MsgPendingCallback)
    [Anonymous Symbol]                       0x080016d0   Section        0  stm32f4xx_hal_can.o(.text.HAL_CAN_SleepCallback)
    [Anonymous Symbol]                       0x080016d4   Section        0  stm32f4xx_hal_can.o(.text.HAL_CAN_Start)
    [Anonymous Symbol]                       0x08001730   Section        0  stm32f4xx_hal_can.o(.text.HAL_CAN_TxMailbox0AbortCallback)
    [Anonymous Symbol]                       0x08001734   Section        0  stm32f4xx_hal_can.o(.text.HAL_CAN_TxMailbox0CompleteCallback)
    [Anonymous Symbol]                       0x08001738   Section        0  stm32f4xx_hal_can.o(.text.HAL_CAN_TxMailbox1AbortCallback)
    [Anonymous Symbol]                       0x0800173c   Section        0  stm32f4xx_hal_can.o(.text.HAL_CAN_TxMailbox1CompleteCallback)
    [Anonymous Symbol]                       0x08001740   Section        0  stm32f4xx_hal_can.o(.text.HAL_CAN_TxMailbox2AbortCallback)
    [Anonymous Symbol]                       0x08001744   Section        0  stm32f4xx_hal_can.o(.text.HAL_CAN_TxMailbox2CompleteCallback)
    [Anonymous Symbol]                       0x08001748   Section        0  stm32f4xx_hal_can.o(.text.HAL_CAN_WakeUpFromRxMsgCallback)
    [Anonymous Symbol]                       0x0800174c   Section        0  stm32f4xx_hal_dma.o(.text.HAL_DMA_IRQHandler)
    [Anonymous Symbol]                       0x080018d8   Section        0  stm32f4xx_hal_dma.o(.text.HAL_DMA_Init)
    [Anonymous Symbol]                       0x08001a18   Section        0  stm32f4xx_hal_dma.o(.text.HAL_DMA_Start_IT)
    [Anonymous Symbol]                       0x08001ab8   Section        0  stm32f4xx_hal_gpio.o(.text.HAL_GPIO_Init)
    [Anonymous Symbol]                       0x08001c54   Section        0  stm32f4xx_hal_gpio.o(.text.HAL_GPIO_ReadPin)
    [Anonymous Symbol]                       0x08001c60   Section        0  stm32f4xx_hal_gpio.o(.text.HAL_GPIO_WritePin)
    [Anonymous Symbol]                       0x08001c6c   Section        0  stm32f4xx_hal.o(.text.HAL_GetTick)
    [Anonymous Symbol]                       0x08001c78   Section        0  stm32f4xx_hal_iwdg.o(.text.HAL_IWDG_Refresh)
    [Anonymous Symbol]                       0x08001c84   Section        0  stm32f4xx_hal.o(.text.HAL_IncTick)
    [Anonymous Symbol]                       0x08001ca0   Section        0  stm32f4xx_hal.o(.text.HAL_Init)
    [Anonymous Symbol]                       0x08001cd8   Section        0  stm32f4xx_hal.o(.text.HAL_InitTick)
    [Anonymous Symbol]                       0x08001d28   Section        0  stm32f4xx_hal_msp.o(.text.HAL_MspInit)
    [Anonymous Symbol]                       0x08001d60   Section        0  stm32f4xx_hal_cortex.o(.text.HAL_NVIC_EnableIRQ)
    [Anonymous Symbol]                       0x08001d80   Section        0  stm32f4xx_hal_cortex.o(.text.HAL_NVIC_SetPriority)
    [Anonymous Symbol]                       0x08001dd8   Section        0  stm32f4xx_hal_cortex.o(.text.HAL_NVIC_SetPriorityGrouping)
    [Anonymous Symbol]                       0x08001df8   Section        0  stm32f4xx_hal_rcc.o(.text.HAL_RCC_ClockConfig)
    [Anonymous Symbol]                       0x08001f58   Section        0  stm32f4xx_hal_rcc.o(.text.HAL_RCC_GetSysClockFreq)
    [Anonymous Symbol]                       0x08001fc0   Section        0  stm32f4xx_hal_rcc.o(.text.HAL_RCC_OscConfig)
    [Anonymous Symbol]                       0x08002314   Section        0  stm32f4xx_hal_cortex.o(.text.HAL_SYSTICK_Config)
    [Anonymous Symbol]                       0x08002340   Section        0  stm32f4xx_hal_tim_ex.o(.text.HAL_TIMEx_BreakCallback)
    [Anonymous Symbol]                       0x08002344   Section        0  stm32f4xx_hal_tim_ex.o(.text.HAL_TIMEx_CommutCallback)
    [Anonymous Symbol]                       0x08002348   Section        0  stm32f4xx_hal_tim_ex.o(.text.HAL_TIMEx_MasterConfigSynchronization)
    [Anonymous Symbol]                       0x08002404   Section        0  stm32f4xx_hal_tim.o(.text.HAL_TIM_Base_Init)
    [Anonymous Symbol]                       0x08002460   Section        0  stm32f4xx_hal_msp.o(.text.HAL_TIM_Base_MspInit)
    [Anonymous Symbol]                       0x080024a8   Section        0  stm32f4xx_hal_tim.o(.text.HAL_TIM_Base_Start_IT)
    [Anonymous Symbol]                       0x08002550   Section        0  stm32f4xx_hal_tim.o(.text.HAL_TIM_IC_CaptureCallback)
    [Anonymous Symbol]                       0x08002554   Section        0  stm32f4xx_hal_tim.o(.text.HAL_TIM_IRQHandler)
    [Anonymous Symbol]                       0x080026c0   Section        0  stm32f4xx_hal_tim.o(.text.HAL_TIM_OC_DelayElapsedCallback)
    [Anonymous Symbol]                       0x080026c4   Section        0  stm32f4xx_hal_tim.o(.text.HAL_TIM_PWM_PulseFinishedCallback)
    [Anonymous Symbol]                       0x080026c8   Section        0  stm32f4xx_hal_tim.o(.text.HAL_TIM_PeriodElapsedCallback)
    [Anonymous Symbol]                       0x080026cc   Section        0  stm32f4xx_hal_tim.o(.text.HAL_TIM_TriggerCallback)
    [Anonymous Symbol]                       0x080026d0   Section        0  stm32f4xx_it.o(.text.HardFault_Handler)
    [Anonymous Symbol]                       0x080026d4   Section        0  mcu.o(.text.MCU_ADC1_Channel_Init)
    [Anonymous Symbol]                       0x080026d8   Section        0  mcu.o(.text.MCU_ADC1_Init)
    [Anonymous Symbol]                       0x080026dc   Section        0  mcu.o(.text.MCU_ADC_Start)
    [Anonymous Symbol]                       0x080026e0   Section        0  mcu.o(.text.MCU_CAN1_Send)
    [Anonymous Symbol]                       0x080026e4   Section        0  mcu.o(.text.MCU_CAN2_Send)
    [Anonymous Symbol]                       0x080026e8   Section        0  mcu.o(.text.MCU_DMA_Init)
    [Anonymous Symbol]                       0x080026ec   Section        0  mcu.o(.text.MCU_GPIO_Init_A9_Input)
    [Anonymous Symbol]                       0x080026f0   Section        0  mcu.o(.text.MCU_GPIO_Init_B15_Output)
    [Anonymous Symbol]                       0x080026f4   Section        0  mcu.o(.text.MCU_GPIO_Init_B2_Output)
    [Anonymous Symbol]                       0x080026f8   Section        0  mcu.o(.text.MCU_GPIO_Init_C3_Input)
    [Anonymous Symbol]                       0x080026fc   Section        0  mcu.o(.text.MCU_GPIO_Init_C5_Output)
    [Anonymous Symbol]                       0x08002700   Section        0  mcu.o(.text.MCU_GPIO_Init_C6_Output)
    [Anonymous Symbol]                       0x08002704   Section        0  mcu.o(.text.MCU_GPIO_Init_C7_Output)
    [Anonymous Symbol]                       0x08002708   Section        0  mcu.o(.text.MCU_GPIO_Read_A9_Input)
    [Anonymous Symbol]                       0x0800270c   Section        0  mcu.o(.text.MCU_GPIO_Read_C3_Input)
    [Anonymous Symbol]                       0x08002710   Section        0  mcu.o(.text.MCU_GPIO_Write_B15_Output)
    [Anonymous Symbol]                       0x08002714   Section        0  mcu.o(.text.MCU_GPIO_Write_B2_Output)
    [Anonymous Symbol]                       0x08002718   Section        0  mcu.o(.text.MCU_GPIO_Write_C5_Output)
    [Anonymous Symbol]                       0x0800271c   Section        0  mcu.o(.text.MCU_GPIO_Write_C6_Output)
    [Anonymous Symbol]                       0x08002720   Section        0  mcu.o(.text.MCU_GPIO_Write_C7_Output)
    [Anonymous Symbol]                       0x08002724   Section        0  mcu.o(.text.MCU_Init)
    [Anonymous Symbol]                       0x08002728   Section        0  mcu.o(.text.MCU_WDT_Refresh)
    [Anonymous Symbol]                       0x0800273c   Section        0  stm32f4xx_it.o(.text.MemManage_Handler)
    [Anonymous Symbol]                       0x08002740   Section        0  stm32f4xx_it.o(.text.NMI_Handler)
    [Anonymous Symbol]                       0x08002744   Section        0  stm32f4xx_it.o(.text.PendSV_Handler)
    [Anonymous Symbol]                       0x08002748   Section        0  accu_master_control_unit.o(.text.Proccess_ADCs_Reading)
    [Anonymous Symbol]                       0x080027ec   Section        0  stm32f4.o(.text.STM32F4_ADC1_Channel_Init)
    [Anonymous Symbol]                       0x0800287c   Section        0  stm32f4.o(.text.STM32F4_ADC1_Init)
    [Anonymous Symbol]                       0x080028d0   Section        0  stm32f4.o(.text.STM32F4_ADC_Start)
    [Anonymous Symbol]                       0x080028e0   Section        0  stm32f4.o(.text.STM32F4_CAN1_Init)
    [Anonymous Symbol]                       0x08002984   Section        0  stm32f4.o(.text.STM32F4_CAN1_Send)
    [Anonymous Symbol]                       0x080029a8   Section        0  stm32f4.o(.text.STM32F4_CAN2_Init)
    [Anonymous Symbol]                       0x08002a4c   Section        0  stm32f4.o(.text.STM32F4_CAN2_Send)
    [Anonymous Symbol]                       0x08002a70   Section        0  stm32f4.o(.text.STM32F4_Common_Init)
    [Anonymous Symbol]                       0x08002b74   Section        0  stm32f4.o(.text.STM32F4_DMA_Init)
    [Anonymous Symbol]                       0x08002bac   Section        0  stm32f4.o(.text.STM32F4_Error_Handler)
    [Anonymous Symbol]                       0x08002bb8   Section        0  stm32f4.o(.text.STM32F4_GPIO_Init_A9_Input)
    [Anonymous Symbol]                       0x08002bfc   Section        0  stm32f4.o(.text.STM32F4_GPIO_Init_B15_Output)
    [Anonymous Symbol]                       0x08002c58   Section        0  stm32f4.o(.text.STM32F4_GPIO_Init_B2_Output)
    [Anonymous Symbol]                       0x08002cb0   Section        0  stm32f4.o(.text.STM32F4_GPIO_Init_C3_Input)
    [Anonymous Symbol]                       0x08002cf4   Section        0  stm32f4.o(.text.STM32F4_GPIO_Init_C5_Output)
    [Anonymous Symbol]                       0x08002d4c   Section        0  stm32f4.o(.text.STM32F4_GPIO_Init_C6_Output)
    [Anonymous Symbol]                       0x08002da4   Section        0  stm32f4.o(.text.STM32F4_GPIO_Init_C7_Output)
    [Anonymous Symbol]                       0x08002dfc   Section        0  stm32f4.o(.text.STM32F4_GPIO_Read_A9_Input)
    [Anonymous Symbol]                       0x08002e18   Section        0  stm32f4.o(.text.STM32F4_GPIO_Read_C3_Input)
    [Anonymous Symbol]                       0x08002e34   Section        0  stm32f4.o(.text.STM32F4_GPIO_Write_B15_Output)
    [Anonymous Symbol]                       0x08002e4c   Section        0  stm32f4.o(.text.STM32F4_GPIO_Write_B2_Output)
    [Anonymous Symbol]                       0x08002e64   Section        0  stm32f4.o(.text.STM32F4_GPIO_Write_C5_Output)
    [Anonymous Symbol]                       0x08002e7c   Section        0  stm32f4.o(.text.STM32F4_GPIO_Write_C6_Output)
    [Anonymous Symbol]                       0x08002e94   Section        0  stm32f4.o(.text.STM32F4_GPIO_Write_C7_Output)
    [Anonymous Symbol]                       0x08002eac   Section        0  stm32f4.o(.text.STM32F4_Init)
    [Anonymous Symbol]                       0x08002eb0   Section        0  stm32f4.o(.text.STM32F4_WDT_Refresh)
    [Anonymous Symbol]                       0x08002ebc   Section        0  stm32f4xx_it.o(.text.SVC_Handler)
    [Anonymous Symbol]                       0x08002ec0   Section        0  stm32f4xx_it.o(.text.SysTick_Handler)
    [Anonymous Symbol]                       0x08002ec4   Section        0  system_stm32f4xx.o(.text.SystemInit)
    [Anonymous Symbol]                       0x08002ed8   Section        0  stm32f4xx_it.o(.text.TIM7_IRQHandler)
    [Anonymous Symbol]                       0x08002ef0   Section        0  stm32f4xx_hal_tim.o(.text.TIM_Base_SetConfig)
    [Anonymous Symbol]                       0x08003014   Section        0  common_functions.o(.text.Timer_10ms_Change_Timing)
    [Anonymous Symbol]                       0x08003018   Section        0  common_functions.o(.text.Timer_10ms_Init)
    [Anonymous Symbol]                       0x0800302c   Section        0  common_functions.o(.text.Timer_10ms_Reset)
    [Anonymous Symbol]                       0x08003038   Section        0  common_functions.o(.text.Timer_10ms_Restart)
    [Anonymous Symbol]                       0x08003048   Section        0  common_functions.o(.text.Timer_10ms_Start)
    [Anonymous Symbol]                       0x08003050   Section        0  common_functions.o(.text.Timer_10ms_Stop)
    [Anonymous Symbol]                       0x08003058   Section        0  common_functions.o(.text.Timer_10ms_Tick)
    [Anonymous Symbol]                       0x080030c4   Section        0  stm32f4xx_it.o(.text.UsageFault_Handler)
    [Anonymous Symbol]                       0x080030c8   Section        0  main.o(.text.main)
    $v0                                      0x080030d6   Number         0  fpinit.o(x$fpl$fpinit)
    x$fpl$fpinit                             0x080030d6   Section       26  fpinit.o(x$fpl$fpinit)
    DMA_CalcBaseAndBitshift.flagBitshiftOffset 0x08003100   Data           8  stm32f4xx_hal_dma.o(.rodata.cst8)
    [Anonymous Symbol]                       0x08003100   Section        0  stm32f4xx_hal_dma.o(.rodata.cst8)
    .bss                                     0x20000010   Section       96  libspace.o(.bss)
    Heap_Mem                                 0x200002f0   Data         512  startup_stm32f405xx.o(HEAP)
    HEAP                                     0x200002f0   Section      512  startup_stm32f405xx.o(HEAP)
    Stack_Mem                                0x200004f0   Data        1024  startup_stm32f405xx.o(STACK)
    STACK                                    0x200004f0   Section     1024  startup_stm32f405xx.o(STACK)
    __initial_sp                             0x200008f0   Data           0  startup_stm32f405xx.o(STACK)

    Global Symbols

    Symbol Name                              Value     Ov Type        Size  Object(Section)

    BuildAttributes$$THM_ISAv4$E$P$D$K$B$S$7EM$VFPi3$EXTD16$VFPS$VFMA$PE$A:L22UL41UL21$X:L11$S22US41US21$IEEE1$IW$~IW$USESV6$~STKCKD$USESV7$~SHL$OTIME$ROPI$EBA8$UX$STANDARDLIB$REQ8$PRES8$EABIv2 0x00000000   Number         0  anon$$obj.o ABSOLUTE
    __ARM_exceptions_init                     - Undefined Weak Reference
    __alloca_initialize                       - Undefined Weak Reference
    __arm_preinit_                            - Undefined Weak Reference
    __arm_relocate_pie_                       - Undefined Weak Reference
    __cpp_initialize__aeabi_                  - Undefined Weak Reference
    __cxa_finalize                            - Undefined Weak Reference
    __rt_locale                               - Undefined Weak Reference
    __sigvec_lookup                           - Undefined Weak Reference
    _atexit_init                              - Undefined Weak Reference
    _call_atexit_fns                          - Undefined Weak Reference
    _clock_init                               - Undefined Weak Reference
    _fp_trap_init                             - Undefined Weak Reference
    _fp_trap_shutdown                         - Undefined Weak Reference
    _get_lc_collate                           - Undefined Weak Reference
    _get_lc_ctype                             - Undefined Weak Reference
    _get_lc_monetary                          - Undefined Weak Reference
    _get_lc_numeric                           - Undefined Weak Reference
    _get_lc_time                              - Undefined Weak Reference
    _getenv_init                              - Undefined Weak Reference
    _handle_redirection                       - Undefined Weak Reference
    _init_alloc                               - Undefined Weak Reference
    _init_user_alloc                          - Undefined Weak Reference
    _initio                                   - Undefined Weak Reference
    _rand_init                                - Undefined Weak Reference
    _signal_finish                            - Undefined Weak Reference
    _signal_init                              - Undefined Weak Reference
    _terminate_alloc                          - Undefined Weak Reference
    _terminate_user_alloc                     - Undefined Weak Reference
    _terminateio                              - Undefined Weak Reference
    __Vectors_Size                           0x00000188   Number         0  startup_stm32f405xx.o ABSOLUTE
    __Vectors                                0x08000000   Data           4  startup_stm32f405xx.o(RESET)
    __Vectors_End                            0x08000188   Data           0  startup_stm32f405xx.o(RESET)
    __main                                   0x08000189   Thumb Code     8  __main.o(!!!main)
    __scatterload                            0x08000191   Thumb Code     0  __scatter.o(!!!scatter)
    __scatterload_rt2                        0x08000191   Thumb Code    84  __scatter.o(!!!scatter)
    __scatterload_rt2_thumb_only             0x08000191   Thumb Code     0  __scatter.o(!!!scatter)
    __scatterload_loop                       0x0800019b   Thumb Code     0  __scatter.o(!!!scatter)
    __scatterload_copy                       0x080001ed   Thumb Code    26  __scatter_copy.o(!!handler_copy)
    __scatterload_null                       0x08000209   Thumb Code     2  __scatter.o(!!handler_null)
    __scatterload_zeroinit                   0x0800020d   Thumb Code    28  __scatter_zi.o(!!handler_zi)
    __rt_lib_init                            0x08000229   Thumb Code     0  libinit.o(.ARM.Collect$$libinit$$00000000)
    __rt_lib_init_fp_1                       0x0800022b   Thumb Code     0  libinit2.o(.ARM.Collect$$libinit$$00000001)
    __rt_lib_init_alloca_1                   0x0800022f   Thumb Code     0  libinit2.o(.ARM.Collect$$libinit$$00000030)
    __rt_lib_init_argv_1                     0x0800022f   Thumb Code     0  libinit2.o(.ARM.Collect$$libinit$$0000002E)
    __rt_lib_init_atexit_1                   0x0800022f   Thumb Code     0  libinit2.o(.ARM.Collect$$libinit$$0000001D)
    __rt_lib_init_clock_1                    0x0800022f   Thumb Code     0  libinit2.o(.ARM.Collect$$libinit$$00000023)
    __rt_lib_init_cpp_1                      0x0800022f   Thumb Code     0  libinit2.o(.ARM.Collect$$libinit$$00000034)
    __rt_lib_init_exceptions_1               0x0800022f   Thumb Code     0  libinit2.o(.ARM.Collect$$libinit$$00000032)
    __rt_lib_init_fp_trap_1                  0x0800022f   Thumb Code     0  libinit2.o(.ARM.Collect$$libinit$$00000021)
    __rt_lib_init_getenv_1                   0x0800022f   Thumb Code     0  libinit2.o(.ARM.Collect$$libinit$$00000025)
    __rt_lib_init_heap_1                     0x0800022f   Thumb Code     0  libinit2.o(.ARM.Collect$$libinit$$0000000C)
    __rt_lib_init_lc_collate_1               0x0800022f   Thumb Code     0  libinit2.o(.ARM.Collect$$libinit$$00000013)
    __rt_lib_init_lc_ctype_1                 0x0800022f   Thumb Code     0  libinit2.o(.ARM.Collect$$libinit$$00000015)
    __rt_lib_init_lc_monetary_1              0x0800022f   Thumb Code     0  libinit2.o(.ARM.Collect$$libinit$$00000017)
    __rt_lib_init_lc_numeric_1               0x0800022f   Thumb Code     0  libinit2.o(.ARM.Collect$$libinit$$00000019)
    __rt_lib_init_lc_time_1                  0x0800022f   Thumb Code     0  libinit2.o(.ARM.Collect$$libinit$$0000001B)
    __rt_lib_init_preinit_1                  0x0800022f   Thumb Code     0  libinit2.o(.ARM.Collect$$libinit$$00000006)
    __rt_lib_init_rand_1                     0x0800022f   Thumb Code     0  libinit2.o(.ARM.Collect$$libinit$$00000010)
    __rt_lib_init_relocate_pie_1             0x0800022f   Thumb Code     0  libinit2.o(.ARM.Collect$$libinit$$00000004)
    __rt_lib_init_return                     0x0800022f   Thumb Code     0  libinit2.o(.ARM.Collect$$libinit$$00000035)
    __rt_lib_init_signal_1                   0x0800022f   Thumb Code     0  libinit2.o(.ARM.Collect$$libinit$$0000001F)
    __rt_lib_init_stdio_1                    0x0800022f   Thumb Code     0  libinit2.o(.ARM.Collect$$libinit$$00000027)
    __rt_lib_init_user_alloc_1               0x0800022f   Thumb Code     0  libinit2.o(.ARM.Collect$$libinit$$0000000E)
    __rt_lib_shutdown                        0x08000231   Thumb Code     0  libshutdown.o(.ARM.Collect$$libshutdown$$00000000)
    __rt_lib_shutdown_cpp_1                  0x08000233   Thumb Code     0  libshutdown2.o(.ARM.Collect$$libshutdown$$00000002)
    __rt_lib_shutdown_fp_trap_1              0x08000233   Thumb Code     0  libshutdown2.o(.ARM.Collect$$libshutdown$$00000007)
    __rt_lib_shutdown_heap_1                 0x08000233   Thumb Code     0  libshutdown2.o(.ARM.Collect$$libshutdown$$0000000F)
    __rt_lib_shutdown_return                 0x08000233   Thumb Code     0  libshutdown2.o(.ARM.Collect$$libshutdown$$00000010)
    __rt_lib_shutdown_signal_1               0x08000233   Thumb Code     0  libshutdown2.o(.ARM.Collect$$libshutdown$$0000000A)
    __rt_lib_shutdown_stdio_1                0x08000233   Thumb Code     0  libshutdown2.o(.ARM.Collect$$libshutdown$$00000004)
    __rt_lib_shutdown_user_alloc_1           0x08000233   Thumb Code     0  libshutdown2.o(.ARM.Collect$$libshutdown$$0000000C)
    __rt_entry                               0x08000235   Thumb Code     0  __rtentry.o(.ARM.Collect$$rtentry$$00000000)
    __rt_entry_presh_1                       0x08000235   Thumb Code     0  __rtentry2.o(.ARM.Collect$$rtentry$$00000002)
    __rt_entry_sh                            0x08000235   Thumb Code     0  __rtentry4.o(.ARM.Collect$$rtentry$$00000004)
    __rt_entry_li                            0x0800023b   Thumb Code     0  __rtentry2.o(.ARM.Collect$$rtentry$$0000000A)
    __rt_entry_postsh_1                      0x0800023b   Thumb Code     0  __rtentry2.o(.ARM.Collect$$rtentry$$00000009)
    __rt_entry_main                          0x0800023f   Thumb Code     0  __rtentry2.o(.ARM.Collect$$rtentry$$0000000D)
    __rt_entry_postli_1                      0x0800023f   Thumb Code     0  __rtentry2.o(.ARM.Collect$$rtentry$$0000000C)
    __rt_exit                                0x08000247   Thumb Code     0  rtexit.o(.ARM.Collect$$rtexit$$00000000)
    __rt_exit_ls                             0x08000249   Thumb Code     0  rtexit2.o(.ARM.Collect$$rtexit$$00000003)
    __rt_exit_prels_1                        0x08000249   Thumb Code     0  rtexit2.o(.ARM.Collect$$rtexit$$00000002)
    __rt_exit_exit                           0x0800024d   Thumb Code     0  rtexit2.o(.ARM.Collect$$rtexit$$00000004)
    Reset_Handler                            0x08000255   Thumb Code     8  startup_stm32f405xx.o(.text)
    ADC_IRQHandler                           0x0800026f   Thumb Code     0  startup_stm32f405xx.o(.text)
    CAN1_RX1_IRQHandler                      0x0800026f   Thumb Code     0  startup_stm32f405xx.o(.text)
    CAN1_SCE_IRQHandler                      0x0800026f   Thumb Code     0  startup_stm32f405xx.o(.text)
    CAN1_TX_IRQHandler                       0x0800026f   Thumb Code     0  startup_stm32f405xx.o(.text)
    CAN2_RX0_IRQHandler                      0x0800026f   Thumb Code     0  startup_stm32f405xx.o(.text)
    CAN2_SCE_IRQHandler                      0x0800026f   Thumb Code     0  startup_stm32f405xx.o(.text)
    CAN2_TX_IRQHandler                       0x0800026f   Thumb Code     0  startup_stm32f405xx.o(.text)
    DMA1_Stream0_IRQHandler                  0x0800026f   Thumb Code     0  startup_stm32f405xx.o(.text)
    DMA1_Stream1_IRQHandler                  0x0800026f   Thumb Code     0  startup_stm32f405xx.o(.text)
    DMA1_Stream2_IRQHandler                  0x0800026f   Thumb Code     0  startup_stm32f405xx.o(.text)
    DMA1_Stream3_IRQHandler                  0x0800026f   Thumb Code     0  startup_stm32f405xx.o(.text)
    DMA1_Stream4_IRQHandler                  0x0800026f   Thumb Code     0  startup_stm32f405xx.o(.text)
    DMA1_Stream5_IRQHandler                  0x0800026f   Thumb Code     0  startup_stm32f405xx.o(.text)
    DMA1_Stream6_IRQHandler                  0x0800026f   Thumb Code     0  startup_stm32f405xx.o(.text)
    DMA1_Stream7_IRQHandler                  0x0800026f   Thumb Code     0  startup_stm32f405xx.o(.text)
    DMA2_Stream1_IRQHandler                  0x0800026f   Thumb Code     0  startup_stm32f405xx.o(.text)
    DMA2_Stream2_IRQHandler                  0x0800026f   Thumb Code     0  startup_stm32f405xx.o(.text)
    DMA2_Stream3_IRQHandler                  0x0800026f   Thumb Code     0  startup_stm32f405xx.o(.text)
    DMA2_Stream4_IRQHandler                  0x0800026f   Thumb Code     0  startup_stm32f405xx.o(.text)
    DMA2_Stream5_IRQHandler                  0x0800026f   Thumb Code     0  startup_stm32f405xx.o(.text)
    DMA2_Stream6_IRQHandler                  0x0800026f   Thumb Code     0  startup_stm32f405xx.o(.text)
    DMA2_Stream7_IRQHandler                  0x0800026f   Thumb Code     0  startup_stm32f405xx.o(.text)
    EXTI0_IRQHandler                         0x0800026f   Thumb Code     0  startup_stm32f405xx.o(.text)
    EXTI15_10_IRQHandler                     0x0800026f   Thumb Code     0  startup_stm32f405xx.o(.text)
    EXTI1_IRQHandler                         0x0800026f   Thumb Code     0  startup_stm32f405xx.o(.text)
    EXTI2_IRQHandler                         0x0800026f   Thumb Code     0  startup_stm32f405xx.o(.text)
    EXTI3_IRQHandler                         0x0800026f   Thumb Code     0  startup_stm32f405xx.o(.text)
    EXTI4_IRQHandler                         0x0800026f   Thumb Code     0  startup_stm32f405xx.o(.text)
    EXTI9_5_IRQHandler                       0x0800026f   Thumb Code     0  startup_stm32f405xx.o(.text)
    FLASH_IRQHandler                         0x0800026f   Thumb Code     0  startup_stm32f405xx.o(.text)
    FMC_IRQHandler                           0x0800026f   Thumb Code     0  startup_stm32f405xx.o(.text)
    FPU_IRQHandler                           0x0800026f   Thumb Code     0  startup_stm32f405xx.o(.text)
    HASH_RNG_IRQHandler                      0x0800026f   Thumb Code     0  startup_stm32f405xx.o(.text)
    I2C1_ER_IRQHandler                       0x0800026f   Thumb Code     0  startup_stm32f405xx.o(.text)
    I2C1_EV_IRQHandler                       0x0800026f   Thumb Code     0  startup_stm32f405xx.o(.text)
    I2C2_ER_IRQHandler                       0x0800026f   Thumb Code     0  startup_stm32f405xx.o(.text)
    I2C2_EV_IRQHandler                       0x0800026f   Thumb Code     0  startup_stm32f405xx.o(.text)
    I2C3_ER_IRQHandler                       0x0800026f   Thumb Code     0  startup_stm32f405xx.o(.text)
    I2C3_EV_IRQHandler                       0x0800026f   Thumb Code     0  startup_stm32f405xx.o(.text)
    OTG_FS_IRQHandler                        0x0800026f   Thumb Code     0  startup_stm32f405xx.o(.text)
    OTG_FS_WKUP_IRQHandler                   0x0800026f   Thumb Code     0  startup_stm32f405xx.o(.text)
    OTG_HS_EP1_IN_IRQHandler                 0x0800026f   Thumb Code     0  startup_stm32f405xx.o(.text)
    OTG_HS_EP1_OUT_IRQHandler                0x0800026f   Thumb Code     0  startup_stm32f405xx.o(.text)
    OTG_HS_IRQHandler                        0x0800026f   Thumb Code     0  startup_stm32f405xx.o(.text)
    OTG_HS_WKUP_IRQHandler                   0x0800026f   Thumb Code     0  startup_stm32f405xx.o(.text)
    PVD_IRQHandler                           0x0800026f   Thumb Code     0  startup_stm32f405xx.o(.text)
    RCC_IRQHandler                           0x0800026f   Thumb Code     0  startup_stm32f405xx.o(.text)
    RTC_Alarm_IRQHandler                     0x0800026f   Thumb Code     0  startup_stm32f405xx.o(.text)
    RTC_WKUP_IRQHandler                      0x0800026f   Thumb Code     0  startup_stm32f405xx.o(.text)
    SDIO_IRQHandler                          0x0800026f   Thumb Code     0  startup_stm32f405xx.o(.text)
    SPI1_IRQHandler                          0x0800026f   Thumb Code     0  startup_stm32f405xx.o(.text)
    SPI2_IRQHandler                          0x0800026f   Thumb Code     0  startup_stm32f405xx.o(.text)
    SPI3_IRQHandler                          0x0800026f   Thumb Code     0  startup_stm32f405xx.o(.text)
    TAMP_STAMP_IRQHandler                    0x0800026f   Thumb Code     0  startup_stm32f405xx.o(.text)
    TIM1_BRK_TIM9_IRQHandler                 0x0800026f   Thumb Code     0  startup_stm32f405xx.o(.text)
    TIM1_CC_IRQHandler                       0x0800026f   Thumb Code     0  startup_stm32f405xx.o(.text)
    TIM1_TRG_COM_TIM11_IRQHandler            0x0800026f   Thumb Code     0  startup_stm32f405xx.o(.text)
    TIM1_UP_TIM10_IRQHandler                 0x0800026f   Thumb Code     0  startup_stm32f405xx.o(.text)
    TIM2_IRQHandler                          0x0800026f   Thumb Code     0  startup_stm32f405xx.o(.text)
    TIM3_IRQHandler                          0x0800026f   Thumb Code     0  startup_stm32f405xx.o(.text)
    TIM4_IRQHandler                          0x0800026f   Thumb Code     0  startup_stm32f405xx.o(.text)
    TIM5_IRQHandler                          0x0800026f   Thumb Code     0  startup_stm32f405xx.o(.text)
    TIM6_DAC_IRQHandler                      0x0800026f   Thumb Code     0  startup_stm32f405xx.o(.text)
    TIM8_BRK_TIM12_IRQHandler                0x0800026f   Thumb Code     0  startup_stm32f405xx.o(.text)
    TIM8_CC_IRQHandler                       0x0800026f   Thumb Code     0  startup_stm32f405xx.o(.text)
    TIM8_TRG_COM_TIM14_IRQHandler            0x0800026f   Thumb Code     0  startup_stm32f405xx.o(.text)
    TIM8_UP_TIM13_IRQHandler                 0x0800026f   Thumb Code     0  startup_stm32f405xx.o(.text)
    UART4_IRQHandler                         0x0800026f   Thumb Code     0  startup_stm32f405xx.o(.text)
    UART5_IRQHandler                         0x0800026f   Thumb Code     0  startup_stm32f405xx.o(.text)
    USART1_IRQHandler                        0x0800026f   Thumb Code     0  startup_stm32f405xx.o(.text)
    USART2_IRQHandler                        0x0800026f   Thumb Code     0  startup_stm32f405xx.o(.text)
    USART3_IRQHandler                        0x0800026f   Thumb Code     0  startup_stm32f405xx.o(.text)
    USART6_IRQHandler                        0x0800026f   Thumb Code     0  startup_stm32f405xx.o(.text)
    WWDG_IRQHandler                          0x0800026f   Thumb Code     0  startup_stm32f405xx.o(.text)
    __user_initial_stackheap                 0x08000271   Thumb Code     0  startup_stm32f405xx.o(.text)
    __aeabi_uldivmod                         0x08000295   Thumb Code     0  lludivv7m.o(.text)
    _ll_udiv                                 0x08000295   Thumb Code   240  lludivv7m.o(.text)
    __aeabi_memclr4                          0x08000385   Thumb Code     0  rt_memclr_w.o(.text)
    __aeabi_memclr8                          0x08000385   Thumb Code     0  rt_memclr_w.o(.text)
    __rt_memclr_w                            0x08000385   Thumb Code     0  rt_memclr_w.o(.text)
    _memset_w                                0x08000389   Thumb Code    74  rt_memclr_w.o(.text)
    __use_two_region_memory                  0x080003d3   Thumb Code     2  heapauxi.o(.text)
    __rt_heap_escrow$2region                 0x080003d5   Thumb Code     2  heapauxi.o(.text)
    __rt_heap_expand$2region                 0x080003d7   Thumb Code     2  heapauxi.o(.text)
    __user_setup_stackheap                   0x080003d9   Thumb Code    74  sys_stackheap_outer.o(.text)
    exit                                     0x08000423   Thumb Code    18  exit.o(.text)
    __user_libspace                          0x08000435   Thumb Code     8  libspace.o(.text)
    __user_perproc_libspace                  0x08000435   Thumb Code     0  libspace.o(.text)
    __user_perthread_libspace                0x08000435   Thumb Code     0  libspace.o(.text)
    _sys_exit                                0x0800043d   Thumb Code     8  sys_exit.o(.text)
    __I$use$semihosting                      0x08000449   Thumb Code     0  use_no_semi.o(.text)
    __use_no_semihosting_swi                 0x08000449   Thumb Code     2  use_no_semi.o(.text)
    __semihosting_library_function           0x0800044b   Thumb Code     0  indicate_semi.o(.text)
    Accu_Master_Control_Unit_10ms_Interrupt  0x080004d5   Thumb Code    78  accu_master_control_unit.o(.text.Accu_Master_Control_Unit_10ms_Interrupt)
    Accu_Master_Control_Unit_CAN1_Interrupt  0x08000525   Thumb Code   132  accu_master_control_unit.o(.text.Accu_Master_Control_Unit_CAN1_Interrupt)
    Accu_Master_Control_Unit_CAN2_Interrupt  0x080005a9   Thumb Code   118  accu_master_control_unit.o(.text.Accu_Master_Control_Unit_CAN2_Interrupt)
    Accu_Master_Control_Unit_Interrupt_Task  0x08000621   Thumb Code   276  accu_master_control_unit.o(.text.Accu_Master_Control_Unit_Interrupt_Task)
    Accu_Master_Control_Unit_MCU_Init        0x08000735   Thumb Code    80  accu_master_control_unit.o(.text.Accu_Master_Control_Unit_MCU_Init)
    Accu_Master_Control_Unit_Main_Task       0x08000785   Thumb Code    24  accu_master_control_unit.o(.text.Accu_Master_Control_Unit_Main_Task)
    Accu_Master_Control_Unit_State_Machine_Task 0x0800079d   Thumb Code   160  accu_master_control_unit.o(.text.Accu_Master_Control_Unit_State_Machine_Task)
    Accu_Master_Control_Unit_Task_Init       0x0800083d   Thumb Code   238  accu_master_control_unit.o(.text.Accu_Master_Control_Unit_Task_Init)
    BMS_Status_Check                         0x0800092d   Thumb Code   170  accu_master_control_unit.o(.text.BMS_Status_Check)
    BusFault_Handler                         0x080009d9   Thumb Code     2  stm32f4xx_it.o(.text.BusFault_Handler)
    CAN1_Interrupt_DoTask                    0x080009dd   Thumb Code     4  can_bus.o(.text.CAN1_Interrupt_DoTask)
    CAN1_RX0_IRQHandler                      0x080009e1   Thumb Code    48  stm32f4xx_it.o(.text.CAN1_RX0_IRQHandler)
    CAN1_Send                                0x08000a11   Thumb Code    34  can_bus.o(.text.CAN1_Send)
    CAN2_Interrupt_DoTask                    0x08000a35   Thumb Code     4  can_bus.o(.text.CAN2_Interrupt_DoTask)
    CAN2_RX1_IRQHandler                      0x08000a39   Thumb Code    48  stm32f4xx_it.o(.text.CAN2_RX1_IRQHandler)
    CAN2_Send                                0x08000a69   Thumb Code    34  can_bus.o(.text.CAN2_Send)
    CAN_Status_Send_Interrupt_Task           0x08000a8d   Thumb Code   144  accu_master_control_unit.o(.text.CAN_Status_Send_Interrupt_Task)
    Control_Unit_CAN1_Interrupt              0x08000b1d   Thumb Code    12  control_unit.o(.text.Control_Unit_CAN1_Interrupt)
    Control_Unit_CAN2_Interrupt              0x08000b29   Thumb Code    12  control_unit.o(.text.Control_Unit_CAN2_Interrupt)
    Control_Unit_Init                        0x08000b35   Thumb Code    12  control_unit.o(.text.Control_Unit_Init)
    Control_Unit_MCU_Init                    0x08000b41   Thumb Code     4  control_unit.o(.text.Control_Unit_MCU_Init)
    Control_Unit_Main_Task                   0x08000b45   Thumb Code    12  control_unit.o(.text.Control_Unit_Main_Task)
    Control_Unit_Timer_10ms_Interrupt        0x08000b51   Thumb Code    12  control_unit.o(.text.Control_Unit_Timer_10ms_Interrupt)
    DMA2_Stream0_IRQHandler                  0x08000b5d   Thumb Code    12  stm32f4xx_it.o(.text.DMA2_Stream0_IRQHandler)
    DebugMon_Handler                         0x08000b69   Thumb Code     2  stm32f4xx_it.o(.text.DebugMon_Handler)
    HAL_ADC_ConfigChannel                    0x08000b6d   Thumb Code   262  stm32f4xx_hal_adc.o(.text.HAL_ADC_ConfigChannel)
    HAL_ADC_ConvCpltCallback                 0x08000c75   Thumb Code     2  stm32f4xx_hal_adc.o(.text.HAL_ADC_ConvCpltCallback)
    HAL_ADC_ConvHalfCpltCallback             0x08000c79   Thumb Code     2  stm32f4xx_hal_adc.o(.text.HAL_ADC_ConvHalfCpltCallback)
    HAL_ADC_ErrorCallback                    0x08000c7d   Thumb Code     2  stm32f4xx_hal_adc.o(.text.HAL_ADC_ErrorCallback)
    HAL_ADC_Init                             0x08000c81   Thumb Code   332  stm32f4xx_hal_adc.o(.text.HAL_ADC_Init)
    HAL_ADC_MspInit                          0x08000dcd   Thumb Code   148  stm32f4xx_hal_msp.o(.text.HAL_ADC_MspInit)
    HAL_ADC_Start_DMA                        0x08000e61   Thumb Code   372  stm32f4xx_hal_adc.o(.text.HAL_ADC_Start_DMA)
    HAL_CAN_ActivateNotification             0x08000fd5   Thumb Code    38  stm32f4xx_hal_can.o(.text.HAL_CAN_ActivateNotification)
    HAL_CAN_AddTxMessage                     0x08000ffd   Thumb Code   168  stm32f4xx_hal_can.o(.text.HAL_CAN_AddTxMessage)
    HAL_CAN_ConfigFilter                     0x080010a5   Thumb Code   222  stm32f4xx_hal_can.o(.text.HAL_CAN_ConfigFilter)
    HAL_CAN_ErrorCallback                    0x08001185   Thumb Code     2  stm32f4xx_hal_can.o(.text.HAL_CAN_ErrorCallback)
    HAL_CAN_GetRxMessage                     0x08001189   Thumb Code   270  stm32f4xx_hal_can.o(.text.HAL_CAN_GetRxMessage)
    HAL_CAN_IRQHandler                       0x08001299   Thumb Code   578  stm32f4xx_hal_can.o(.text.HAL_CAN_IRQHandler)
    HAL_CAN_Init                             0x080014dd   Thumb Code   244  stm32f4xx_hal_can.o(.text.HAL_CAN_Init)
    HAL_CAN_MspInit                          0x080015d1   Thumb Code   240  stm32f4xx_hal_msp.o(.text.HAL_CAN_MspInit)
    HAL_CAN_RxFifo0FullCallback              0x080016c1   Thumb Code     2  stm32f4xx_hal_can.o(.text.HAL_CAN_RxFifo0FullCallback)
    HAL_CAN_RxFifo0MsgPendingCallback        0x080016c5   Thumb Code     2  stm32f4xx_hal_can.o(.text.HAL_CAN_RxFifo0MsgPendingCallback)
    HAL_CAN_RxFifo1FullCallback              0x080016c9   Thumb Code     2  stm32f4xx_hal_can.o(.text.HAL_CAN_RxFifo1FullCallback)
    HAL_CAN_RxFifo1MsgPendingCallback        0x080016cd   Thumb Code     2  stm32f4xx_hal_can.o(.text.HAL_CAN_RxFifo1MsgPendingCallback)
    HAL_CAN_SleepCallback                    0x080016d1   Thumb Code     2  stm32f4xx_hal_can.o(.text.HAL_CAN_SleepCallback)
    HAL_CAN_Start                            0x080016d5   Thumb Code    90  stm32f4xx_hal_can.o(.text.HAL_CAN_Start)
    HAL_CAN_TxMailbox0AbortCallback          0x08001731   Thumb Code     2  stm32f4xx_hal_can.o(.text.HAL_CAN_TxMailbox0AbortCallback)
    HAL_CAN_TxMailbox0CompleteCallback       0x08001735   Thumb Code     2  stm32f4xx_hal_can.o(.text.HAL_CAN_TxMailbox0CompleteCallback)
    HAL_CAN_TxMailbox1AbortCallback          0x08001739   Thumb Code     2  stm32f4xx_hal_can.o(.text.HAL_CAN_TxMailbox1AbortCallback)
    HAL_CAN_TxMailbox1CompleteCallback       0x0800173d   Thumb Code     2  stm32f4xx_hal_can.o(.text.HAL_CAN_TxMailbox1CompleteCallback)
    HAL_CAN_TxMailbox2AbortCallback          0x08001741   Thumb Code     2  stm32f4xx_hal_can.o(.text.HAL_CAN_TxMailbox2AbortCallback)
    HAL_CAN_TxMailbox2CompleteCallback       0x08001745   Thumb Code     2  stm32f4xx_hal_can.o(.text.HAL_CAN_TxMailbox2CompleteCallback)
    HAL_CAN_WakeUpFromRxMsgCallback          0x08001749   Thumb Code     2  stm32f4xx_hal_can.o(.text.HAL_CAN_WakeUpFromRxMsgCallback)
    HAL_DMA_IRQHandler                       0x0800174d   Thumb Code   394  stm32f4xx_hal_dma.o(.text.HAL_DMA_IRQHandler)
    HAL_DMA_Init                             0x080018d9   Thumb Code   318  stm32f4xx_hal_dma.o(.text.HAL_DMA_Init)
    HAL_DMA_Start_IT                         0x08001a19   Thumb Code   160  stm32f4xx_hal_dma.o(.text.HAL_DMA_Start_IT)
    HAL_GPIO_Init                            0x08001ab9   Thumb Code   410  stm32f4xx_hal_gpio.o(.text.HAL_GPIO_Init)
    HAL_GPIO_ReadPin                         0x08001c55   Thumb Code    10  stm32f4xx_hal_gpio.o(.text.HAL_GPIO_ReadPin)
    HAL_GPIO_WritePin                        0x08001c61   Thumb Code    10  stm32f4xx_hal_gpio.o(.text.HAL_GPIO_WritePin)
    HAL_GetTick                              0x08001c6d   Thumb Code    12  stm32f4xx_hal.o(.text.HAL_GetTick)
    HAL_IWDG_Refresh                         0x08001c79   Thumb Code    12  stm32f4xx_hal_iwdg.o(.text.HAL_IWDG_Refresh)
    HAL_IncTick                              0x08001c85   Thumb Code    26  stm32f4xx_hal.o(.text.HAL_IncTick)
    HAL_Init                                 0x08001ca1   Thumb Code    54  stm32f4xx_hal.o(.text.HAL_Init)
    HAL_InitTick                             0x08001cd9   Thumb Code    80  stm32f4xx_hal.o(.text.HAL_InitTick)
    HAL_MspInit                              0x08001d29   Thumb Code    56  stm32f4xx_hal_msp.o(.text.HAL_MspInit)
    HAL_NVIC_EnableIRQ                       0x08001d61   Thumb Code    32  stm32f4xx_hal_cortex.o(.text.HAL_NVIC_EnableIRQ)
    HAL_NVIC_SetPriority                     0x08001d81   Thumb Code    86  stm32f4xx_hal_cortex.o(.text.HAL_NVIC_SetPriority)
    HAL_NVIC_SetPriorityGrouping             0x08001dd9   Thumb Code    32  stm32f4xx_hal_cortex.o(.text.HAL_NVIC_SetPriorityGrouping)
    HAL_RCC_ClockConfig                      0x08001df9   Thumb Code   352  stm32f4xx_hal_rcc.o(.text.HAL_RCC_ClockConfig)
    HAL_RCC_GetSysClockFreq                  0x08001f59   Thumb Code   104  stm32f4xx_hal_rcc.o(.text.HAL_RCC_GetSysClockFreq)
    HAL_RCC_OscConfig                        0x08001fc1   Thumb Code   852  stm32f4xx_hal_rcc.o(.text.HAL_RCC_OscConfig)
    HAL_SYSTICK_Config                       0x08002315   Thumb Code    44  stm32f4xx_hal_cortex.o(.text.HAL_SYSTICK_Config)
    HAL_TIMEx_BreakCallback                  0x08002341   Thumb Code     2  stm32f4xx_hal_tim_ex.o(.text.HAL_TIMEx_BreakCallback)
    HAL_TIMEx_CommutCallback                 0x08002345   Thumb Code     2  stm32f4xx_hal_tim_ex.o(.text.HAL_TIMEx_CommutCallback)
    HAL_TIMEx_MasterConfigSynchronization    0x08002349   Thumb Code   188  stm32f4xx_hal_tim_ex.o(.text.HAL_TIMEx_MasterConfigSynchronization)
    HAL_TIM_Base_Init                        0x08002405   Thumb Code    90  stm32f4xx_hal_tim.o(.text.HAL_TIM_Base_Init)
    HAL_TIM_Base_MspInit                     0x08002461   Thumb Code    72  stm32f4xx_hal_msp.o(.text.HAL_TIM_Base_MspInit)
    HAL_TIM_Base_Start_IT                    0x080024a9   Thumb Code   168  stm32f4xx_hal_tim.o(.text.HAL_TIM_Base_Start_IT)
    HAL_TIM_IC_CaptureCallback               0x08002551   Thumb Code     2  stm32f4xx_hal_tim.o(.text.HAL_TIM_IC_CaptureCallback)
    HAL_TIM_IRQHandler                       0x08002555   Thumb Code   362  stm32f4xx_hal_tim.o(.text.HAL_TIM_IRQHandler)
    HAL_TIM_OC_DelayElapsedCallback          0x080026c1   Thumb Code     2  stm32f4xx_hal_tim.o(.text.HAL_TIM_OC_DelayElapsedCallback)
    HAL_TIM_PWM_PulseFinishedCallback        0x080026c5   Thumb Code     2  stm32f4xx_hal_tim.o(.text.HAL_TIM_PWM_PulseFinishedCallback)
    HAL_TIM_PeriodElapsedCallback            0x080026c9   Thumb Code     2  stm32f4xx_hal_tim.o(.text.HAL_TIM_PeriodElapsedCallback)
    HAL_TIM_TriggerCallback                  0x080026cd   Thumb Code     2  stm32f4xx_hal_tim.o(.text.HAL_TIM_TriggerCallback)
    HardFault_Handler                        0x080026d1   Thumb Code     2  stm32f4xx_it.o(.text.HardFault_Handler)
    MCU_ADC1_Channel_Init                    0x080026d5   Thumb Code     4  mcu.o(.text.MCU_ADC1_Channel_Init)
    MCU_ADC1_Init                            0x080026d9   Thumb Code     4  mcu.o(.text.MCU_ADC1_Init)
    MCU_ADC_Start                            0x080026dd   Thumb Code     4  mcu.o(.text.MCU_ADC_Start)
    MCU_CAN1_Send                            0x080026e1   Thumb Code     4  mcu.o(.text.MCU_CAN1_Send)
    MCU_CAN2_Send                            0x080026e5   Thumb Code     4  mcu.o(.text.MCU_CAN2_Send)
    MCU_DMA_Init                             0x080026e9   Thumb Code     4  mcu.o(.text.MCU_DMA_Init)
    MCU_GPIO_Init_A9_Input                   0x080026ed   Thumb Code     4  mcu.o(.text.MCU_GPIO_Init_A9_Input)
    MCU_GPIO_Init_B15_Output                 0x080026f1   Thumb Code     4  mcu.o(.text.MCU_GPIO_Init_B15_Output)
    MCU_GPIO_Init_B2_Output                  0x080026f5   Thumb Code     4  mcu.o(.text.MCU_GPIO_Init_B2_Output)
    MCU_GPIO_Init_C3_Input                   0x080026f9   Thumb Code     4  mcu.o(.text.MCU_GPIO_Init_C3_Input)
    MCU_GPIO_Init_C5_Output                  0x080026fd   Thumb Code     4  mcu.o(.text.MCU_GPIO_Init_C5_Output)
    MCU_GPIO_Init_C6_Output                  0x08002701   Thumb Code     4  mcu.o(.text.MCU_GPIO_Init_C6_Output)
    MCU_GPIO_Init_C7_Output                  0x08002705   Thumb Code     4  mcu.o(.text.MCU_GPIO_Init_C7_Output)
    MCU_GPIO_Read_A9_Input                   0x08002709   Thumb Code     4  mcu.o(.text.MCU_GPIO_Read_A9_Input)
    MCU_GPIO_Read_C3_Input                   0x0800270d   Thumb Code     4  mcu.o(.text.MCU_GPIO_Read_C3_Input)
    MCU_GPIO_Write_B15_Output                0x08002711   Thumb Code     4  mcu.o(.text.MCU_GPIO_Write_B15_Output)
    MCU_GPIO_Write_B2_Output                 0x08002715   Thumb Code     4  mcu.o(.text.MCU_GPIO_Write_B2_Output)
    MCU_GPIO_Write_C5_Output                 0x08002719   Thumb Code     4  mcu.o(.text.MCU_GPIO_Write_C5_Output)
    MCU_GPIO_Write_C6_Output                 0x0800271d   Thumb Code     4  mcu.o(.text.MCU_GPIO_Write_C6_Output)
    MCU_GPIO_Write_C7_Output                 0x08002721   Thumb Code     4  mcu.o(.text.MCU_GPIO_Write_C7_Output)
    MCU_Init                                 0x08002725   Thumb Code     4  mcu.o(.text.MCU_Init)
    MCU_WDT_Refresh                          0x08002729   Thumb Code    20  mcu.o(.text.MCU_WDT_Refresh)
    MemManage_Handler                        0x0800273d   Thumb Code     2  stm32f4xx_it.o(.text.MemManage_Handler)
    NMI_Handler                              0x08002741   Thumb Code     2  stm32f4xx_it.o(.text.NMI_Handler)
    PendSV_Handler                           0x08002745   Thumb Code     2  stm32f4xx_it.o(.text.PendSV_Handler)
    Proccess_ADCs_Reading                    0x08002749   Thumb Code   164  accu_master_control_unit.o(.text.Proccess_ADCs_Reading)
    STM32F4_ADC1_Channel_Init                0x080027ed   Thumb Code   142  stm32f4.o(.text.STM32F4_ADC1_Channel_Init)
    STM32F4_ADC1_Init                        0x0800287d   Thumb Code    82  stm32f4.o(.text.STM32F4_ADC1_Init)
    STM32F4_ADC_Start                        0x080028d1   Thumb Code    16  stm32f4.o(.text.STM32F4_ADC_Start)
    STM32F4_CAN1_Init                        0x080028e1   Thumb Code   162  stm32f4.o(.text.STM32F4_CAN1_Init)
    STM32F4_CAN1_Send                        0x08002985   Thumb Code    34  stm32f4.o(.text.STM32F4_CAN1_Send)
    STM32F4_CAN2_Init                        0x080029a9   Thumb Code   162  stm32f4.o(.text.STM32F4_CAN2_Init)
    STM32F4_CAN2_Send                        0x08002a4d   Thumb Code    34  stm32f4.o(.text.STM32F4_CAN2_Send)
    STM32F4_Common_Init                      0x08002a71   Thumb Code   260  stm32f4.o(.text.STM32F4_Common_Init)
    STM32F4_DMA_Init                         0x08002b75   Thumb Code    56  stm32f4.o(.text.STM32F4_DMA_Init)
    STM32F4_Error_Handler                    0x08002bad   Thumb Code    10  stm32f4.o(.text.STM32F4_Error_Handler)
    STM32F4_GPIO_Init_A9_Input               0x08002bb9   Thumb Code    66  stm32f4.o(.text.STM32F4_GPIO_Init_A9_Input)
    STM32F4_GPIO_Init_B15_Output             0x08002bfd   Thumb Code    90  stm32f4.o(.text.STM32F4_GPIO_Init_B15_Output)
    STM32F4_GPIO_Init_B2_Output              0x08002c59   Thumb Code    86  stm32f4.o(.text.STM32F4_GPIO_Init_B2_Output)
    STM32F4_GPIO_Init_C3_Input               0x08002cb1   Thumb Code    66  stm32f4.o(.text.STM32F4_GPIO_Init_C3_Input)
    STM32F4_GPIO_Init_C5_Output              0x08002cf5   Thumb Code    86  stm32f4.o(.text.STM32F4_GPIO_Init_C5_Output)
    STM32F4_GPIO_Init_C6_Output              0x08002d4d   Thumb Code    86  stm32f4.o(.text.STM32F4_GPIO_Init_C6_Output)
    STM32F4_GPIO_Init_C7_Output              0x08002da5   Thumb Code    86  stm32f4.o(.text.STM32F4_GPIO_Init_C7_Output)
    STM32F4_GPIO_Read_A9_Input               0x08002dfd   Thumb Code    26  stm32f4.o(.text.STM32F4_GPIO_Read_A9_Input)
    STM32F4_GPIO_Read_C3_Input               0x08002e19   Thumb Code    26  stm32f4.o(.text.STM32F4_GPIO_Read_C3_Input)
    STM32F4_GPIO_Write_B15_Output            0x08002e35   Thumb Code    24  stm32f4.o(.text.STM32F4_GPIO_Write_B15_Output)
    STM32F4_GPIO_Write_B2_Output             0x08002e4d   Thumb Code    22  stm32f4.o(.text.STM32F4_GPIO_Write_B2_Output)
    STM32F4_GPIO_Write_C5_Output             0x08002e65   Thumb Code    22  stm32f4.o(.text.STM32F4_GPIO_Write_C5_Output)
    STM32F4_GPIO_Write_C6_Output             0x08002e7d   Thumb Code    22  stm32f4.o(.text.STM32F4_GPIO_Write_C6_Output)
    STM32F4_GPIO_Write_C7_Output             0x08002e95   Thumb Code    22  stm32f4.o(.text.STM32F4_GPIO_Write_C7_Output)
    STM32F4_Init                             0x08002ead   Thumb Code     4  stm32f4.o(.text.STM32F4_Init)
    STM32F4_WDT_Refresh                      0x08002eb1   Thumb Code    12  stm32f4.o(.text.STM32F4_WDT_Refresh)
    SVC_Handler                              0x08002ebd   Thumb Code     2  stm32f4xx_it.o(.text.SVC_Handler)
    SysTick_Handler                          0x08002ec1   Thumb Code     4  stm32f4xx_it.o(.text.SysTick_Handler)
    SystemInit                               0x08002ec5   Thumb Code    18  system_stm32f4xx.o(.text.SystemInit)
    TIM7_IRQHandler                          0x08002ed9   Thumb Code    22  stm32f4xx_it.o(.text.TIM7_IRQHandler)
    TIM_Base_SetConfig                       0x08002ef1   Thumb Code   292  stm32f4xx_hal_tim.o(.text.TIM_Base_SetConfig)
    Timer_10ms_Change_Timing                 0x08003015   Thumb Code     4  common_functions.o(.text.Timer_10ms_Change_Timing)
    Timer_10ms_Init                          0x08003019   Thumb Code    18  common_functions.o(.text.Timer_10ms_Init)
    Timer_10ms_Reset                         0x0800302d   Thumb Code    12  common_functions.o(.text.Timer_10ms_Reset)
    Timer_10ms_Restart                       0x08003039   Thumb Code    16  common_functions.o(.text.Timer_10ms_Restart)
    Timer_10ms_Start                         0x08003049   Thumb Code     6  common_functions.o(.text.Timer_10ms_Start)
    Timer_10ms_Stop                          0x08003051   Thumb Code     6  common_functions.o(.text.Timer_10ms_Stop)
    Timer_10ms_Tick                          0x08003059   Thumb Code   108  common_functions.o(.text.Timer_10ms_Tick)
    UsageFault_Handler                       0x080030c5   Thumb Code     2  stm32f4xx_it.o(.text.UsageFault_Handler)
    main                                     0x080030c9   Thumb Code    14  main.o(.text.main)
    _fp_init                                 0x080030d7   Thumb Code    26  fpinit.o(x$fpl$fpinit)
    __fplib_config_fpu_vfp                   0x080030ef   Thumb Code     0  fpinit.o(x$fpl$fpinit)
    __fplib_config_pureend_doubles           0x080030ef   Thumb Code     0  fpinit.o(x$fpl$fpinit)
    AHBPrescTable                            0x080030f0   Data          16  system_stm32f4xx.o(.rodata.AHBPrescTable)
    Region$$Table$$Base                      0x08003108   Number         0  anon$$obj.o(Region$$Table)
    Region$$Table$$Limit                     0x08003128   Number         0  anon$$obj.o(Region$$Table)
    SystemCoreClock                          0x20000000   Data           4  system_stm32f4xx.o(.data.SystemCoreClock)
    uwTickFreq                               0x20000004   Data           1  stm32f4xx_hal.o(.data.uwTickFreq)
    uwTickPrio                               0x20000008   Data           4  stm32f4xx_hal.o(.data.uwTickPrio)
    __libspace_start                         0x20000010   Data          96  libspace.o(.bss)
    CONTROL_UNIT                             0x20000070   Data         304  control_unit.o(.bss.CONTROL_UNIT)
    __temporary_stack_top$libspace           0x20000070   Data           0  libspace.o(.bss)
    STM32_ADC1                               0x200001a0   Data          72  stm32f4.o(.bss.STM32_ADC1)
    STM32_ADC1_DMA                           0x200001e8   Data          96  stm32f4.o(.bss.STM32_ADC1_DMA)
    STM32_CAN1                               0x20000248   Data          40  stm32f4.o(.bss.STM32_CAN1)
    STM32_CAN2                               0x20000270   Data          40  stm32f4.o(.bss.STM32_CAN2)
    STM32_TIM7                               0x20000298   Data          72  stm32f4.o(.bss.STM32_TIM7)
    Watchdog                                 0x200002e0   Data          12  stm32f4.o(.bss.Watchdog)
    uwTick                                   0x200002ec   Data           4  stm32f4xx_hal.o(.bss.uwTick)



==============================================================================

Memory Map of the image

  Image Entry point : 0x08000189

  Load Region LR_IROM1 (Base: 0x08000000, Size: 0x00003138, Max: 0x00020000, ABSOLUTE)

    Execution Region ER_IROM1 (Exec base: 0x08000000, Load base: 0x08000000, Size: 0x00003128, Max: 0x00020000, ABSOLUTE)

    Exec Addr    Load Addr    Size         Type   Attr      Idx    E Section Name        Object

    0x08000000   0x08000000   0x00000188   Data   RO          560    RESET               startup_stm32f405xx.o
    0x08000188   0x08000188   0x00000008   Code   RO         1599  * !!!main             c_w.l(__main.o)
    0x08000190   0x08000190   0x0000005c   Code   RO         1793    !!!scatter          c_w.l(__scatter.o)
    0x080001ec   0x080001ec   0x0000001a   Code   RO         1797    !!handler_copy      c_w.l(__scatter_copy.o)
    0x08000206   0x08000206   0x00000002   PAD
    0x08000208   0x08000208   0x00000002   Code   RO         1794    !!handler_null      c_w.l(__scatter.o)
    0x0800020a   0x0800020a   0x00000002   PAD
    0x0800020c   0x0800020c   0x0000001c   Code   RO         1799    !!handler_zi        c_w.l(__scatter_zi.o)
    0x08000228   0x08000228   0x00000002   Code   RO         1655    .ARM.Collect$$libinit$$00000000  c_w.l(libinit.o)
    0x0800022a   0x0800022a   0x00000004   Code   RO         1667    .ARM.Collect$$libinit$$00000001  c_w.l(libinit2.o)
    0x0800022e   0x0800022e   0x00000000   Code   RO         1670    .ARM.Collect$$libinit$$00000004  c_w.l(libinit2.o)
    0x0800022e   0x0800022e   0x00000000   Code   RO         1672    .ARM.Collect$$libinit$$00000006  c_w.l(libinit2.o)
    0x0800022e   0x0800022e   0x00000000   Code   RO         1675    .ARM.Collect$$libinit$$0000000C  c_w.l(libinit2.o)
    0x0800022e   0x0800022e   0x00000000   Code   RO         1677    .ARM.Collect$$libinit$$0000000E  c_w.l(libinit2.o)
    0x0800022e   0x0800022e   0x00000000   Code   RO         1679    .ARM.Collect$$libinit$$00000010  c_w.l(libinit2.o)
    0x0800022e   0x0800022e   0x00000000   Code   RO         1682    .ARM.Collect$$libinit$$00000013  c_w.l(libinit2.o)
    0x0800022e   0x0800022e   0x00000000   Code   RO         1684    .ARM.Collect$$libinit$$00000015  c_w.l(libinit2.o)
    0x0800022e   0x0800022e   0x00000000   Code   RO         1686    .ARM.Collect$$libinit$$00000017  c_w.l(libinit2.o)
    0x0800022e   0x0800022e   0x00000000   Code   RO         1688    .ARM.Collect$$libinit$$00000019  c_w.l(libinit2.o)
    0x0800022e   0x0800022e   0x00000000   Code   RO         1690    .ARM.Collect$$libinit$$0000001B  c_w.l(libinit2.o)
    0x0800022e   0x0800022e   0x00000000   Code   RO         1692    .ARM.Collect$$libinit$$0000001D  c_w.l(libinit2.o)
    0x0800022e   0x0800022e   0x00000000   Code   RO         1694    .ARM.Collect$$libinit$$0000001F  c_w.l(libinit2.o)
    0x0800022e   0x0800022e   0x00000000   Code   RO         1696    .ARM.Collect$$libinit$$00000021  c_w.l(libinit2.o)
    0x0800022e   0x0800022e   0x00000000   Code   RO         1698    .ARM.Collect$$libinit$$00000023  c_w.l(libinit2.o)
    0x0800022e   0x0800022e   0x00000000   Code   RO         1700    .ARM.Collect$$libinit$$00000025  c_w.l(libinit2.o)
    0x0800022e   0x0800022e   0x00000000   Code   RO         1702    .ARM.Collect$$libinit$$00000027  c_w.l(libinit2.o)
    0x0800022e   0x0800022e   0x00000000   Code   RO         1706    .ARM.Collect$$libinit$$0000002E  c_w.l(libinit2.o)
    0x0800022e   0x0800022e   0x00000000   Code   RO         1708    .ARM.Collect$$libinit$$00000030  c_w.l(libinit2.o)
    0x0800022e   0x0800022e   0x00000000   Code   RO         1710    .ARM.Collect$$libinit$$00000032  c_w.l(libinit2.o)
    0x0800022e   0x0800022e   0x00000000   Code   RO         1712    .ARM.Collect$$libinit$$00000034  c_w.l(libinit2.o)
    0x0800022e   0x0800022e   0x00000002   Code   RO         1713    .ARM.Collect$$libinit$$00000035  c_w.l(libinit2.o)
    0x08000230   0x08000230   0x00000002   Code   RO         1748    .ARM.Collect$$libshutdown$$00000000  c_w.l(libshutdown.o)
    0x08000232   0x08000232   0x00000000   Code   RO         1776    .ARM.Collect$$libshutdown$$00000002  c_w.l(libshutdown2.o)
    0x08000232   0x08000232   0x00000000   Code   RO         1778    .ARM.Collect$$libshutdown$$00000004  c_w.l(libshutdown2.o)
    0x08000232   0x08000232   0x00000000   Code   RO         1781    .ARM.Collect$$libshutdown$$00000007  c_w.l(libshutdown2.o)
    0x08000232   0x08000232   0x00000000   Code   RO         1784    .ARM.Collect$$libshutdown$$0000000A  c_w.l(libshutdown2.o)
    0x08000232   0x08000232   0x00000000   Code   RO         1786    .ARM.Collect$$libshutdown$$0000000C  c_w.l(libshutdown2.o)
    0x08000232   0x08000232   0x00000000   Code   RO         1789    .ARM.Collect$$libshutdown$$0000000F  c_w.l(libshutdown2.o)
    0x08000232   0x08000232   0x00000002   Code   RO         1790    .ARM.Collect$$libshutdown$$00000010  c_w.l(libshutdown2.o)
    0x08000234   0x08000234   0x00000000   Code   RO         1605    .ARM.Collect$$rtentry$$00000000  c_w.l(__rtentry.o)
    0x08000234   0x08000234   0x00000000   Code   RO         1622    .ARM.Collect$$rtentry$$00000002  c_w.l(__rtentry2.o)
    0x08000234   0x08000234   0x00000006   Code   RO         1634    .ARM.Collect$$rtentry$$00000004  c_w.l(__rtentry4.o)
    0x0800023a   0x0800023a   0x00000000   Code   RO         1624    .ARM.Collect$$rtentry$$00000009  c_w.l(__rtentry2.o)
    0x0800023a   0x0800023a   0x00000004   Code   RO         1625    .ARM.Collect$$rtentry$$0000000A  c_w.l(__rtentry2.o)
    0x0800023e   0x0800023e   0x00000000   Code   RO         1627    .ARM.Collect$$rtentry$$0000000C  c_w.l(__rtentry2.o)
    0x0800023e   0x0800023e   0x00000008   Code   RO         1628    .ARM.Collect$$rtentry$$0000000D  c_w.l(__rtentry2.o)
    0x08000246   0x08000246   0x00000002   Code   RO         1659    .ARM.Collect$$rtexit$$00000000  c_w.l(rtexit.o)
    0x08000248   0x08000248   0x00000000   Code   RO         1719    .ARM.Collect$$rtexit$$00000002  c_w.l(rtexit2.o)
    0x08000248   0x08000248   0x00000004   Code   RO         1720    .ARM.Collect$$rtexit$$00000003  c_w.l(rtexit2.o)
    0x0800024c   0x0800024c   0x00000006   Code   RO         1721    .ARM.Collect$$rtexit$$00000004  c_w.l(rtexit2.o)
    0x08000252   0x08000252   0x00000002   PAD
    0x08000254   0x08000254   0x00000040   Code   RO          561    .text               startup_stm32f405xx.o
    0x08000294   0x08000294   0x000000f0   Code   RO         1593    .text               c_w.l(lludivv7m.o)
    0x08000384   0x08000384   0x0000004e   Code   RO         1595    .text               c_w.l(rt_memclr_w.o)
    0x080003d2   0x080003d2   0x00000006   Code   RO         1597    .text               c_w.l(heapauxi.o)
    0x080003d8   0x080003d8   0x0000004a   Code   RO         1642    .text               c_w.l(sys_stackheap_outer.o)
    0x08000422   0x08000422   0x00000012   Code   RO         1644    .text               c_w.l(exit.o)
    0x08000434   0x08000434   0x00000008   Code   RO         1656    .text               c_w.l(libspace.o)
    0x0800043c   0x0800043c   0x0000000c   Code   RO         1714    .text               c_w.l(sys_exit.o)
    0x08000448   0x08000448   0x00000002   Code   RO         1737    .text               c_w.l(use_no_semi.o)
    0x0800044a   0x0800044a   0x00000000   Code   RO         1739    .text               c_w.l(indicate_semi.o)
    0x0800044a   0x0800044a   0x00000002   PAD
    0x0800044c   0x0800044c   0x0000006c   Code   RO          598    .text.ADC_DMAConvCplt  stm32f4xx_hal_adc.o
    0x080004b8   0x080004b8   0x00000012   Code   RO          602    .text.ADC_DMAError  stm32f4xx_hal_adc.o
    0x080004ca   0x080004ca   0x00000002   PAD
    0x080004cc   0x080004cc   0x00000006   Code   RO          600    .text.ADC_DMAHalfConvCplt  stm32f4xx_hal_adc.o
    0x080004d2   0x080004d2   0x00000002   PAD
    0x080004d4   0x080004d4   0x0000004e   Code   RO          117    .text.Accu_Master_Control_Unit_10ms_Interrupt  accu_master_control_unit.o
    0x08000522   0x08000522   0x00000002   PAD
    0x08000524   0x08000524   0x00000084   Code   RO          101    .text.Accu_Master_Control_Unit_CAN1_Interrupt  accu_master_control_unit.o
    0x080005a8   0x080005a8   0x00000076   Code   RO          111    .text.Accu_Master_Control_Unit_CAN2_Interrupt  accu_master_control_unit.o
    0x0800061e   0x0800061e   0x00000002   PAD
    0x08000620   0x08000620   0x00000114   Code   RO           83    .text.Accu_Master_Control_Unit_Interrupt_Task  accu_master_control_unit.o
    0x08000734   0x08000734   0x00000050   Code   RO           77    .text.Accu_Master_Control_Unit_MCU_Init  accu_master_control_unit.o
    0x08000784   0x08000784   0x00000018   Code   RO          119    .text.Accu_Master_Control_Unit_Main_Task  accu_master_control_unit.o
    0x0800079c   0x0800079c   0x000000a0   Code   RO           97    .text.Accu_Master_Control_Unit_State_Machine_Task  accu_master_control_unit.o
    0x0800083c   0x0800083c   0x000000ee   Code   RO           79    .text.Accu_Master_Control_Unit_Task_Init  accu_master_control_unit.o
    0x0800092a   0x0800092a   0x00000002   PAD
    0x0800092c   0x0800092c   0x000000aa   Code   RO           65    .text.BMS_Status_Check  accu_master_control_unit.o
    0x080009d6   0x080009d6   0x00000002   PAD
    0x080009d8   0x080009d8   0x00000002   Code   RO          354    .text.BusFault_Handler  stm32f4xx_it.o
    0x080009da   0x080009da   0x00000002   PAD
    0x080009dc   0x080009dc   0x00000004   Code   RO          141    .text.CAN1_Interrupt_DoTask  can_bus.o
    0x080009e0   0x080009e0   0x00000030   Code   RO          366    .text.CAN1_RX0_IRQHandler  stm32f4xx_it.o
    0x08000a10   0x08000a10   0x00000022   Code   RO          139    .text.CAN1_Send     can_bus.o
    0x08000a32   0x08000a32   0x00000002   PAD
    0x08000a34   0x08000a34   0x00000004   Code   RO          145    .text.CAN2_Interrupt_DoTask  can_bus.o
    0x08000a38   0x08000a38   0x00000030   Code   RO          368    .text.CAN2_RX1_IRQHandler  stm32f4xx_it.o
    0x08000a68   0x08000a68   0x00000022   Code   RO          143    .text.CAN2_Send     can_bus.o
    0x08000a8a   0x08000a8a   0x00000002   PAD
    0x08000a8c   0x08000a8c   0x00000090   Code   RO           85    .text.CAN_Status_Send_Interrupt_Task  accu_master_control_unit.o
    0x08000b1c   0x08000b1c   0x0000000c   Code   RO           19    .text.Control_Unit_CAN1_Interrupt  control_unit.o
    0x08000b28   0x08000b28   0x0000000c   Code   RO           21    .text.Control_Unit_CAN2_Interrupt  control_unit.o
    0x08000b34   0x08000b34   0x0000000c   Code   RO           13    .text.Control_Unit_Init  control_unit.o
    0x08000b40   0x08000b40   0x00000004   Code   RO           11    .text.Control_Unit_MCU_Init  control_unit.o
    0x08000b44   0x08000b44   0x0000000c   Code   RO           15    .text.Control_Unit_Main_Task  control_unit.o
    0x08000b50   0x08000b50   0x0000000c   Code   RO           17    .text.Control_Unit_Timer_10ms_Interrupt  control_unit.o
    0x08000b5c   0x08000b5c   0x0000000c   Code   RO          372    .text.DMA2_Stream0_IRQHandler  stm32f4xx_it.o
    0x08000b68   0x08000b68   0x00000002   Code   RO          360    .text.DebugMon_Handler  stm32f4xx_it.o
    0x08000b6a   0x08000b6a   0x00000002   PAD
    0x08000b6c   0x08000b6c   0x00000106   Code   RO          610    .text.HAL_ADC_ConfigChannel  stm32f4xx_hal_adc.o
    0x08000c72   0x08000c72   0x00000002   PAD
    0x08000c74   0x08000c74   0x00000002   Code   RO          590    .text.HAL_ADC_ConvCpltCallback  stm32f4xx_hal_adc.o
    0x08000c76   0x08000c76   0x00000002   PAD
    0x08000c78   0x08000c78   0x00000002   Code   RO          608    .text.HAL_ADC_ConvHalfCpltCallback  stm32f4xx_hal_adc.o
    0x08000c7a   0x08000c7a   0x00000002   PAD
    0x08000c7c   0x08000c7c   0x00000002   Code   RO          594    .text.HAL_ADC_ErrorCallback  stm32f4xx_hal_adc.o
    0x08000c7e   0x08000c7e   0x00000002   PAD
    0x08000c80   0x08000c80   0x0000014c   Code   RO          568    .text.HAL_ADC_Init  stm32f4xx_hal_adc.o
    0x08000dcc   0x08000dcc   0x00000094   Code   RO          326    .text.HAL_ADC_MspInit  stm32f4xx_hal_msp.o
    0x08000e60   0x08000e60   0x00000174   Code   RO          596    .text.HAL_ADC_Start_DMA  stm32f4xx_hal_adc.o
    0x08000fd4   0x08000fd4   0x00000026   Code   RO         1079    .text.HAL_CAN_ActivateNotification  stm32f4xx_hal_can.o
    0x08000ffa   0x08000ffa   0x00000002   PAD
    0x08000ffc   0x08000ffc   0x000000a8   Code   RO         1065    .text.HAL_CAN_AddTxMessage  stm32f4xx_hal_can.o
    0x080010a4   0x080010a4   0x000000de   Code   RO         1055    .text.HAL_CAN_ConfigFilter  stm32f4xx_hal_can.o
    0x08001182   0x08001182   0x00000002   PAD
    0x08001184   0x08001184   0x00000002   Code   RO         1109    .text.HAL_CAN_ErrorCallback  stm32f4xx_hal_can.o
    0x08001186   0x08001186   0x00000002   PAD
    0x08001188   0x08001188   0x0000010e   Code   RO         1075    .text.HAL_CAN_GetRxMessage  stm32f4xx_hal_can.o
    0x08001296   0x08001296   0x00000002   PAD
    0x08001298   0x08001298   0x00000242   Code   RO         1083    .text.HAL_CAN_IRQHandler  stm32f4xx_hal_can.o
    0x080014da   0x080014da   0x00000002   PAD
    0x080014dc   0x080014dc   0x000000f4   Code   RO         1045    .text.HAL_CAN_Init  stm32f4xx_hal_can.o
    0x080015d0   0x080015d0   0x000000f0   Code   RO          330    .text.HAL_CAN_MspInit  stm32f4xx_hal_msp.o
    0x080016c0   0x080016c0   0x00000002   Code   RO         1097    .text.HAL_CAN_RxFifo0FullCallback  stm32f4xx_hal_can.o
    0x080016c2   0x080016c2   0x00000002   PAD
    0x080016c4   0x080016c4   0x00000002   Code   RO         1099    .text.HAL_CAN_RxFifo0MsgPendingCallback  stm32f4xx_hal_can.o
    0x080016c6   0x080016c6   0x00000002   PAD
    0x080016c8   0x080016c8   0x00000002   Code   RO         1101    .text.HAL_CAN_RxFifo1FullCallback  stm32f4xx_hal_can.o
    0x080016ca   0x080016ca   0x00000002   PAD
    0x080016cc   0x080016cc   0x00000002   Code   RO         1103    .text.HAL_CAN_RxFifo1MsgPendingCallback  stm32f4xx_hal_can.o
    0x080016ce   0x080016ce   0x00000002   PAD
    0x080016d0   0x080016d0   0x00000002   Code   RO         1105    .text.HAL_CAN_SleepCallback  stm32f4xx_hal_can.o
    0x080016d2   0x080016d2   0x00000002   PAD
    0x080016d4   0x080016d4   0x0000005a   Code   RO         1057    .text.HAL_CAN_Start  stm32f4xx_hal_can.o
    0x0800172e   0x0800172e   0x00000002   PAD
    0x08001730   0x08001730   0x00000002   Code   RO         1087    .text.HAL_CAN_TxMailbox0AbortCallback  stm32f4xx_hal_can.o
    0x08001732   0x08001732   0x00000002   PAD
    0x08001734   0x08001734   0x00000002   Code   RO         1085    .text.HAL_CAN_TxMailbox0CompleteCallback  stm32f4xx_hal_can.o
    0x08001736   0x08001736   0x00000002   PAD
    0x08001738   0x08001738   0x00000002   Code   RO         1091    .text.HAL_CAN_TxMailbox1AbortCallback  stm32f4xx_hal_can.o
    0x0800173a   0x0800173a   0x00000002   PAD
    0x0800173c   0x0800173c   0x00000002   Code   RO         1089    .text.HAL_CAN_TxMailbox1CompleteCallback  stm32f4xx_hal_can.o
    0x0800173e   0x0800173e   0x00000002   PAD
    0x08001740   0x08001740   0x00000002   Code   RO         1095    .text.HAL_CAN_TxMailbox2AbortCallback  stm32f4xx_hal_can.o
    0x08001742   0x08001742   0x00000002   PAD
    0x08001744   0x08001744   0x00000002   Code   RO         1093    .text.HAL_CAN_TxMailbox2CompleteCallback  stm32f4xx_hal_can.o
    0x08001746   0x08001746   0x00000002   PAD
    0x08001748   0x08001748   0x00000002   Code   RO         1107    .text.HAL_CAN_WakeUpFromRxMsgCallback  stm32f4xx_hal_can.o
    0x0800174a   0x0800174a   0x00000002   PAD
    0x0800174c   0x0800174c   0x0000018a   Code   RO          827    .text.HAL_DMA_IRQHandler  stm32f4xx_hal_dma.o
    0x080018d6   0x080018d6   0x00000002   PAD
    0x080018d8   0x080018d8   0x0000013e   Code   RO          813    .text.HAL_DMA_Init  stm32f4xx_hal_dma.o
    0x08001a16   0x08001a16   0x00000002   PAD
    0x08001a18   0x08001a18   0x000000a0   Code   RO          819    .text.HAL_DMA_Start_IT  stm32f4xx_hal_dma.o
    0x08001ab8   0x08001ab8   0x0000019a   Code   RO          775    .text.HAL_GPIO_Init  stm32f4xx_hal_gpio.o
    0x08001c52   0x08001c52   0x00000002   PAD
    0x08001c54   0x08001c54   0x0000000a   Code   RO          779    .text.HAL_GPIO_ReadPin  stm32f4xx_hal_gpio.o
    0x08001c5e   0x08001c5e   0x00000002   PAD
    0x08001c60   0x08001c60   0x0000000a   Code   RO          781    .text.HAL_GPIO_WritePin  stm32f4xx_hal_gpio.o
    0x08001c6a   0x08001c6a   0x00000002   PAD
    0x08001c6c   0x08001c6c   0x0000000c   Code   RO          966    .text.HAL_GetTick   stm32f4xx_hal.o
    0x08001c78   0x08001c78   0x0000000c   Code   RO         1582    .text.HAL_IWDG_Refresh  stm32f4xx_hal_iwdg.o
    0x08001c84   0x08001c84   0x0000001a   Code   RO          964    .text.HAL_IncTick   stm32f4xx_hal.o
    0x08001c9e   0x08001c9e   0x00000002   PAD
    0x08001ca0   0x08001ca0   0x00000036   Code   RO          954    .text.HAL_Init      stm32f4xx_hal.o
    0x08001cd6   0x08001cd6   0x00000002   PAD
    0x08001cd8   0x08001cd8   0x00000050   Code   RO          956    .text.HAL_InitTick  stm32f4xx_hal.o
    0x08001d28   0x08001d28   0x00000038   Code   RO          324    .text.HAL_MspInit   stm32f4xx_hal_msp.o
    0x08001d60   0x08001d60   0x00000020   Code   RO          912    .text.HAL_NVIC_EnableIRQ  stm32f4xx_hal_cortex.o
    0x08001d80   0x08001d80   0x00000056   Code   RO          910    .text.HAL_NVIC_SetPriority  stm32f4xx_hal_cortex.o
    0x08001dd6   0x08001dd6   0x00000002   PAD
    0x08001dd8   0x08001dd8   0x00000020   Code   RO          908    .text.HAL_NVIC_SetPriorityGrouping  stm32f4xx_hal_cortex.o
    0x08001df8   0x08001df8   0x00000160   Code   RO          669    .text.HAL_RCC_ClockConfig  stm32f4xx_hal_rcc.o
    0x08001f58   0x08001f58   0x00000068   Code   RO          671    .text.HAL_RCC_GetSysClockFreq  stm32f4xx_hal_rcc.o
    0x08001fc0   0x08001fc0   0x00000354   Code   RO          667    .text.HAL_RCC_OscConfig  stm32f4xx_hal_rcc.o
    0x08002314   0x08002314   0x0000002c   Code   RO          920    .text.HAL_SYSTICK_Config  stm32f4xx_hal_cortex.o
    0x08002340   0x08002340   0x00000002   Code   RO         1566    .text.HAL_TIMEx_BreakCallback  stm32f4xx_hal_tim_ex.o
    0x08002342   0x08002342   0x00000002   PAD
    0x08002344   0x08002344   0x00000002   Code   RO         1562    .text.HAL_TIMEx_CommutCallback  stm32f4xx_hal_tim_ex.o
    0x08002346   0x08002346   0x00000002   PAD
    0x08002348   0x08002348   0x000000bc   Code   RO         1556    .text.HAL_TIMEx_MasterConfigSynchronization  stm32f4xx_hal_tim_ex.o
    0x08002404   0x08002404   0x0000005a   Code   RO         1261    .text.HAL_TIM_Base_Init  stm32f4xx_hal_tim.o
    0x0800245e   0x0800245e   0x00000002   PAD
    0x08002460   0x08002460   0x00000048   Code   RO          336    .text.HAL_TIM_Base_MspInit  stm32f4xx_hal_msp.o
    0x080024a8   0x080024a8   0x000000a8   Code   RO         1275    .text.HAL_TIM_Base_Start_IT  stm32f4xx_hal_tim.o
    0x08002550   0x08002550   0x00000002   Code   RO         1397    .text.HAL_TIM_IC_CaptureCallback  stm32f4xx_hal_tim.o
    0x08002552   0x08002552   0x00000002   PAD
    0x08002554   0x08002554   0x0000016a   Code   RO         1395    .text.HAL_TIM_IRQHandler  stm32f4xx_hal_tim.o
    0x080026be   0x080026be   0x00000002   PAD
    0x080026c0   0x080026c0   0x00000002   Code   RO         1399    .text.HAL_TIM_OC_DelayElapsedCallback  stm32f4xx_hal_tim.o
    0x080026c2   0x080026c2   0x00000002   PAD
    0x080026c4   0x080026c4   0x00000002   Code   RO         1401    .text.HAL_TIM_PWM_PulseFinishedCallback  stm32f4xx_hal_tim.o
    0x080026c6   0x080026c6   0x00000002   PAD
    0x080026c8   0x080026c8   0x00000002   Code   RO         1403    .text.HAL_TIM_PeriodElapsedCallback  stm32f4xx_hal_tim.o
    0x080026ca   0x080026ca   0x00000002   PAD
    0x080026cc   0x080026cc   0x00000002   Code   RO         1405    .text.HAL_TIM_TriggerCallback  stm32f4xx_hal_tim.o
    0x080026ce   0x080026ce   0x00000002   PAD
    0x080026d0   0x080026d0   0x00000002   Code   RO          350    .text.HardFault_Handler  stm32f4xx_it.o
    0x080026d2   0x080026d2   0x00000002   PAD
    0x080026d4   0x080026d4   0x00000004   Code   RO          187    .text.MCU_ADC1_Channel_Init  mcu.o
    0x080026d8   0x080026d8   0x00000004   Code   RO          185    .text.MCU_ADC1_Init  mcu.o
    0x080026dc   0x080026dc   0x00000004   Code   RO          189    .text.MCU_ADC_Start  mcu.o
    0x080026e0   0x080026e0   0x00000004   Code   RO          311    .text.MCU_CAN1_Send  mcu.o
    0x080026e4   0x080026e4   0x00000004   Code   RO          313    .text.MCU_CAN2_Send  mcu.o
    0x080026e8   0x080026e8   0x00000004   Code   RO          191    .text.MCU_DMA_Init  mcu.o
    0x080026ec   0x080026ec   0x00000004   Code   RO          249    .text.MCU_GPIO_Init_A9_Input  mcu.o
    0x080026f0   0x080026f0   0x00000004   Code   RO          221    .text.MCU_GPIO_Init_B15_Output  mcu.o
    0x080026f4   0x080026f4   0x00000004   Code   RO          213    .text.MCU_GPIO_Init_B2_Output  mcu.o
    0x080026f8   0x080026f8   0x00000004   Code   RO          223    .text.MCU_GPIO_Init_C3_Input  mcu.o
    0x080026fc   0x080026fc   0x00000004   Code   RO          203    .text.MCU_GPIO_Init_C5_Output  mcu.o
    0x08002700   0x08002700   0x00000004   Code   RO          205    .text.MCU_GPIO_Init_C6_Output  mcu.o
    0x08002704   0x08002704   0x00000004   Code   RO          207    .text.MCU_GPIO_Init_C7_Output  mcu.o
    0x08002708   0x08002708   0x00000004   Code   RO          277    .text.MCU_GPIO_Read_A9_Input  mcu.o
    0x0800270c   0x0800270c   0x00000004   Code   RO          251    .text.MCU_GPIO_Read_C3_Input  mcu.o
    0x08002710   0x08002710   0x00000004   Code   RO          307    .text.MCU_GPIO_Write_B15_Output  mcu.o
    0x08002714   0x08002714   0x00000004   Code   RO          299    .text.MCU_GPIO_Write_B2_Output  mcu.o
    0x08002718   0x08002718   0x00000004   Code   RO          289    .text.MCU_GPIO_Write_C5_Output  mcu.o
    0x0800271c   0x0800271c   0x00000004   Code   RO          291    .text.MCU_GPIO_Write_C6_Output  mcu.o
    0x08002720   0x08002720   0x00000004   Code   RO          293    .text.MCU_GPIO_Write_C7_Output  mcu.o
    0x08002724   0x08002724   0x00000004   Code   RO          309    .text.MCU_Init      mcu.o
    0x08002728   0x08002728   0x00000014   Code   RO          315    .text.MCU_WDT_Refresh  mcu.o
    0x0800273c   0x0800273c   0x00000002   Code   RO          352    .text.MemManage_Handler  stm32f4xx_it.o
    0x0800273e   0x0800273e   0x00000002   PAD
    0x08002740   0x08002740   0x00000002   Code   RO          348    .text.NMI_Handler   stm32f4xx_it.o
    0x08002742   0x08002742   0x00000002   PAD
    0x08002744   0x08002744   0x00000002   Code   RO          362    .text.PendSV_Handler  stm32f4xx_it.o
    0x08002746   0x08002746   0x00000002   PAD
    0x08002748   0x08002748   0x000000a4   Code   RO          129    .text.Proccess_ADCs_Reading  accu_master_control_unit.o
    0x080027ec   0x080027ec   0x0000008e   Code   RO          389    .text.STM32F4_ADC1_Channel_Init  stm32f4.o
    0x0800287a   0x0800287a   0x00000002   PAD
    0x0800287c   0x0800287c   0x00000052   Code   RO          387    .text.STM32F4_ADC1_Init  stm32f4.o
    0x080028ce   0x080028ce   0x00000002   PAD
    0x080028d0   0x080028d0   0x00000010   Code   RO          393    .text.STM32F4_ADC_Start  stm32f4.o
    0x080028e0   0x080028e0   0x000000a2   Code   RO          395    .text.STM32F4_CAN1_Init  stm32f4.o
    0x08002982   0x08002982   0x00000002   PAD
    0x08002984   0x08002984   0x00000022   Code   RO          521    .text.STM32F4_CAN1_Send  stm32f4.o
    0x080029a6   0x080029a6   0x00000002   PAD
    0x080029a8   0x080029a8   0x000000a2   Code   RO          397    .text.STM32F4_CAN2_Init  stm32f4.o
    0x08002a4a   0x08002a4a   0x00000002   PAD
    0x08002a4c   0x08002a4c   0x00000022   Code   RO          523    .text.STM32F4_CAN2_Send  stm32f4.o
    0x08002a6e   0x08002a6e   0x00000002   PAD
    0x08002a70   0x08002a70   0x00000104   Code   RO          459    .text.STM32F4_Common_Init  stm32f4.o
    0x08002b74   0x08002b74   0x00000038   Code   RO          391    .text.STM32F4_DMA_Init  stm32f4.o
    0x08002bac   0x08002bac   0x0000000a   Code   RO          383    .text.STM32F4_Error_Handler  stm32f4.o
    0x08002bb6   0x08002bb6   0x00000002   PAD
    0x08002bb8   0x08002bb8   0x00000042   Code   RO          455    .text.STM32F4_GPIO_Init_A9_Input  stm32f4.o
    0x08002bfa   0x08002bfa   0x00000002   PAD
    0x08002bfc   0x08002bfc   0x0000005a   Code   RO          427    .text.STM32F4_GPIO_Init_B15_Output  stm32f4.o
    0x08002c56   0x08002c56   0x00000002   PAD
    0x08002c58   0x08002c58   0x00000056   Code   RO          419    .text.STM32F4_GPIO_Init_B2_Output  stm32f4.o
    0x08002cae   0x08002cae   0x00000002   PAD
    0x08002cb0   0x08002cb0   0x00000042   Code   RO          431    .text.STM32F4_GPIO_Init_C3_Input  stm32f4.o
    0x08002cf2   0x08002cf2   0x00000002   PAD
    0x08002cf4   0x08002cf4   0x00000056   Code   RO          409    .text.STM32F4_GPIO_Init_C5_Output  stm32f4.o
    0x08002d4a   0x08002d4a   0x00000002   PAD
    0x08002d4c   0x08002d4c   0x00000056   Code   RO          411    .text.STM32F4_GPIO_Init_C6_Output  stm32f4.o
    0x08002da2   0x08002da2   0x00000002   PAD
    0x08002da4   0x08002da4   0x00000056   Code   RO          413    .text.STM32F4_GPIO_Init_C7_Output  stm32f4.o
    0x08002dfa   0x08002dfa   0x00000002   PAD
    0x08002dfc   0x08002dfc   0x0000001a   Code   RO          487    .text.STM32F4_GPIO_Read_A9_Input  stm32f4.o
    0x08002e16   0x08002e16   0x00000002   PAD
    0x08002e18   0x08002e18   0x0000001a   Code   RO          463    .text.STM32F4_GPIO_Read_C3_Input  stm32f4.o
    0x08002e32   0x08002e32   0x00000002   PAD
    0x08002e34   0x08002e34   0x00000018   Code   RO          519    .text.STM32F4_GPIO_Write_B15_Output  stm32f4.o
    0x08002e4c   0x08002e4c   0x00000016   Code   RO          511    .text.STM32F4_GPIO_Write_B2_Output  stm32f4.o
    0x08002e62   0x08002e62   0x00000002   PAD
    0x08002e64   0x08002e64   0x00000016   Code   RO          501    .text.STM32F4_GPIO_Write_C5_Output  stm32f4.o
    0x08002e7a   0x08002e7a   0x00000002   PAD
    0x08002e7c   0x08002e7c   0x00000016   Code   RO          503    .text.STM32F4_GPIO_Write_C6_Output  stm32f4.o
    0x08002e92   0x08002e92   0x00000002   PAD
    0x08002e94   0x08002e94   0x00000016   Code   RO          505    .text.STM32F4_GPIO_Write_C7_Output  stm32f4.o
    0x08002eaa   0x08002eaa   0x00000002   PAD
    0x08002eac   0x08002eac   0x00000004   Code   RO          461    .text.STM32F4_Init  stm32f4.o
    0x08002eb0   0x08002eb0   0x0000000c   Code   RO          527    .text.STM32F4_WDT_Refresh  stm32f4.o
    0x08002ebc   0x08002ebc   0x00000002   Code   RO          358    .text.SVC_Handler   stm32f4xx_it.o
    0x08002ebe   0x08002ebe   0x00000002   PAD
    0x08002ec0   0x08002ec0   0x00000004   Code   RO          364    .text.SysTick_Handler  stm32f4xx_it.o
    0x08002ec4   0x08002ec4   0x00000012   Code   RO          544    .text.SystemInit    system_stm32f4xx.o
    0x08002ed6   0x08002ed6   0x00000002   PAD
    0x08002ed8   0x08002ed8   0x00000016   Code   RO          370    .text.TIM7_IRQHandler  stm32f4xx_it.o
    0x08002eee   0x08002eee   0x00000002   PAD
    0x08002ef0   0x08002ef0   0x00000124   Code   RO         1265    .text.TIM_Base_SetConfig  stm32f4xx_hal_tim.o
    0x08003014   0x08003014   0x00000004   Code   RO          161    .text.Timer_10ms_Change_Timing  common_functions.o
    0x08003018   0x08003018   0x00000012   Code   RO          159    .text.Timer_10ms_Init  common_functions.o
    0x0800302a   0x0800302a   0x00000002   PAD
    0x0800302c   0x0800302c   0x0000000c   Code   RO          165    .text.Timer_10ms_Reset  common_functions.o
    0x08003038   0x08003038   0x00000010   Code   RO          167    .text.Timer_10ms_Restart  common_functions.o
    0x08003048   0x08003048   0x00000006   Code   RO          163    .text.Timer_10ms_Start  common_functions.o
    0x0800304e   0x0800304e   0x00000002   PAD
    0x08003050   0x08003050   0x00000006   Code   RO          169    .text.Timer_10ms_Stop  common_functions.o
    0x08003056   0x08003056   0x00000002   PAD
    0x08003058   0x08003058   0x0000006c   Code   RO          171    .text.Timer_10ms_Tick  common_functions.o
    0x080030c4   0x080030c4   0x00000002   Code   RO          356    .text.UsageFault_Handler  stm32f4xx_it.o
    0x080030c6   0x080030c6   0x00000002   PAD
    0x080030c8   0x080030c8   0x0000000e   Code   RO            2    .text.main          main.o
    0x080030d6   0x080030d6   0x0000001a   Code   RO         1731    x$fpl$fpinit        fz_wm.l(fpinit.o)
    0x080030f0   0x080030f0   0x00000010   Data   RO          549    .rodata.AHBPrescTable  system_stm32f4xx.o
    0x08003100   0x08003100   0x00000008   Data   RO          837    .rodata.cst8        stm32f4xx_hal_dma.o
    0x08003108   0x08003108   0x00000020   Data   RO         1792    Region$$Table       anon$$obj.o


    Execution Region RW_IRAM1 (Exec base: 0x20000000, Load base: 0x08003128, Size: 0x000008f0, Max: 0x00009000, ABSOLUTE)

    Exec Addr    Load Addr    Size         Type   Attr      Idx    E Section Name        Object

    0x20000000   0x08003128   0x00000004   Data   RW          548    .data.SystemCoreClock  system_stm32f4xx.o
    0x20000004   0x0800312c   0x00000001   Data   RW         1009    .data.uwTickFreq    stm32f4xx_hal.o
    0x20000005   0x0800312d   0x00000003   PAD
    0x20000008   0x08003130   0x00000004   Data   RW         1008    .data.uwTickPrio    stm32f4xx_hal.o
    0x2000000c   0x08003134   0x00000004   PAD
    0x20000010        -       0x00000060   Zero   RW         1657    .bss                c_w.l(libspace.o)
    0x20000070        -       0x00000130   Zero   RW           23    .bss.CONTROL_UNIT   control_unit.o
    0x200001a0        -       0x00000048   Zero   RW          529    .bss.STM32_ADC1     stm32f4.o
    0x200001e8        -       0x00000060   Zero   RW          535    .bss.STM32_ADC1_DMA  stm32f4.o
    0x20000248        -       0x00000028   Zero   RW          530    .bss.STM32_CAN1     stm32f4.o
    0x20000270        -       0x00000028   Zero   RW          531    .bss.STM32_CAN2     stm32f4.o
    0x20000298        -       0x00000048   Zero   RW          532    .bss.STM32_TIM7     stm32f4.o
    0x200002e0        -       0x0000000c   Zero   RW          533    .bss.Watchdog       stm32f4.o
    0x200002ec        -       0x00000004   Zero   RW         1010    .bss.uwTick         stm32f4xx_hal.o
    0x200002f0        -       0x00000200   Zero   RW          559    HEAP                startup_stm32f405xx.o
    0x200004f0        -       0x00000400   Zero   RW          558    STACK               startup_stm32f405xx.o


==============================================================================

Image component sizes


      Code (inc. data)   RO Data    RW Data    ZI Data      Debug   Object Name

      1584          4          0          0          0      17681   accu_master_control_unit.o
        76          0          0          0          0       1938   can_bus.o
       170          0          0          0          0       2493   common_functions.o
        64          0          0          0        304       4642   control_unit.o
        14          0          0          0          0        430   main.o
       104          0          0          0          0      10706   mcu.o
        64         26        392          0       1536        892   startup_stm32f405xx.o
      1704         14          0          0        332      26218   stm32f4.o
       172          0          0          5          4       7304   stm32f4xx_hal.o
      1104          0          0          0          0      11352   stm32f4xx_hal_adc.o
      1636          6          0          0          0      13517   stm32f4xx_hal_can.o
       194          0          0          0          0      10473   stm32f4xx_hal_cortex.o
       872          4          8          0          0       9861   stm32f4xx_hal_dma.o
       430          0          0          0          0       5122   stm32f4xx_hal_gpio.o
        12          0          0          0          0       1673   stm32f4xx_hal_iwdg.o
       516          0          0          0          0      12458   stm32f4xx_hal_msp.o
      1308          0          0          0          0       7352   stm32f4xx_hal_rcc.o
       922          0          0          0          0      56517   stm32f4xx_hal_tim.o
       192          0          0          0          0      21597   stm32f4xx_hal_tim_ex.o
       150          0          0          0          0       4304   stm32f4xx_it.o
        18          0         16          4          0       2723   system_stm32f4xx.o

    ----------------------------------------------------------------------
     11466         54        448         12       2180     229253   Object Totals
         0          0         32          0          0          0   (incl. Generated)
       160          0          0          3          4          0   (incl. Padding)

    ----------------------------------------------------------------------

      Code (inc. data)   RO Data    RW Data    ZI Data      Debug   Library Member Name

         8          0          0          0          0         68   __main.o
         0          0          0          0          0          0   __rtentry.o
        12          0          0          0          0          0   __rtentry2.o
         6          0          0          0          0          0   __rtentry4.o
        94          8          0          0          0          0   __scatter.o
        26          0          0          0          0          0   __scatter_copy.o
        28          0          0          0          0          0   __scatter_zi.o
        18          0          0          0          0         80   exit.o
         6          0          0          0          0        152   heapauxi.o
         0          0          0          0          0          0   indicate_semi.o
         2          0          0          0          0          0   libinit.o
         6          0          0          0          0          0   libinit2.o
         2          0          0          0          0          0   libshutdown.o
         2          0          0          0          0          0   libshutdown2.o
         8          4          0          0         96         68   libspace.o
       240          0          0          0          0        100   lludivv7m.o
        78          0          0          0          0         80   rt_memclr_w.o
         2          0          0          0          0          0   rtexit.o
        10          0          0          0          0          0   rtexit2.o
        12          4          0          0          0         68   sys_exit.o
        74          0          0          0          0         80   sys_stackheap_outer.o
         2          0          0          0          0         68   use_no_semi.o
        26          0          0          0          0        116   fpinit.o

    ----------------------------------------------------------------------
       670         16          0          0         96        880   Library Totals
         8          0          0          0          0          0   (incl. Padding)

    ----------------------------------------------------------------------

      Code (inc. data)   RO Data    RW Data    ZI Data      Debug   Library Name

       636         16          0          0         96        764   c_w.l
        26          0          0          0          0        116   fz_wm.l

    ----------------------------------------------------------------------
       670         16          0          0         96        880   Library Totals

    ----------------------------------------------------------------------

==============================================================================


      Code (inc. data)   RO Data    RW Data    ZI Data      Debug   

     12136         70        448         12       2276     229561   Grand Totals
     12136         70        448         12       2276     229561   ELF Image Totals
     12136         70        448         12          0          0   ROM Totals

==============================================================================

    Total RO  Size (Code + RO Data)                12584 (  12.29kB)
    Total RW  Size (RW Data + ZI Data)              2288 (   2.23kB)
    Total ROM Size (Code + RO Data + RW Data)      12596 (  12.30kB)

==============================================================================

